Archive member included to satisfy reference by file (symbol)

c:/progra~2/gnuarm~1/102021~1.10/bin/../lib/gcc/arm-none-eabi/10.3.1/thumb/v7-m/nofp\libgcc.a(_arm_muldf3.o)
                              CMakeFiles/UltrasonicWave.elf.dir/Core/Src/main.c.obj (__aeabi_dmul)
c:/progra~2/gnuarm~1/102021~1.10/bin/../lib/gcc/arm-none-eabi/10.3.1/thumb/v7-m/nofp\libgcc.a(_arm_addsubdf3.o)
                              CMakeFiles/UltrasonicWave.elf.dir/Core/Src/main.c.obj (__aeabi_f2d)
c:/progra~2/gnuarm~1/102021~1.10/bin/../lib/gcc/arm-none-eabi/10.3.1/thumb/v7-m/nofp\libgcc.a(_arm_muldivdf3.o)
                              CMakeFiles/UltrasonicWave.elf.dir/Core/Src/main.c.obj (__aeabi_ddiv)
c:/progra~2/gnuarm~1/102021~1.10/bin/../lib/gcc/arm-none-eabi/10.3.1/thumb/v7-m/nofp\libgcc.a(_arm_addsubsf3.o)
                              CMakeFiles/UltrasonicWave.elf.dir/Core/Src/main.c.obj (__aeabi_ui2f)
c:/progra~2/gnuarm~1/102021~1.10/bin/../lib/gcc/arm-none-eabi/10.3.1/../../../../arm-none-eabi/lib/thumb/v7-m/nofp\libg.a(lib_a-errno.o)
                              CMakeFiles/UltrasonicWave.elf.dir/Core/Src/syscalls.c.obj (__errno)
c:/progra~2/gnuarm~1/102021~1.10/bin/../lib/gcc/arm-none-eabi/10.3.1/../../../../arm-none-eabi/lib/thumb/v7-m/nofp\libg.a(lib_a-exit.o)
                              c:/progra~2/gnuarm~1/102021~1.10/bin/../lib/gcc/arm-none-eabi/10.3.1/../../../../arm-none-eabi/lib/thumb/v7-m/nofp/crt0.o (exit)
c:/progra~2/gnuarm~1/102021~1.10/bin/../lib/gcc/arm-none-eabi/10.3.1/../../../../arm-none-eabi/lib/thumb/v7-m/nofp\libg.a(lib_a-impure.o)
                              c:/progra~2/gnuarm~1/102021~1.10/bin/../lib/gcc/arm-none-eabi/10.3.1/../../../../arm-none-eabi/lib/thumb/v7-m/nofp\libg.a(lib_a-exit.o) (_global_impure_ptr)
c:/progra~2/gnuarm~1/102021~1.10/bin/../lib/gcc/arm-none-eabi/10.3.1/../../../../arm-none-eabi/lib/thumb/v7-m/nofp\libg.a(lib_a-init.o)
                              c:/progra~2/gnuarm~1/102021~1.10/bin/../lib/gcc/arm-none-eabi/10.3.1/../../../../arm-none-eabi/lib/thumb/v7-m/nofp/crt0.o (__libc_init_array)
c:/progra~2/gnuarm~1/102021~1.10/bin/../lib/gcc/arm-none-eabi/10.3.1/../../../../arm-none-eabi/lib/thumb/v7-m/nofp\libg.a(lib_a-memset.o)
                              c:/progra~2/gnuarm~1/102021~1.10/bin/../lib/gcc/arm-none-eabi/10.3.1/../../../../arm-none-eabi/lib/thumb/v7-m/nofp/crt0.o (memset)
c:/progra~2/gnuarm~1/102021~1.10/bin/../lib/gcc/arm-none-eabi/10.3.1/../../../../arm-none-eabi/lib/thumb/v7-m/nofp\libg.a(lib_a-sprintf.o)
                              CMakeFiles/UltrasonicWave.elf.dir/Core/Src/main.c.obj (sprintf)
c:/progra~2/gnuarm~1/102021~1.10/bin/../lib/gcc/arm-none-eabi/10.3.1/../../../../arm-none-eabi/lib/thumb/v7-m/nofp\libg.a(lib_a-strlen-stub.o)
                              CMakeFiles/UltrasonicWave.elf.dir/Core/Src/main.c.obj (strlen)
c:/progra~2/gnuarm~1/102021~1.10/bin/../lib/gcc/arm-none-eabi/10.3.1/../../../../arm-none-eabi/lib/thumb/v7-m/nofp\libg.a(lib_a-svfprintf.o)
                              c:/progra~2/gnuarm~1/102021~1.10/bin/../lib/gcc/arm-none-eabi/10.3.1/../../../../arm-none-eabi/lib/thumb/v7-m/nofp\libg.a(lib_a-sprintf.o) (_svfprintf_r)
c:/progra~2/gnuarm~1/102021~1.10/bin/../lib/gcc/arm-none-eabi/10.3.1/../../../../arm-none-eabi/lib/thumb/v7-m/nofp\libg.a(lib_a-__call_atexit.o)
                              c:/progra~2/gnuarm~1/102021~1.10/bin/../lib/gcc/arm-none-eabi/10.3.1/../../../../arm-none-eabi/lib/thumb/v7-m/nofp\libg.a(lib_a-exit.o) (__call_exitprocs)
c:/progra~2/gnuarm~1/102021~1.10/bin/../lib/gcc/arm-none-eabi/10.3.1/../../../../arm-none-eabi/lib/thumb/v7-m/nofp\libg.a(lib_a-atexit.o)
                              c:/progra~2/gnuarm~1/102021~1.10/bin/../lib/gcc/arm-none-eabi/10.3.1/../../../../arm-none-eabi/lib/thumb/v7-m/nofp\libg.a(lib_a-__call_atexit.o) (atexit)
c:/progra~2/gnuarm~1/102021~1.10/bin/../lib/gcc/arm-none-eabi/10.3.1/../../../../arm-none-eabi/lib/thumb/v7-m/nofp\libg.a(lib_a-dtoa.o)
                              c:/progra~2/gnuarm~1/102021~1.10/bin/../lib/gcc/arm-none-eabi/10.3.1/../../../../arm-none-eabi/lib/thumb/v7-m/nofp\libg.a(lib_a-svfprintf.o) (_dtoa_r)
c:/progra~2/gnuarm~1/102021~1.10/bin/../lib/gcc/arm-none-eabi/10.3.1/../../../../arm-none-eabi/lib/thumb/v7-m/nofp\libg.a(lib_a-fini.o)
                              c:/progra~2/gnuarm~1/102021~1.10/bin/../lib/gcc/arm-none-eabi/10.3.1/../../../../arm-none-eabi/lib/thumb/v7-m/nofp\libg.a(lib_a-__call_atexit.o) (__libc_fini_array)
c:/progra~2/gnuarm~1/102021~1.10/bin/../lib/gcc/arm-none-eabi/10.3.1/../../../../arm-none-eabi/lib/thumb/v7-m/nofp\libg.a(lib_a-freer.o)
                              c:/progra~2/gnuarm~1/102021~1.10/bin/../lib/gcc/arm-none-eabi/10.3.1/../../../../arm-none-eabi/lib/thumb/v7-m/nofp\libg.a(lib_a-svfprintf.o) (_free_r)
c:/progra~2/gnuarm~1/102021~1.10/bin/../lib/gcc/arm-none-eabi/10.3.1/../../../../arm-none-eabi/lib/thumb/v7-m/nofp\libg.a(lib_a-localeconv.o)
[...]
Memory Configuration

Name             Origin             Length             Attributes
RAM              0x20000000         0x00005000         xrw
FLASH            0x08000000         0x00010000         xr
*default*        0x00000000         0xffffffff

Linker script and memory map

LOAD c:/progra~2/gnuarm~1/102021~1.10/bin/../lib/gcc/arm-none-eabi/10.3.1/thumb/v7-m/nofp/crti.o
LOAD c:/progra~2/gnuarm~1/102021~1.10/bin/../lib/gcc/arm-none-eabi/10.3.1/thumb/v7-m/nofp/crtbegin.o
LOAD c:/progra~2/gnuarm~1/102021~1.10/bin/../lib/gcc/arm-none-eabi/10.3.1/../../../../arm-none-eabi/lib/thumb/v7-m/nofp/crt0.o
LOAD CMakeFiles/UltrasonicWave.elf.dir/Core/Src/gpio.c.obj
LOAD CMakeFiles/UltrasonicWave.elf.dir/Core/Src/main.c.obj
LOAD CMakeFiles/UltrasonicWave.elf.dir/Core/Src/stm32f1xx_hal_msp.c.obj
LOAD CMakeFiles/UltrasonicWave.elf.dir/Core/Src/stm32f1xx_it.c.obj
LOAD CMakeFiles/UltrasonicWave.elf.dir/Core/Src/syscalls.c.obj
LOAD CMakeFiles/UltrasonicWave.elf.dir/Core/Src/sysmem.c.obj
LOAD CMakeFiles/UltrasonicWave.elf.dir/Core/Src/system_stm32f1xx.c.obj
LOAD CMakeFiles/UltrasonicWave.elf.dir/Core/Src/tim.c.obj
LOAD CMakeFiles/UltrasonicWave.elf.dir/Core/Startup/startup_stm32f103c8tx.s.obj
LOAD CMakeFiles/UltrasonicWave.elf.dir/Drivers/STM32F1xx_HAL_Driver/Src/stm32f1xx_hal.c.obj
LOAD CMakeFiles/UltrasonicWave.elf.dir/Drivers/STM32F1xx_HAL_Driver/Src/stm32f1xx_hal_cortex.c.obj
LOAD CMakeFiles/UltrasonicWave.elf.dir/Drivers/STM32F1xx_HAL_Driver/Src/stm32f1xx_hal_dma.c.obj
LOAD CMakeFiles/UltrasonicWave.elf.dir/Drivers/STM32F1xx_HAL_Driver/Src/stm32f1xx_hal_exti.c.obj
LOAD CMakeFiles/UltrasonicWave.elf.dir/Drivers/STM32F1xx_HAL_Driver/Src/stm32f1xx_hal_flash.c.obj
LOAD CMakeFiles/UltrasonicWave.elf.dir/Drivers/STM32F1xx_HAL_Driver/Src/stm32f1xx_hal_flash_ex.c.obj
LOAD CMakeFiles/UltrasonicWave.elf.dir/Drivers/STM32F1xx_HAL_Driver/Src/stm32f1xx_hal_gpio.c.obj
LOAD CMakeFiles/UltrasonicWave.elf.dir/Drivers/STM32F1xx_HAL_Driver/Src/stm32f1xx_hal_gpio_ex.c.obj
LOAD CMakeFiles/UltrasonicWave.elf.dir/Drivers/STM32F1xx_HAL_Driver/Src/stm32f1xx_hal_pcd.c.obj
LOAD CMakeFiles/UltrasonicWave.elf.dir/Drivers/STM32F1xx_HAL_Driver/Src/stm32f1xx_hal_pcd_ex.c.obj
LOAD CMakeFiles/UltrasonicWave.elf.dir/Drivers/STM32F1xx_HAL_Driver/Src/stm32f1xx_hal_pwr.c.obj
LOAD CMakeFiles/UltrasonicWave.elf.dir/Drivers/STM32F1xx_HAL_Driver/Src/stm32f1xx_hal_rcc.c.obj
LOAD CMakeFiles/UltrasonicWave.elf.dir/Drivers/STM32F1xx_HAL_Driver/Src/stm32f1xx_hal_rcc_ex.c.obj
LOAD CMakeFiles/UltrasonicWave.elf.dir/Drivers/STM32F1xx_HAL_Driver/Src/stm32f1xx_hal_tim.c.obj
LOAD CMakeFiles/UltrasonicWave.elf.dir/Drivers/STM32F1xx_HAL_Driver/Src/stm32f1xx_hal_tim_ex.c.obj
LOAD CMakeFiles/UltrasonicWave.elf.dir/Drivers/STM32F1xx_HAL_Driver/Src/stm32f1xx_ll_usb.c.obj
LOAD CMakeFiles/UltrasonicWave.elf.dir/Middlewares/ST/STM32_USB_Device_Library/Class/CDC/Src/usbd_cdc.c.obj
LOAD CMakeFiles/UltrasonicWave.elf.dir/Middlewares/ST/STM32_USB_Device_Library/Core/Src/usbd_core.c.obj
LOAD CMakeFiles/UltrasonicWave.elf.dir/Middlewares/ST/STM32_USB_Device_Library/Core/Src/usbd_ctlreq.c.obj
LOAD CMakeFiles/UltrasonicWave.elf.dir/Middlewares/ST/STM32_USB_Device_Library/Core/Src/usbd_ioreq.c.obj
LOAD CMakeFiles/UltrasonicWave.elf.dir/USB_DEVICE/App/usb_device.c.obj
LOAD CMakeFiles/UltrasonicWave.elf.dir/USB_DEVICE/App/usbd_cdc_if.c.obj
LOAD CMakeFiles/UltrasonicWave.elf.dir/USB_DEVICE/App/usbd_desc.c.obj
LOAD CMakeFiles/UltrasonicWave.elf.dir/USB_DEVICE/Target/usbd_conf.c.obj
START GROUP
LOAD c:/progra~2/gnuarm~1/102021~1.10/bin/../lib/gcc/arm-none-eabi/10.3.1/thumb/v7-m/nofp\libgcc.a
LOAD c:/progra~2/gnuarm~1/102021~1.10/bin/../lib/gcc/arm-none-eabi/10.3.1/../../../../arm-none-eabi/lib/thumb/v7-m/nofp\libg.a
LOAD c:/progra~2/gnuarm~1/102021~1.10/bin/../lib/gcc/arm-none-eabi/10.3.1/../../../../arm-none-eabi/lib/thumb/v7-m/nofp\libc.a
END GROUP
LOAD c:/progra~2/gnuarm~1/102021~1.10/bin/../lib/gcc/arm-none-eabi/10.3.1/thumb/v7-m/nofp/crtend.o
LOAD c:/progra~2/gnuarm~1/102021~1.10/bin/../lib/gcc/arm-none-eabi/10.3.1/thumb/v7-m/nofp/crtn.o
                0x20005000                _estack = (ORIGIN (RAM) + LENGTH (RAM))
                0x00000200                _Min_Heap_Size = 0x200
                0x00000400                _Min_Stack_Size = 0x400

.isr_vector     0x08000000      0x10c
                0x08000000                . = ALIGN (0x4)
 *(.isr_vector)
 .isr_vector    0x08000000      0x10c CMakeFiles/UltrasonicWave.elf.dir/Core/Startup/startup_stm32f103c8tx.s.obj
                0x08000000                g_pfnVectors
                0x0800010c                . = ALIGN (0x4)

.text           0x08000110     0xb334
                0x08000110                . = ALIGN (0x4)
 *(.text)
 .text          0x08000110       0x40 c:/progra~2/gnuarm~1/102021~1.10/bin/../lib/gcc/arm-none-eabi/10.3.1/thumb/v7-m/nofp/crtbegin.o
 .text          0x08000150      0x378 c:/progra~2/gnuarm~1/102021~1.10/bin/../lib/gcc/arm-none-eabi/10.3.1/thumb/v7-m/nofp\libgcc.a(_arm_addsubdf3.o)
                0x08000150                __aeabi_drsub
                0x08000158                __aeabi_dsub
                0x08000158                __subdf3
                0x0800015c                __aeabi_dadd
                0x0800015c                __adddf3
                0x080003d4                __floatunsidf
                0x080003d4                __aeabi_ui2d
                0x080003f4                __floatsidf
                0x080003f4                __aeabi_i2d
                0x08000418                __aeabi_f2d
                0x08000418                __extendsfdf2
                0x0800045c                __floatundidf
                0x0800045c                __aeabi_ul2d
                0x0800046c                __floatdidf
                0x0800046c                __aeabi_l2d
 .text          0x080004c8      0x424 c:/progra~2/gnuarm~1/102021~1.10/bin/../lib/gcc/arm-none-eabi/10.3.1/thumb/v7-m/nofp\libgcc.a(_arm_muldivdf3.o)
                0x080004c8                __aeabi_dmul
                0x080004c8                __muldf3
                0x0800071c                __divdf3
                0x0800071c                __aeabi_ddiv
 .text          0x080008ec      0x21c c:/progra~2/gnuarm~1/102021~1.10/bin/../lib/gcc/arm-none-eabi/10.3.1/thumb/v7-m/nofp\libgcc.a(_arm_addsubsf3.o)
                0x080008ec                __aeabi_frsub
                0x080008f4                __subsf3
                0x080008f4                __aeabi_fsub
                0x080008f8                __aeabi_fadd
                0x080008f8                __addsf3
                0x08000a58                __aeabi_ui2f
                0x08000a58                __floatunsisf
                0x08000a60                __aeabi_i2f
                0x08000a60                __floatsisf
                0x08000a7c                __aeabi_ul2f
                0x08000a7c                __floatundisf
                0x08000a8c                __aeabi_l2f
                0x08000a8c                __floatdisf
 .text          0x08000b08       0xec c:/progra~2/gnuarm~1/102021~1.10/bin/../lib/gcc/arm-none-eabi/10.3.1/../../../../arm-none-eabi/lib/thumb/v7-m/nofp\libg.a(lib_a-memcpy.o)
                0x08000b08                memcpy
 .text          0x08000bf4      0x110 c:/progra~2/gnuarm~1/102021~1.10/bin/../lib/gcc/arm-none-eabi/10.3.1/thumb/v7-m/nofp\libgcc.a(_arm_cmpdf2.o)
                0x08000bf4                __gtdf2
                0x08000bf4                __gedf2
                0x08000bfc                __ltdf2
                0x08000bfc                __ledf2
                0x08000c04                __nedf2
                0x08000c04                __eqdf2
                0x08000c04                __cmpdf2
                0x08000c80                __aeabi_cdrcmple
                0x08000c90                __aeabi_cdcmpeq
                0x08000c90                __aeabi_cdcmple
                0x08000ca0                __aeabi_dcmpeq
                0x08000cb4                __aeabi_dcmplt
                0x08000cc8                __aeabi_dcmple
                0x08000cdc                __aeabi_dcmpge
                0x08000cf0                __aeabi_dcmpgt
 .text          0x08000d04       0x2c c:/progra~2/gnuarm~1/102021~1.10/bin/../lib/gcc/arm-none-eabi/10.3.1/thumb/v7-m/nofp\libgcc.a(_arm_unorddf2.o)
                0x08000d04                __unorddf2
                0x08000d04                __aeabi_dcmpun
 .text          0x08000d30       0x50 c:/progra~2/gnuarm~1/102021~1.10/bin/../lib/gcc/arm-none-eabi/10.3.1/thumb/v7-m/nofp\libgcc.a(_arm_fixdfsi.o)
                0x08000d30                __aeabi_d2iz
                0x08000d30                __fixdfsi
 .text          0x08000d80       0x30 c:/progra~2/gnuarm~1/102021~1.10/bin/../lib/gcc/arm-none-eabi/10.3.1/thumb/v7-m/nofp\libgcc.a(_aeabi_uldivmod.o)
                0x08000d80                __aeabi_uldivmod
 .text          0x08000db0      0x2d4 c:/progra~2/gnuarm~1/102021~1.10/bin/../lib/gcc/arm-none-eabi/10.3.1/thumb/v7-m/nofp\libgcc.a(_udivmoddi4.o)
                0x08000db0                __udivmoddi4
 .text          0x08001084        0x4 c:/progra~2/gnuarm~1/102021~1.10/bin/../lib/gcc/arm-none-eabi/10.3.1/thumb/v7-m/nofp\libgcc.a(_dvmd_tls.o)
                0x08001084                __aeabi_idiv0
                0x08001084                __aeabi_ldiv0
 *(.text*)
 .text.MX_GPIO_Init
                0x08001088       0x98 CMakeFiles/UltrasonicWave.elf.dir/Core/Src/gpio.c.obj
                0x08001088                MX_GPIO_Init
 .text.HAL_GPIO_EXTI_Callback
                0x08001120       0x68 CMakeFiles/UltrasonicWave.elf.dir/Core/Src/gpio.c.obj
                0x08001120                HAL_GPIO_EXTI_Callback
 .text.delay_us
                0x08001188       0x40 CMakeFiles/UltrasonicWave.elf.dir/Core/Src/main.c.obj
                0x08001188                delay_us
 .text.Error_Handler
                0x080011c8        0x4 CMakeFiles/UltrasonicWave.elf.dir/Core/Src/main.c.obj
                0x080011c8                Error_Handler
 .text.SystemClock_Config
                0x080011cc       0x82 CMakeFiles/UltrasonicWave.elf.dir/Core/Src/main.c.obj
                0x080011cc                SystemClock_Config
 *fill*         0x0800124e        0x2 
 .text.main     0x08001250       0xf4 CMakeFiles/UltrasonicWave.elf.dir/Core/Src/main.c.obj
                0x08001250                main
 .text.HAL_MspInit
                0x08001344       0x44 CMakeFiles/UltrasonicWave.elf.dir/Core/Src/stm32f1xx_hal_msp.c.obj
                0x08001344                HAL_MspInit
 .text.NMI_Handler
                0x08001388        0x2 CMakeFiles/UltrasonicWave.elf.dir/Core/Src/stm32f1xx_it.c.obj
                0x08001388                NMI_Handler
 .text.HardFault_Handler
                0x0800138a        0x2 CMakeFiles/UltrasonicWave.elf.dir/Core/Src/stm32f1xx_it.c.obj
                0x0800138a                HardFault_Handler
 .text.MemManage_Handler
                0x0800138c        0x2 CMakeFiles/UltrasonicWave.elf.dir/Core/Src/stm32f1xx_it.c.obj
                0x0800138c                MemManage_Handler
 .text.BusFault_Handler
                0x0800138e        0x2 CMakeFiles/UltrasonicWave.elf.dir/Core/Src/stm32f1xx_it.c.obj
                0x0800138e                BusFault_Handler
 .text.UsageFault_Handler
                0x08001390        0x2 CMakeFiles/UltrasonicWave.elf.dir/Core/Src/stm32f1xx_it.c.obj
                0x08001390                UsageFault_Handler
 .text.SVC_Handler
                0x08001392        0x2 CMakeFiles/UltrasonicWave.elf.dir/Core/Src/stm32f1xx_it.c.obj
                0x08001392                SVC_Handler
 .text.DebugMon_Handler
                0x08001394        0x2 CMakeFiles/UltrasonicWave.elf.dir/Core/Src/stm32f1xx_it.c.obj
                0x08001394                DebugMon_Handler
 .text.PendSV_Handler
                0x08001396        0x2 CMakeFiles/UltrasonicWave.elf.dir/Core/Src/stm32f1xx_it.c.obj
                0x08001396                PendSV_Handler
 .text.SysTick_Handler
                0x08001398        0x8 CMakeFiles/UltrasonicWave.elf.dir/Core/Src/stm32f1xx_it.c.obj
                0x08001398                SysTick_Handler
 .text.EXTI1_IRQHandler
                0x080013a0        0xa CMakeFiles/UltrasonicWave.elf.dir/Core/Src/stm32f1xx_it.c.obj
                0x080013a0                EXTI1_IRQHandler
 *fill*         0x080013aa        0x2 
 .text.USB_LP_CAN1_RX0_IRQHandler
                0x080013ac       0x10 CMakeFiles/UltrasonicWave.elf.dir/Core/Src/stm32f1xx_it.c.obj
                0x080013ac                USB_LP_CAN1_RX0_IRQHandler
 .text._getpid  0x080013bc        0x4 CMakeFiles/UltrasonicWave.elf.dir/Core/Src/syscalls.c.obj
                0x080013bc                _getpid
 .text._kill    0x080013c0       0x10 CMakeFiles/UltrasonicWave.elf.dir/Core/Src/syscalls.c.obj
                0x080013c0                _kill
 .text._exit    0x080013d0        0xc CMakeFiles/UltrasonicWave.elf.dir/Core/Src/syscalls.c.obj
                0x080013d0                _exit
 .text._read    0x080013dc       0x20 CMakeFiles/UltrasonicWave.elf.dir/Core/Src/syscalls.c.obj
                0x080013dc                _read
 .text._write   0x080013fc       0x1c CMakeFiles/UltrasonicWave.elf.dir/Core/Src/syscalls.c.obj
                0x080013fc                _write
 .text._close   0x08001418        0x6 CMakeFiles/UltrasonicWave.elf.dir/Core/Src/syscalls.c.obj
                0x08001418                _close
 .text._fstat   0x0800141e        0xa CMakeFiles/UltrasonicWave.elf.dir/Core/Src/syscalls.c.obj
                0x0800141e                _fstat
 .text._isatty  0x08001428        0x4 CMakeFiles/UltrasonicWave.elf.dir/Core/Src/syscalls.c.obj
                0x08001428                _isatty
 .text._lseek   0x0800142c        0x4 CMakeFiles/UltrasonicWave.elf.dir/Core/Src/syscalls.c.obj
                0x0800142c                _lseek
 .text._sbrk    0x08001430       0x48 CMakeFiles/UltrasonicWave.elf.dir/Core/Src/sysmem.c.obj
                0x08001430                _sbrk
 .text.SystemInit
                0x08001478        0x2 CMakeFiles/UltrasonicWave.elf.dir/Core/Src/system_stm32f1xx.c.obj
                0x08001478                SystemInit
 *fill*         0x0800147a        0x2 
 .text.MX_TIM1_Init
                0x0800147c       0x70 CMakeFiles/UltrasonicWave.elf.dir/Core/Src/tim.c.obj
                0x0800147c                MX_TIM1_Init
 .text.HAL_TIM_Base_MspInit
                0x080014ec       0x2c CMakeFiles/UltrasonicWave.elf.dir/Core/Src/tim.c.obj
                0x080014ec                HAL_TIM_Base_MspInit
 .text.Reset_Handler
                0x08001518       0x48 CMakeFiles/UltrasonicWave.elf.dir/Core/Startup/startup_stm32f103c8tx.s.obj
                0x08001518                Reset_Handler
 .text.Default_Handler
                0x08001560        0x2 CMakeFiles/UltrasonicWave.elf.dir/Core/Startup/startup_stm32f103c8tx.s.obj
                0x08001560                RTC_Alarm_IRQHandler
                0x08001560                EXTI2_IRQHandler
                0x08001560                TIM1_CC_IRQHandler
                0x08001560                PVD_IRQHandler
                0x08001560                EXTI3_IRQHandler
                0x08001560                EXTI0_IRQHandler
                0x08001560                I2C2_EV_IRQHandler
                0x08001560                ADC1_2_IRQHandler
                0x08001560                SPI1_IRQHandler
                0x08001560                TAMPER_IRQHandler
                0x08001560                DMA1_Channel4_IRQHandler
                0x08001560                USART3_IRQHandler
                0x08001560                RTC_IRQHandler
                0x08001560                DMA1_Channel7_IRQHandler
                0x08001560                CAN1_RX1_IRQHandler
                0x08001560                TIM4_IRQHandler
                0x08001560                I2C1_EV_IRQHandler
                0x08001560                DMA1_Channel6_IRQHandler
                0x08001560                TIM3_IRQHandler
                0x08001560                RCC_IRQHandler
                0x08001560                TIM1_TRG_COM_IRQHandler
                0x08001560                DMA1_Channel1_IRQHandler
                0x08001560                Default_Handler
                0x08001560                EXTI15_10_IRQHandler
                0x08001560                EXTI9_5_IRQHandler
                0x08001560                SPI2_IRQHandler
                0x08001560                DMA1_Channel5_IRQHandler
                0x08001560                EXTI4_IRQHandler
                0x08001560                USB_HP_CAN1_TX_IRQHandler
                0x08001560                DMA1_Channel3_IRQHandler
                0x08001560                TIM1_UP_IRQHandler
                0x08001560                WWDG_IRQHandler
                0x08001560                TIM2_IRQHandler
                0x08001560                TIM1_BRK_IRQHandler
                0x08001560                USART2_IRQHandler
                0x08001560                I2C2_ER_IRQHandler
                0x08001560                DMA1_Channel2_IRQHandler
                0x08001560                CAN1_SCE_IRQHandler
                0x08001560                FLASH_IRQHandler
                0x08001560                USART1_IRQHandler
                0x08001560                I2C1_ER_IRQHandler
                0x08001560                USBWakeUp_IRQHandler
 *fill*         0x08001562        0x2 
 .text.HAL_InitTick
                0x08001564       0x4c CMakeFiles/UltrasonicWave.elf.dir/Drivers/STM32F1xx_HAL_Driver/Src/stm32f1xx_hal.c.obj
                0x08001564                HAL_InitTick
 .text.HAL_Init
                0x080015b0       0x24 CMakeFiles/UltrasonicWave.elf.dir/Drivers/STM32F1xx_HAL_Driver/Src/stm32f1xx_hal.c.obj
                0x080015b0                HAL_Init
 .text.HAL_IncTick
                0x080015d4       0x18 CMakeFiles/UltrasonicWave.elf.dir/Drivers/STM32F1xx_HAL_Driver/Src/stm32f1xx_hal.c.obj
                0x080015d4                HAL_IncTick
 .text.HAL_GetTick
                0x080015ec        0xc CMakeFiles/UltrasonicWave.elf.dir/Drivers/STM32F1xx_HAL_Driver/Src/stm32f1xx_hal.c.obj
                0x080015ec                HAL_GetTick
 .text.HAL_Delay
                0x080015f8       0x28 CMakeFiles/UltrasonicWave.elf.dir/Drivers/STM32F1xx_HAL_Driver/Src/stm32f1xx_hal.c.obj
                0x080015f8                HAL_Delay
 .text.HAL_NVIC_SetPriorityGrouping
                0x08001620       0x24 CMakeFiles/UltrasonicWave.elf.dir/Drivers/STM32F1xx_HAL_Driver/Src/stm32f1xx_hal_cortex.c.obj
                0x08001620                HAL_NVIC_SetPriorityGrouping
 .text.HAL_NVIC_SetPriority
                0x08001644       0x70 CMakeFiles/UltrasonicWave.elf.dir/Drivers/STM32F1xx_HAL_Driver/Src/stm32f1xx_hal_cortex.c.obj
                0x08001644                HAL_NVIC_SetPriority
 .text.HAL_NVIC_EnableIRQ
                0x080016b4       0x1c CMakeFiles/UltrasonicWave.elf.dir/Drivers/STM32F1xx_HAL_Driver/Src/stm32f1xx_hal_cortex.c.obj
                0x080016b4                HAL_NVIC_EnableIRQ
 .text.HAL_NVIC_DisableIRQ
                0x080016d0       0x24 CMakeFiles/UltrasonicWave.elf.dir/Drivers/STM32F1xx_HAL_Driver/Src/stm32f1xx_hal_cortex.c.obj
                0x080016d0                HAL_NVIC_DisableIRQ
 .text.HAL_SYSTICK_Config
                0x080016f4       0x28 CMakeFiles/UltrasonicWave.elf.dir/Drivers/STM32F1xx_HAL_Driver/Src/stm32f1xx_hal_cortex.c.obj
                0x080016f4                HAL_SYSTICK_Config
 .text.HAL_NVIC_ClearPendingIRQ
                0x0800171c       0x1c CMakeFiles/UltrasonicWave.elf.dir/Drivers/STM32F1xx_HAL_Driver/Src/stm32f1xx_hal_cortex.c.obj
                0x0800171c                HAL_NVIC_ClearPendingIRQ
 .text.HAL_GPIO_Init
                0x08001738      0x224 CMakeFiles/UltrasonicWave.elf.dir/Drivers/STM32F1xx_HAL_Driver/Src/stm32f1xx_hal_gpio.c.obj
                0x08001738                HAL_GPIO_Init
 .text.HAL_GPIO_ReadPin
                0x0800195c        0xe CMakeFiles/UltrasonicWave.elf.dir/Drivers/STM32F1xx_HAL_Driver/Src/stm32f1xx_hal_gpio.c.obj
                0x0800195c                HAL_GPIO_ReadPin
 .text.HAL_GPIO_WritePin
                0x0800196a        0xc CMakeFiles/UltrasonicWave.elf.dir/Drivers/STM32F1xx_HAL_Driver/Src/stm32f1xx_hal_gpio.c.obj
                0x0800196a                HAL_GPIO_WritePin
 *fill*         0x08001976        0x2 
 .text.HAL_GPIO_EXTI_IRQHandler
                0x08001978       0x1c CMakeFiles/UltrasonicWave.elf.dir/Drivers/STM32F1xx_HAL_Driver/Src/stm32f1xx_hal_gpio.c.obj
                0x08001978                HAL_GPIO_EXTI_IRQHandler
 .text.HAL_PCD_EP_DB_Receive
                0x08001994      0x11c CMakeFiles/UltrasonicWave.elf.dir/Drivers/STM32F1xx_HAL_Driver/Src/stm32f1xx_hal_pcd.c.obj
 .text.HAL_PCD_Init
                0x08001ab0      0x118 CMakeFiles/UltrasonicWave.elf.dir/Drivers/STM32F1xx_HAL_Driver/Src/stm32f1xx_hal_pcd.c.obj
                0x08001ab0                HAL_PCD_Init
 .text.HAL_PCD_Start
                0x08001bc8       0x32 CMakeFiles/UltrasonicWave.elf.dir/Drivers/STM32F1xx_HAL_Driver/Src/stm32f1xx_hal_pcd.c.obj
                0x08001bc8                HAL_PCD_Start
 .text.HAL_PCD_EP_DB_Transmit
                0x08001bfa      0x420 CMakeFiles/UltrasonicWave.elf.dir/Drivers/STM32F1xx_HAL_Driver/Src/stm32f1xx_hal_pcd.c.obj
 .text.PCD_EP_ISR_Handler
                0x0800201a      0x438 CMakeFiles/UltrasonicWave.elf.dir/Drivers/STM32F1xx_HAL_Driver/Src/stm32f1xx_hal_pcd.c.obj
 .text.HAL_PCD_SetAddress
                0x08002452       0x28 CMakeFiles/UltrasonicWave.elf.dir/Drivers/STM32F1xx_HAL_Driver/Src/stm32f1xx_hal_pcd.c.obj
                0x08002452                HAL_PCD_SetAddress
 .text.HAL_PCD_IRQHandler
                0x0800247a      0x1d4 CMakeFiles/UltrasonicWave.elf.dir/Drivers/STM32F1xx_HAL_Driver/Src/stm32f1xx_hal_pcd.c.obj
                0x0800247a                HAL_PCD_IRQHandler
 .text.HAL_PCD_EP_Open
                0x0800264e       0x84 CMakeFiles/UltrasonicWave.elf.dir/Drivers/STM32F1xx_HAL_Driver/Src/stm32f1xx_hal_pcd.c.obj
                0x0800264e                HAL_PCD_EP_Open
 .text.HAL_PCD_EP_Close
                0x080026d2       0x64 CMakeFiles/UltrasonicWave.elf.dir/Drivers/STM32F1xx_HAL_Driver/Src/stm32f1xx_hal_pcd.c.obj
                0x080026d2                HAL_PCD_EP_Close
 .text.HAL_PCD_EP_Receive
                0x08002736       0x44 CMakeFiles/UltrasonicWave.elf.dir/Drivers/STM32F1xx_HAL_Driver/Src/stm32f1xx_hal_pcd.c.obj
                0x08002736                HAL_PCD_EP_Receive
 .text.HAL_PCD_EP_GetRxCount
                0x0800277a       0x12 CMakeFiles/UltrasonicWave.elf.dir/Drivers/STM32F1xx_HAL_Driver/Src/stm32f1xx_hal_pcd.c.obj
                0x0800277a                HAL_PCD_EP_GetRxCount
 .text.HAL_PCD_EP_Transmit
                0x0800278c       0x50 CMakeFiles/UltrasonicWave.elf.dir/Drivers/STM32F1xx_HAL_Driver/Src/stm32f1xx_hal_pcd.c.obj
                0x0800278c                HAL_PCD_EP_Transmit
 .text.HAL_PCD_EP_SetStall
                0x080027dc       0x78 CMakeFiles/UltrasonicWave.elf.dir/Drivers/STM32F1xx_HAL_Driver/Src/stm32f1xx_hal_pcd.c.obj
                0x080027dc                HAL_PCD_EP_SetStall
 .text.HAL_PCD_EP_ClrStall
                0x08002854       0x76 CMakeFiles/UltrasonicWave.elf.dir/Drivers/STM32F1xx_HAL_Driver/Src/stm32f1xx_hal_pcd.c.obj
                0x08002854                HAL_PCD_EP_ClrStall
 .text.HAL_PCDEx_PMAConfig
                0x080028ca       0x38 CMakeFiles/UltrasonicWave.elf.dir/Drivers/STM32F1xx_HAL_Driver/Src/stm32f1xx_hal_pcd_ex.c.obj
                0x080028ca                HAL_PCDEx_PMAConfig
 *fill*         0x08002902        0x2 
 .text.RCC_Delay
                0x08002904       0x2c CMakeFiles/UltrasonicWave.elf.dir/Drivers/STM32F1xx_HAL_Driver/Src/stm32f1xx_hal_rcc.c.obj
 .text.HAL_RCC_OscConfig
                0x08002930      0x410 CMakeFiles/UltrasonicWave.elf.dir/Drivers/STM32F1xx_HAL_Driver/Src/stm32f1xx_hal_rcc.c.obj
                0x08002930                HAL_RCC_OscConfig
 .text.HAL_RCC_GetSysClockFreq
                0x08002d40       0x70 CMakeFiles/UltrasonicWave.elf.dir/Drivers/STM32F1xx_HAL_Driver/Src/stm32f1xx_hal_rcc.c.obj
                0x08002d40                HAL_RCC_GetSysClockFreq
 .text.HAL_RCC_ClockConfig
                0x08002db0      0x16c CMakeFiles/UltrasonicWave.elf.dir/Drivers/STM32F1xx_HAL_Driver/Src/stm32f1xx_hal_rcc.c.obj
                0x08002db0                HAL_RCC_ClockConfig
 .text.HAL_RCC_GetHCLKFreq
                0x08002f1c        0xc CMakeFiles/UltrasonicWave.elf.dir/Drivers/STM32F1xx_HAL_Driver/Src/stm32f1xx_hal_rcc.c.obj
                0x08002f1c                HAL_RCC_GetHCLKFreq
 .text.HAL_RCCEx_PeriphCLKConfig
                0x08002f28      0x118 CMakeFiles/UltrasonicWave.elf.dir/Drivers/STM32F1xx_HAL_Driver/Src/stm32f1xx_hal_rcc_ex.c.obj
                0x08002f28                HAL_RCCEx_PeriphCLKConfig
 .text.TIM_TI1_ConfigInputStage
                0x08003040       0x24 CMakeFiles/UltrasonicWave.elf.dir/Drivers/STM32F1xx_HAL_Driver/Src/stm32f1xx_hal_tim.c.obj
 .text.TIM_TI2_ConfigInputStage
                0x08003064       0x26 CMakeFiles/UltrasonicWave.elf.dir/Drivers/STM32F1xx_HAL_Driver/Src/stm32f1xx_hal_tim.c.obj
 .text.TIM_ITRx_SetConfig
                0x0800308a       0x10 CMakeFiles/UltrasonicWave.elf.dir/Drivers/STM32F1xx_HAL_Driver/Src/stm32f1xx_hal_tim.c.obj
 *fill*         0x0800309a        0x2 
 .text.HAL_TIM_Base_Start
                0x0800309c       0x5c CMakeFiles/UltrasonicWave.elf.dir/Drivers/STM32F1xx_HAL_Driver/Src/stm32f1xx_hal_tim.c.obj
                0x0800309c                HAL_TIM_Base_Start
 .text.HAL_TIM_Base_Stop
                0x080030f8       0x28 CMakeFiles/UltrasonicWave.elf.dir/Drivers/STM32F1xx_HAL_Driver/Src/stm32f1xx_hal_tim.c.obj
                0x080030f8                HAL_TIM_Base_Stop
 .text.TIM_Base_SetConfig
                0x08003120       0x74 CMakeFiles/UltrasonicWave.elf.dir/Drivers/STM32F1xx_HAL_Driver/Src/stm32f1xx_hal_tim.c.obj
                0x08003120                TIM_Base_SetConfig
 .text.HAL_TIM_Base_Init
                0x08003194       0x58 CMakeFiles/UltrasonicWave.elf.dir/Drivers/STM32F1xx_HAL_Driver/Src/stm32f1xx_hal_tim.c.obj
                0x08003194                HAL_TIM_Base_Init
 .text.TIM_ETR_SetConfig
                0x080031ec       0x18 CMakeFiles/UltrasonicWave.elf.dir/Drivers/STM32F1xx_HAL_Driver/Src/stm32f1xx_hal_tim.c.obj
                0x080031ec                TIM_ETR_SetConfig
 .text.HAL_TIM_ConfigClockSource
                0x08003204       0xda CMakeFiles/UltrasonicWave.elf.dir/Drivers/STM32F1xx_HAL_Driver/Src/stm32f1xx_hal_tim.c.obj
                0x08003204                HAL_TIM_ConfigClockSource
 *fill*         0x080032de        0x2 
 .text.HAL_TIMEx_MasterConfigSynchronization
                0x080032e0       0x6c CMakeFiles/UltrasonicWave.elf.dir/Drivers/STM32F1xx_HAL_Driver/Src/stm32f1xx_hal_tim_ex.c.obj
                0x080032e0                HAL_TIMEx_MasterConfigSynchronization
 .text.USB_CoreInit
                0x0800334c        0xe CMakeFiles/UltrasonicWave.elf.dir/Drivers/STM32F1xx_HAL_Driver/Src/stm32f1xx_ll_usb.c.obj
                0x0800334c                USB_CoreInit
 .text.USB_EnableGlobalInt
                0x0800335a       0x12 CMakeFiles/UltrasonicWave.elf.dir/Drivers/STM32F1xx_HAL_Driver/Src/stm32f1xx_ll_usb.c.obj
                0x0800335a                USB_EnableGlobalInt
 .text.USB_DisableGlobalInt
                0x0800336c       0x14 CMakeFiles/UltrasonicWave.elf.dir/Drivers/STM32F1xx_HAL_Driver/Src/stm32f1xx_ll_usb.c.obj
                0x0800336c                USB_DisableGlobalInt
 .text.USB_SetCurrentMode
                0x08003380        0x4 CMakeFiles/UltrasonicWave.elf.dir/Drivers/STM32F1xx_HAL_Driver/Src/stm32f1xx_ll_usb.c.obj
                0x08003380                USB_SetCurrentMode
 .text.USB_DevInit
                0x08003384       0x22 CMakeFiles/UltrasonicWave.elf.dir/Drivers/STM32F1xx_HAL_Driver/Src/stm32f1xx_ll_usb.c.obj
                0x08003384                USB_DevInit
 .text.USB_ActivateEndpoint
                0x080033a6      0x378 CMakeFiles/UltrasonicWave.elf.dir/Drivers/STM32F1xx_HAL_Driver/Src/stm32f1xx_ll_usb.c.obj
                0x080033a6                USB_ActivateEndpoint
 .text.USB_DeactivateEndpoint
                0x0800371e      0x1d6 CMakeFiles/UltrasonicWave.elf.dir/Drivers/STM32F1xx_HAL_Driver/Src/stm32f1xx_ll_usb.c.obj
                0x0800371e                USB_DeactivateEndpoint
 .text.USB_EPSetStall
                0x080038f4       0x4a CMakeFiles/UltrasonicWave.elf.dir/Drivers/STM32F1xx_HAL_Driver/Src/stm32f1xx_ll_usb.c.obj
                0x080038f4                USB_EPSetStall
 .text.USB_EPClearStall
                0x0800393e       0xa2 CMakeFiles/UltrasonicWave.elf.dir/Drivers/STM32F1xx_HAL_Driver/Src/stm32f1xx_ll_usb.c.obj
                0x0800393e                USB_EPClearStall
 .text.USB_SetDevAddress
                0x080039e0        0xc CMakeFiles/UltrasonicWave.elf.dir/Drivers/STM32F1xx_HAL_Driver/Src/stm32f1xx_ll_usb.c.obj
                0x080039e0                USB_SetDevAddress
 .text.USB_DevConnect
                0x080039ec        0x4 CMakeFiles/UltrasonicWave.elf.dir/Drivers/STM32F1xx_HAL_Driver/Src/stm32f1xx_ll_usb.c.obj
                0x080039ec                USB_DevConnect
 .text.USB_DevDisconnect
                0x080039f0        0x4 CMakeFiles/UltrasonicWave.elf.dir/Drivers/STM32F1xx_HAL_Driver/Src/stm32f1xx_ll_usb.c.obj
                0x080039f0                USB_DevDisconnect
 .text.USB_ReadInterrupts
                0x080039f4        0x8 CMakeFiles/UltrasonicWave.elf.dir/Drivers/STM32F1xx_HAL_Driver/Src/stm32f1xx_ll_usb.c.obj
                0x080039f4                USB_ReadInterrupts
 .text.USB_EP0_OutStart
                0x080039fc        0x4 CMakeFiles/UltrasonicWave.elf.dir/Drivers/STM32F1xx_HAL_Driver/Src/stm32f1xx_ll_usb.c.obj
                0x080039fc                USB_EP0_OutStart
 .text.USB_WritePMA
                0x08003a00       0x28 CMakeFiles/UltrasonicWave.elf.dir/Drivers/STM32F1xx_HAL_Driver/Src/stm32f1xx_ll_usb.c.obj
                0x08003a00                USB_WritePMA
 .text.USB_EPStartXfer
                0x08003a28      0x8b2 CMakeFiles/UltrasonicWave.elf.dir/Drivers/STM32F1xx_HAL_Driver/Src/stm32f1xx_ll_usb.c.obj
                0x08003a28                USB_EPStartXfer
 .text.USB_ReadPMA
                0x080042da       0x30 CMakeFiles/UltrasonicWave.elf.dir/Drivers/STM32F1xx_HAL_Driver/Src/stm32f1xx_ll_usb.c.obj
                0x080042da                USB_ReadPMA
 .text.USBD_CDC_EP0_RxReady
                0x0800430a       0x28 CMakeFiles/UltrasonicWave.elf.dir/Middlewares/ST/STM32_USB_Device_Library/Class/CDC/Src/usbd_cdc.c.obj
 *fill*         0x08004332        0x2 
 .text.USBD_CDC_GetFSCfgDesc
                0x08004334        0xc CMakeFiles/UltrasonicWave.elf.dir/Middlewares/ST/STM32_USB_Device_Library/Class/CDC/Src/usbd_cdc.c.obj
 .text.USBD_CDC_GetHSCfgDesc
                0x08004340        0xc CMakeFiles/UltrasonicWave.elf.dir/Middlewares/ST/STM32_USB_Device_Library/Class/CDC/Src/usbd_cdc.c.obj
 .text.USBD_CDC_GetOtherSpeedCfgDesc
                0x0800434c        0xc CMakeFiles/UltrasonicWave.elf.dir/Middlewares/ST/STM32_USB_Device_Library/Class/CDC/Src/usbd_cdc.c.obj
 .text.USBD_CDC_GetDeviceQualifierDescriptor
                0x08004358        0xc CMakeFiles/UltrasonicWave.elf.dir/Middlewares/ST/STM32_USB_Device_Library/Class/CDC/Src/usbd_cdc.c.obj
                0x08004358                USBD_CDC_GetDeviceQualifierDescriptor
 .text.USBD_CDC_DataOut
                0x08004364       0x2e CMakeFiles/UltrasonicWave.elf.dir/Middlewares/ST/STM32_USB_Device_Library/Class/CDC/Src/usbd_cdc.c.obj
 .text.USBD_CDC_DataIn
                0x08004392       0x4e CMakeFiles/UltrasonicWave.elf.dir/Middlewares/ST/STM32_USB_Device_Library/Class/CDC/Src/usbd_cdc.c.obj
 .text.USBD_CDC_Setup
                0x080043e0       0xd6 CMakeFiles/UltrasonicWave.elf.dir/Middlewares/ST/STM32_USB_Device_Library/Class/CDC/Src/usbd_cdc.c.obj
 .text.USBD_CDC_DeInit
                0x080044b6       0x42 CMakeFiles/UltrasonicWave.elf.dir/Middlewares/ST/STM32_USB_Device_Library/Class/CDC/Src/usbd_cdc.c.obj
 .text.USBD_CDC_Init
                0x080044f8       0xaa CMakeFiles/UltrasonicWave.elf.dir/Middlewares/ST/STM32_USB_Device_Library/Class/CDC/Src/usbd_cdc.c.obj
 .text.USBD_CDC_RegisterInterface
                0x080045a2        0xe CMakeFiles/UltrasonicWave.elf.dir/Middlewares/ST/STM32_USB_Device_Library/Class/CDC/Src/usbd_cdc.c.obj
                0x080045a2                USBD_CDC_RegisterInterface
 .text.USBD_CDC_SetTxBuffer
                0x080045b0       0x10 CMakeFiles/UltrasonicWave.elf.dir/Middlewares/ST/STM32_USB_Device_Library/Class/CDC/Src/usbd_cdc.c.obj
                0x080045b0                USBD_CDC_SetTxBuffer
 .text.USBD_CDC_SetRxBuffer
                0x080045c0        0xc CMakeFiles/UltrasonicWave.elf.dir/Middlewares/ST/STM32_USB_Device_Library/Class/CDC/Src/usbd_cdc.c.obj
                0x080045c0                USBD_CDC_SetRxBuffer
 .text.USBD_CDC_TransmitPacket
                0x080045cc       0x34 CMakeFiles/UltrasonicWave.elf.dir/Middlewares/ST/STM32_USB_Device_Library/Class/CDC/Src/usbd_cdc.c.obj
                0x080045cc                USBD_CDC_TransmitPacket
 .text.USBD_CDC_ReceivePacket
                0x08004600       0x30 CMakeFiles/UltrasonicWave.elf.dir/Middlewares/ST/STM32_USB_Device_Library/Class/CDC/Src/usbd_cdc.c.obj
                0x08004600                USBD_CDC_ReceivePacket
 .text.USBD_Init
                0x08004630       0x2e CMakeFiles/UltrasonicWave.elf.dir/Middlewares/ST/STM32_USB_Device_Library/Core/Src/usbd_core.c.obj
                0x08004630                USBD_Init
 .text.USBD_RegisterClass
                0x0800465e        0xe CMakeFiles/UltrasonicWave.elf.dir/Middlewares/ST/STM32_USB_Device_Library/Core/Src/usbd_core.c.obj
                0x0800465e                USBD_RegisterClass
 .text.USBD_Start
                0x0800466c        0xa CMakeFiles/UltrasonicWave.elf.dir/Middlewares/ST/STM32_USB_Device_Library/Core/Src/usbd_core.c.obj
                0x0800466c                USBD_Start
 .text.USBD_SetClassConfig
                0x08004676       0x18 CMakeFiles/UltrasonicWave.elf.dir/Middlewares/ST/STM32_USB_Device_Library/Core/Src/usbd_core.c.obj
                0x08004676                USBD_SetClassConfig
 .text.USBD_ClrClassConfig
                0x0800468e        0xe CMakeFiles/UltrasonicWave.elf.dir/Middlewares/ST/STM32_USB_Device_Library/Core/Src/usbd_core.c.obj
                0x0800468e                USBD_ClrClassConfig
 .text.USBD_LL_SetupStage
                0x0800469c       0x5a CMakeFiles/UltrasonicWave.elf.dir/Middlewares/ST/STM32_USB_Device_Library/Core/Src/usbd_core.c.obj
                0x0800469c                USBD_LL_SetupStage
 .text.USBD_LL_DataOutStage
                0x080046f6       0x8c CMakeFiles/UltrasonicWave.elf.dir/Middlewares/ST/STM32_USB_Device_Library/Core/Src/usbd_core.c.obj
                0x080046f6                USBD_LL_DataOutStage
 .text.USBD_LL_DataInStage
                0x08004782       0xd0 CMakeFiles/UltrasonicWave.elf.dir/Middlewares/ST/STM32_USB_Device_Library/Core/Src/usbd_core.c.obj
                0x08004782                USBD_LL_DataInStage
 .text.USBD_LL_Reset
                0x08004852       0x50 CMakeFiles/UltrasonicWave.elf.dir/Middlewares/ST/STM32_USB_Device_Library/Core/Src/usbd_core.c.obj
                0x08004852                USBD_LL_Reset
 .text.USBD_LL_SetSpeed
                0x080048a2        0x6 CMakeFiles/UltrasonicWave.elf.dir/Middlewares/ST/STM32_USB_Device_Library/Core/Src/usbd_core.c.obj
                0x080048a2                USBD_LL_SetSpeed
 .text.USBD_LL_Suspend
                0x080048a8       0x12 CMakeFiles/UltrasonicWave.elf.dir/Middlewares/ST/STM32_USB_Device_Library/Core/Src/usbd_core.c.obj
                0x080048a8                USBD_LL_Suspend
 .text.USBD_LL_Resume
                0x080048ba       0x16 CMakeFiles/UltrasonicWave.elf.dir/Middlewares/ST/STM32_USB_Device_Library/Core/Src/usbd_core.c.obj
                0x080048ba                USBD_LL_Resume
 .text.USBD_LL_SOF
                0x080048d0       0x1c CMakeFiles/UltrasonicWave.elf.dir/Middlewares/ST/STM32_USB_Device_Library/Core/Src/usbd_core.c.obj
                0x080048d0                USBD_LL_SOF
 .text.USBD_GetLen
                0x080048ec       0x14 CMakeFiles/UltrasonicWave.elf.dir/Middlewares/ST/STM32_USB_Device_Library/Core/Src/usbd_ctlreq.c.obj
 .text.USBD_SetFeature
                0x08004900       0x14 CMakeFiles/UltrasonicWave.elf.dir/Middlewares/ST/STM32_USB_Device_Library/Core/Src/usbd_ctlreq.c.obj
 .text.USBD_ParseSetupRequest
                0x08004914       0x28 CMakeFiles/UltrasonicWave.elf.dir/Middlewares/ST/STM32_USB_Device_Library/Core/Src/usbd_ctlreq.c.obj
                0x08004914                USBD_ParseSetupRequest
 .text.USBD_CtlError
                0x0800493c       0x14 CMakeFiles/UltrasonicWave.elf.dir/Middlewares/ST/STM32_USB_Device_Library/Core/Src/usbd_ctlreq.c.obj
                0x0800493c                USBD_CtlError
 .text.USBD_GetDescriptor
                0x08004950      0x186 CMakeFiles/UltrasonicWave.elf.dir/Middlewares/ST/STM32_USB_Device_Library/Core/Src/usbd_ctlreq.c.obj
 .text.USBD_SetAddress
                0x08004ad6       0x4e CMakeFiles/UltrasonicWave.elf.dir/Middlewares/ST/STM32_USB_Device_Library/Core/Src/usbd_ctlreq.c.obj
 .text.USBD_SetConfig
                0x08004b24       0xb0 CMakeFiles/UltrasonicWave.elf.dir/Middlewares/ST/STM32_USB_Device_Library/Core/Src/usbd_ctlreq.c.obj
 .text.USBD_GetConfig
                0x08004bd4       0x3e CMakeFiles/UltrasonicWave.elf.dir/Middlewares/ST/STM32_USB_Device_Library/Core/Src/usbd_ctlreq.c.obj
 .text.USBD_GetStatus
                0x08004c12       0x38 CMakeFiles/UltrasonicWave.elf.dir/Middlewares/ST/STM32_USB_Device_Library/Core/Src/usbd_ctlreq.c.obj
 .text.USBD_ClrFeature
                0x08004c4a       0x26 CMakeFiles/UltrasonicWave.elf.dir/Middlewares/ST/STM32_USB_Device_Library/Core/Src/usbd_ctlreq.c.obj
 .text.USBD_StdDevReq
                0x08004c70       0x68 CMakeFiles/UltrasonicWave.elf.dir/Middlewares/ST/STM32_USB_Device_Library/Core/Src/usbd_ctlreq.c.obj
                0x08004c70                USBD_StdDevReq
 .text.USBD_StdItfReq
                0x08004cd8       0x60 CMakeFiles/UltrasonicWave.elf.dir/Middlewares/ST/STM32_USB_Device_Library/Core/Src/usbd_ctlreq.c.obj
                0x08004cd8                USBD_StdItfReq
 .text.USBD_StdEPReq
                0x08004d38      0x1e2 CMakeFiles/UltrasonicWave.elf.dir/Middlewares/ST/STM32_USB_Device_Library/Core/Src/usbd_ctlreq.c.obj
                0x08004d38                USBD_StdEPReq
 .text.USBD_GetString
                0x08004f1a       0x3a CMakeFiles/UltrasonicWave.elf.dir/Middlewares/ST/STM32_USB_Device_Library/Core/Src/usbd_ctlreq.c.obj
                0x08004f1a                USBD_GetString
 .text.USBD_CtlSendData
                0x08004f54       0x1a CMakeFiles/UltrasonicWave.elf.dir/Middlewares/ST/STM32_USB_Device_Library/Core/Src/usbd_ioreq.c.obj
                0x08004f54                USBD_CtlSendData
 .text.USBD_CtlContinueSendData
                0x08004f6e       0x10 CMakeFiles/UltrasonicWave.elf.dir/Middlewares/ST/STM32_USB_Device_Library/Core/Src/usbd_ioreq.c.obj
                0x08004f6e                USBD_CtlContinueSendData
 .text.USBD_CtlPrepareRx
                0x08004f7e       0x1e CMakeFiles/UltrasonicWave.elf.dir/Middlewares/ST/STM32_USB_Device_Library/Core/Src/usbd_ioreq.c.obj
                0x08004f7e                USBD_CtlPrepareRx
 .text.USBD_CtlContinueRx
                0x08004f9c       0x10 CMakeFiles/UltrasonicWave.elf.dir/Middlewares/ST/STM32_USB_Device_Library/Core/Src/usbd_ioreq.c.obj
                0x08004f9c                USBD_CtlContinueRx
 .text.USBD_CtlSendStatus
                0x08004fac       0x16 CMakeFiles/UltrasonicWave.elf.dir/Middlewares/ST/STM32_USB_Device_Library/Core/Src/usbd_ioreq.c.obj
                0x08004fac                USBD_CtlSendStatus
 .text.USBD_CtlReceiveStatus
                0x08004fc2       0x16 CMakeFiles/UltrasonicWave.elf.dir/Middlewares/ST/STM32_USB_Device_Library/Core/Src/usbd_ioreq.c.obj
                0x08004fc2                USBD_CtlReceiveStatus
 .text.MX_USB_DEVICE_Init
                0x08004fd8       0x54 CMakeFiles/UltrasonicWave.elf.dir/USB_DEVICE/App/usb_device.c.obj
                0x08004fd8                MX_USB_DEVICE_Init
 .text.CDC_DeInit_FS
                0x0800502c        0x4 CMakeFiles/UltrasonicWave.elf.dir/USB_DEVICE/App/usbd_cdc_if.c.obj
 .text.CDC_Control_FS
                0x08005030        0x4 CMakeFiles/UltrasonicWave.elf.dir/USB_DEVICE/App/usbd_cdc_if.c.obj
 .text.CDC_Receive_FS
                0x08005034       0x1c CMakeFiles/UltrasonicWave.elf.dir/USB_DEVICE/App/usbd_cdc_if.c.obj
 .text.CDC_Init_FS
                0x08005050       0x28 CMakeFiles/UltrasonicWave.elf.dir/USB_DEVICE/App/usbd_cdc_if.c.obj
 .text.CDC_Transmit_FS
                0x08005078       0x2c CMakeFiles/UltrasonicWave.elf.dir/USB_DEVICE/App/usbd_cdc_if.c.obj
                0x08005078                CDC_Transmit_FS
 .text.USBD_FS_DeviceDescriptor
                0x080050a4        0xc CMakeFiles/UltrasonicWave.elf.dir/USB_DEVICE/App/usbd_desc.c.obj
                0x080050a4                USBD_FS_DeviceDescriptor
 .text.USBD_FS_LangIDStrDescriptor
                0x080050b0        0xc CMakeFiles/UltrasonicWave.elf.dir/USB_DEVICE/App/usbd_desc.c.obj
                0x080050b0                USBD_FS_LangIDStrDescriptor
 .text.IntToUnicode
                0x080050bc       0x46 CMakeFiles/UltrasonicWave.elf.dir/USB_DEVICE/App/usbd_desc.c.obj
 *fill*         0x08005102        0x2 
 .text.Get_SerialNum
                0x08005104       0x38 CMakeFiles/UltrasonicWave.elf.dir/USB_DEVICE/App/usbd_desc.c.obj
 .text.USBD_FS_SerialStrDescriptor
                0x0800513c       0x14 CMakeFiles/UltrasonicWave.elf.dir/USB_DEVICE/App/usbd_desc.c.obj
                0x0800513c                USBD_FS_SerialStrDescriptor
 .text.USBD_FS_ProductStrDescriptor
                0x08005150       0x24 CMakeFiles/UltrasonicWave.elf.dir/USB_DEVICE/App/usbd_desc.c.obj
                0x08005150                USBD_FS_ProductStrDescriptor
 .text.USBD_FS_ManufacturerStrDescriptor
                0x08005174       0x1c CMakeFiles/UltrasonicWave.elf.dir/USB_DEVICE/App/usbd_desc.c.obj
                0x08005174                USBD_FS_ManufacturerStrDescriptor
 .text.USBD_FS_ConfigStrDescriptor
                0x08005190       0x24 CMakeFiles/UltrasonicWave.elf.dir/USB_DEVICE/App/usbd_desc.c.obj
                0x08005190                USBD_FS_ConfigStrDescriptor
 .text.USBD_FS_InterfaceStrDescriptor
                0x080051b4       0x24 CMakeFiles/UltrasonicWave.elf.dir/USB_DEVICE/App/usbd_desc.c.obj
                0x080051b4                USBD_FS_InterfaceStrDescriptor
 .text.USBD_Get_USB_Status
                0x080051d8       0x14 CMakeFiles/UltrasonicWave.elf.dir/USB_DEVICE/Target/usbd_conf.c.obj
 .text.HAL_PCD_MspInit
                0x080051ec       0x40 CMakeFiles/UltrasonicWave.elf.dir/USB_DEVICE/Target/usbd_conf.c.obj
                0x080051ec                HAL_PCD_MspInit
 .text.HAL_PCD_SetupStageCallback
                0x0800522c       0x10 CMakeFiles/UltrasonicWave.elf.dir/USB_DEVICE/Target/usbd_conf.c.obj
                0x0800522c                HAL_PCD_SetupStageCallback
 .text.HAL_PCD_DataOutStageCallback
                0x0800523c       0x18 CMakeFiles/UltrasonicWave.elf.dir/USB_DEVICE/Target/usbd_conf.c.obj
                0x0800523c                HAL_PCD_DataOutStageCallback
 .text.HAL_PCD_DataInStageCallback
                0x08005254       0x16 CMakeFiles/UltrasonicWave.elf.dir/USB_DEVICE/Target/usbd_conf.c.obj
                0x08005254                HAL_PCD_DataInStageCallback
 .text.HAL_PCD_SOFCallback
                0x0800526a        0xc CMakeFiles/UltrasonicWave.elf.dir/USB_DEVICE/Target/usbd_conf.c.obj
                0x0800526a                HAL_PCD_SOFCallback
 .text.HAL_PCD_ResetCallback
                0x08005276       0x24 CMakeFiles/UltrasonicWave.elf.dir/USB_DEVICE/Target/usbd_conf.c.obj
                0x08005276                HAL_PCD_ResetCallback
 *fill*         0x0800529a        0x2 
 .text.HAL_PCD_SuspendCallback
                0x0800529c       0x20 CMakeFiles/UltrasonicWave.elf.dir/USB_DEVICE/Target/usbd_conf.c.obj
                0x0800529c                HAL_PCD_SuspendCallback
 .text.HAL_PCD_ResumeCallback
                0x080052bc        0xc CMakeFiles/UltrasonicWave.elf.dir/USB_DEVICE/Target/usbd_conf.c.obj
                0x080052bc                HAL_PCD_ResumeCallback
 .text.USBD_LL_Init
                0x080052c8       0x84 CMakeFiles/UltrasonicWave.elf.dir/USB_DEVICE/Target/usbd_conf.c.obj
                0x080052c8                USBD_LL_Init
 .text.USBD_LL_Start
                0x0800534c       0x10 CMakeFiles/UltrasonicWave.elf.dir/USB_DEVICE/Target/usbd_conf.c.obj
                0x0800534c                USBD_LL_Start
 .text.USBD_LL_OpenEP
                0x0800535c       0x16 CMakeFiles/UltrasonicWave.elf.dir/USB_DEVICE/Target/usbd_conf.c.obj
                0x0800535c                USBD_LL_OpenEP
 .text.USBD_LL_CloseEP
                0x08005372       0x10 CMakeFiles/UltrasonicWave.elf.dir/USB_DEVICE/Target/usbd_conf.c.obj
                0x08005372                USBD_LL_CloseEP
 .text.USBD_LL_StallEP
                0x08005382       0x10 CMakeFiles/UltrasonicWave.elf.dir/USB_DEVICE/Target/usbd_conf.c.obj
                0x08005382                USBD_LL_StallEP
 .text.USBD_LL_ClearStallEP
                0x08005392       0x10 CMakeFiles/UltrasonicWave.elf.dir/USB_DEVICE/Target/usbd_conf.c.obj
                0x08005392                USBD_LL_ClearStallEP
 .text.USBD_LL_IsStallEP
                0x080053a2       0x2e CMakeFiles/UltrasonicWave.elf.dir/USB_DEVICE/Target/usbd_conf.c.obj
                0x080053a2                USBD_LL_IsStallEP
 .text.USBD_LL_SetUSBAddress
                0x080053d0       0x10 CMakeFiles/UltrasonicWave.elf.dir/USB_DEVICE/Target/usbd_conf.c.obj
                0x080053d0                USBD_LL_SetUSBAddress
 .text.USBD_LL_Transmit
                0x080053e0       0x10 CMakeFiles/UltrasonicWave.elf.dir/USB_DEVICE/Target/usbd_conf.c.obj
                0x080053e0                USBD_LL_Transmit
 .text.USBD_LL_PrepareReceive
                0x080053f0       0x10 CMakeFiles/UltrasonicWave.elf.dir/USB_DEVICE/Target/usbd_conf.c.obj
                0x080053f0                USBD_LL_PrepareReceive
 .text.USBD_LL_GetRxDataSize
                0x08005400        0xc CMakeFiles/UltrasonicWave.elf.dir/USB_DEVICE/Target/usbd_conf.c.obj
                0x08005400                USBD_LL_GetRxDataSize
 .text.USBD_static_malloc
                0x0800540c        0x8 CMakeFiles/UltrasonicWave.elf.dir/USB_DEVICE/Target/usbd_conf.c.obj
                0x0800540c                USBD_static_malloc
 .text.USBD_static_free
                0x08005414        0x2 CMakeFiles/UltrasonicWave.elf.dir/USB_DEVICE/Target/usbd_conf.c.obj
                0x08005414                USBD_static_free
 .text.HAL_PCDEx_SetConnectionState
                0x08005416        0x2 CMakeFiles/UltrasonicWave.elf.dir/USB_DEVICE/Target/usbd_conf.c.obj
                0x08005416                HAL_PCDEx_SetConnectionState
 .text.__errno  0x08005418        0xc c:/progra~2/gnuarm~1/102021~1.10/bin/../lib/gcc/arm-none-eabi/10.3.1/../../../../arm-none-eabi/lib/thumb/v7-m/nofp\libg.a(lib_a-errno.o)
                0x08005418                __errno
 .text.__libc_init_array
                0x08005424       0x48 c:/progra~2/gnuarm~1/102021~1.10/bin/../lib/gcc/arm-none-eabi/10.3.1/../../../../arm-none-eabi/lib/thumb/v7-m/nofp\libg.a(lib_a-init.o)
                0x08005424                __libc_init_array
 .text.memset   0x0800546c       0xa4 c:/progra~2/gnuarm~1/102021~1.10/bin/../lib/gcc/arm-none-eabi/10.3.1/../../../../arm-none-eabi/lib/thumb/v7-m/nofp\libg.a(lib_a-memset.o)
                0x0800546c                memset
 .text.sprintf  0x08005510       0x44 c:/progra~2/gnuarm~1/102021~1.10/bin/../lib/gcc/arm-none-eabi/10.3.1/../../../../arm-none-eabi/lib/thumb/v7-m/nofp\libg.a(lib_a-sprintf.o)
                0x08005510                sprintf
 .text.strlen   0x08005554       0x5c c:/progra~2/gnuarm~1/102021~1.10/bin/../lib/gcc/arm-none-eabi/10.3.1/../../../../arm-none-eabi/lib/thumb/v7-m/nofp\libg.a(lib_a-strlen-stub.o)
                0x08005554                strlen
 .text._svfprintf_r
                0x080055b0     0x1aa4 c:/progra~2/gnuarm~1/102021~1.10/bin/../lib/gcc/arm-none-eabi/10.3.1/../../../../arm-none-eabi/lib/thumb/v7-m/nofp\libg.a(lib_a-svfprintf.o)
                0x080055b0                _svfprintf_r
 .text.startup.register_fini
                0x08007054       0x14 c:/progra~2/gnuarm~1/102021~1.10/bin/../lib/gcc/arm-none-eabi/10.3.1/../../../../arm-none-eabi/lib/thumb/v7-m/nofp\libg.a(lib_a-__call_atexit.o)
 .text.atexit   0x08007068        0xc c:/progra~2/gnuarm~1/102021~1.10/bin/../lib/gcc/arm-none-eabi/10.3.1/../../../../arm-none-eabi/lib/thumb/v7-m/nofp\libg.a(lib_a-atexit.o)
                0x08007068                atexit
 .text.quorem   0x08007074      0x12c c:/progra~2/gnuarm~1/102021~1.10/bin/../lib/gcc/arm-none-eabi/10.3.1/../../../../arm-none-eabi/lib/thumb/v7-m/nofp\libg.a(lib_a-dtoa.o)
 .text._dtoa_r  0x080071a0      0xecc c:/progra~2/gnuarm~1/102021~1.10/bin/../lib/gcc/arm-none-eabi/10.3.1/../../../../arm-none-eabi/lib/thumb/v7-m/nofp\libg.a(lib_a-dtoa.o)
                0x080071a0                _dtoa_r
 .text.__libc_fini_array
                0x0800806c       0x2c c:/progra~2/gnuarm~1/102021~1.10/bin/../lib/gcc/arm-none-eabi/10.3.1/../../../../arm-none-eabi/lib/thumb/v7-m/nofp\libg.a(lib_a-fini.o)
                0x0800806c                __libc_fini_array
 .text._malloc_trim_r
                0x08008098       0xa0 c:/progra~2/gnuarm~1/102021~1.10/bin/../lib/gcc/arm-none-eabi/10.3.1/../../../../arm-none-eabi/lib/thumb/v7-m/nofp\libg.a(lib_a-freer.o)
                0x08008098                _malloc_trim_r
 .text._free_r  0x08008138      0x200 c:/progra~2/gnuarm~1/102021~1.10/bin/../lib/gcc/arm-none-eabi/10.3.1/../../../../arm-none-eabi/lib/thumb/v7-m/nofp\libg.a(lib_a-freer.o)
                0x08008138                _free_r
 .text._localeconv_r
                0x08008338        0x8 c:/progra~2/gnuarm~1/102021~1.10/bin/../lib/gcc/arm-none-eabi/10.3.1/../../../../arm-none-eabi/lib/thumb/v7-m/nofp\libg.a(lib_a-localeconv.o)
                0x08008338                _localeconv_r
 .text.__retarget_lock_init_recursive
                0x08008340        0x4 c:/progra~2/gnuarm~1/102021~1.10/bin/../lib/gcc/arm-none-eabi/10.3.1/../../../../arm-none-eabi/lib/thumb/v7-m/nofp\libg.a(lib_a-lock.o)
                0x08008340                __retarget_lock_init_recursive
 .text.__retarget_lock_close_recursive
                0x08008344        0x4 c:/progra~2/gnuarm~1/102021~1.10/bin/../lib/gcc/arm-none-eabi/10.3.1/../../../../arm-none-eabi/lib/thumb/v7-m/nofp\libg.a(lib_a-lock.o)
                0x08008344                __retarget_lock_close_recursive
 .text.__retarget_lock_acquire_recursive
                0x08008348        0x4 c:/progra~2/gnuarm~1/102021~1.10/bin/../lib/gcc/arm-none-eabi/10.3.1/../../../../arm-none-eabi/lib/thumb/v7-m/nofp\libg.a(lib_a-lock.o)
                0x08008348                __retarget_lock_acquire_recursive
 .text.__retarget_lock_release_recursive
                0x0800834c        0x4 c:/progra~2/gnuarm~1/102021~1.10/bin/../lib/gcc/arm-none-eabi/10.3.1/../../../../arm-none-eabi/lib/thumb/v7-m/nofp\libg.a(lib_a-lock.o)
                0x0800834c                __retarget_lock_release_recursive
 .text._malloc_r
                0x08008350      0x558 c:/progra~2/gnuarm~1/102021~1.10/bin/../lib/gcc/arm-none-eabi/10.3.1/../../../../arm-none-eabi/lib/thumb/v7-m/nofp\libg.a(lib_a-mallocr.o)
                0x08008350                _malloc_r
 .text.memchr   0x080088a8       0x90 c:/progra~2/gnuarm~1/102021~1.10/bin/../lib/gcc/arm-none-eabi/10.3.1/../../../../arm-none-eabi/lib/thumb/v7-m/nofp\libg.a(lib_a-memchr-stub.o)
                0x080088a8                memchr
 .text.__malloc_lock
                0x08008938        0xc c:/progra~2/gnuarm~1/102021~1.10/bin/../lib/gcc/arm-none-eabi/10.3.1/../../../../arm-none-eabi/lib/thumb/v7-m/nofp\libg.a(lib_a-mlock.o)
                0x08008938                __malloc_lock
 .text.__malloc_unlock
                0x08008944        0xc c:/progra~2/gnuarm~1/102021~1.10/bin/../lib/gcc/arm-none-eabi/10.3.1/../../../../arm-none-eabi/lib/thumb/v7-m/nofp\libg.a(lib_a-mlock.o)
                0x08008944                __malloc_unlock
 .text._Balloc  0x08008950       0x4c c:/progra~2/gnuarm~1/102021~1.10/bin/../lib/gcc/arm-none-eabi/10.3.1/../../../../arm-none-eabi/lib/thumb/v7-m/nofp\libg.a(lib_a-mprec.o)
                0x08008950                _Balloc
 .text._Bfree   0x0800899c       0x14 c:/progra~2/gnuarm~1/102021~1.10/bin/../lib/gcc/arm-none-eabi/10.3.1/../../../../arm-none-eabi/lib/thumb/v7-m/nofp\libg.a(lib_a-mprec.o)
                0x0800899c                _Bfree
 .text.__multadd
                0x080089b0       0xa4 c:/progra~2/gnuarm~1/102021~1.10/bin/../lib/gcc/arm-none-eabi/10.3.1/../../../../arm-none-eabi/lib/thumb/v7-m/nofp\libg.a(lib_a-mprec.o)
                0x080089b0                __multadd
 .text.__hi0bits
                0x08008a54       0x40 c:/progra~2/gnuarm~1/102021~1.10/bin/../lib/gcc/arm-none-eabi/10.3.1/../../../../arm-none-eabi/lib/thumb/v7-m/nofp\libg.a(lib_a-mprec.o)
                0x08008a54                __hi0bits
 .text.__lo0bits
                0x08008a94       0x58 c:/progra~2/gnuarm~1/102021~1.10/bin/../lib/gcc/arm-none-eabi/10.3.1/../../../../arm-none-eabi/lib/thumb/v7-m/nofp\libg.a(lib_a-mprec.o)
                0x08008a94                __lo0bits
 .text.__i2b    0x08008aec       0x5c c:/progra~2/gnuarm~1/102021~1.10/bin/../lib/gcc/arm-none-eabi/10.3.1/../../../../arm-none-eabi/lib/thumb/v7-m/nofp\libg.a(lib_a-mprec.o)
                0x08008aec                __i2b
 .text.__multiply
                0x08008b48      0x15c c:/progra~2/gnuarm~1/102021~1.10/bin/../lib/gcc/arm-none-eabi/10.3.1/../../../../arm-none-eabi/lib/thumb/v7-m/nofp\libg.a(lib_a-mprec.o)
                0x08008b48                __multiply
 .text.__pow5mult
                0x08008ca4       0xb8 c:/progra~2/gnuarm~1/102021~1.10/bin/../lib/gcc/arm-none-eabi/10.3.1/../../../../arm-none-eabi/lib/thumb/v7-m/nofp\libg.a(lib_a-mprec.o)
                0x08008ca4                __pow5mult
 .text.__lshift
                0x08008d5c       0xec c:/progra~2/gnuarm~1/102021~1.10/bin/../lib/gcc/arm-none-eabi/10.3.1/../../../../arm-none-eabi/lib/thumb/v7-m/nofp\libg.a(lib_a-mprec.o)
                0x08008d5c                __lshift
 .text.__mcmp   0x08008e48       0x40 c:/progra~2/gnuarm~1/102021~1.10/bin/../lib/gcc/arm-none-eabi/10.3.1/../../../../arm-none-eabi/lib/thumb/v7-m/nofp\libg.a(lib_a-mprec.o)
                0x08008e48                __mcmp
 .text.__mdiff  0x08008e88      0x14c c:/progra~2/gnuarm~1/102021~1.10/bin/../lib/gcc/arm-none-eabi/10.3.1/../../../../arm-none-eabi/lib/thumb/v7-m/nofp\libg.a(lib_a-mprec.o)
                0x08008e88                __mdiff
 .text.__d2b    0x08008fd4       0xc4 c:/progra~2/gnuarm~1/102021~1.10/bin/../lib/gcc/arm-none-eabi/10.3.1/../../../../arm-none-eabi/lib/thumb/v7-m/nofp\libg.a(lib_a-mprec.o)
                0x08008fd4                __d2b
 .text.frexp    0x08009098       0x70 c:/progra~2/gnuarm~1/102021~1.10/bin/../lib/gcc/arm-none-eabi/10.3.1/../../../../arm-none-eabi/lib/thumb/v7-m/nofp\libg.a(lib_a-s_frexp.o)
                0x08009098                frexp
 .text._sbrk_r  0x08009108       0x24 c:/progra~2/gnuarm~1/102021~1.10/bin/../lib/gcc/arm-none-eabi/10.3.1/../../../../arm-none-eabi/lib/thumb/v7-m/nofp\libg.a(lib_a-sbrkr.o)
                0x08009108                _sbrk_r
 .text.strncpy  0x0800912c       0x68 c:/progra~2/gnuarm~1/102021~1.10/bin/../lib/gcc/arm-none-eabi/10.3.1/../../../../arm-none-eabi/lib/thumb/v7-m/nofp\libg.a(lib_a-strncpy.o)
                0x0800912c                strncpy
 .text.__ssprint_r
                0x08009194       0xfc c:/progra~2/gnuarm~1/102021~1.10/bin/../lib/gcc/arm-none-eabi/10.3.1/../../../../arm-none-eabi/lib/thumb/v7-m/nofp\libg.a(lib_a-svfiprintf.o)
                0x08009194                __ssprint_r
 .text.__register_exitproc
                0x08009290       0x8c c:/progra~2/gnuarm~1/102021~1.10/bin/../lib/gcc/arm-none-eabi/10.3.1/../../../../arm-none-eabi/lib/thumb/v7-m/nofp\libg.a(lib_a-__atexit.o)
                0x08009290                __register_exitproc
 .text.__assert_func
                0x0800931c       0x40 c:/progra~2/gnuarm~1/102021~1.10/bin/../lib/gcc/arm-none-eabi/10.3.1/../../../../arm-none-eabi/lib/thumb/v7-m/nofp\libg.a(lib_a-assert.o)
                0x0800931c                __assert_func
 .text._calloc_r
                0x0800935c       0x78 c:/progra~2/gnuarm~1/102021~1.10/bin/../lib/gcc/arm-none-eabi/10.3.1/../../../../arm-none-eabi/lib/thumb/v7-m/nofp\libg.a(lib_a-callocr.o)
                0x0800935c                _calloc_r
 .text.fiprintf
                0x080093d4       0x28 c:/progra~2/gnuarm~1/102021~1.10/bin/../lib/gcc/arm-none-eabi/10.3.1/../../../../arm-none-eabi/lib/thumb/v7-m/nofp\libg.a(lib_a-fiprintf.o)
                0x080093d4                fiprintf
 .text.__locale_mb_cur_max
                0x080093fc        0xc c:/progra~2/gnuarm~1/102021~1.10/bin/../lib/gcc/arm-none-eabi/10.3.1/../../../../arm-none-eabi/lib/thumb/v7-m/nofp\libg.a(lib_a-locale.o)
                0x080093fc                __locale_mb_cur_max
 .text.__ascii_mbtowc
                0x08009408       0x2c c:/progra~2/gnuarm~1/102021~1.10/bin/../lib/gcc/arm-none-eabi/10.3.1/../../../../arm-none-eabi/lib/thumb/v7-m/nofp\libg.a(lib_a-mbtowc_r.o)
                0x08009408                __ascii_mbtowc
 .text.memmove  0x08009434       0xf8 c:/progra~2/gnuarm~1/102021~1.10/bin/../lib/gcc/arm-none-eabi/10.3.1/../../../../arm-none-eabi/lib/thumb/v7-m/nofp\libg.a(lib_a-memmove.o)
                0x08009434                memmove
 .text._realloc_r
                0x0800952c      0x3dc c:/progra~2/gnuarm~1/102021~1.10/bin/../lib/gcc/arm-none-eabi/10.3.1/../../../../arm-none-eabi/lib/thumb/v7-m/nofp\libg.a(lib_a-reallocr.o)
                0x0800952c                _realloc_r
 .text.__sprint_r.part.0
                0x08009908       0x78 c:/progra~2/gnuarm~1/102021~1.10/bin/../lib/gcc/arm-none-eabi/10.3.1/../../../../arm-none-eabi/lib/thumb/v7-m/nofp\libg.a(lib_a-vfiprintf.o)
 .text._vfiprintf_r
                0x08009980      0xd98 c:/progra~2/gnuarm~1/102021~1.10/bin/../lib/gcc/arm-none-eabi/10.3.1/../../../../arm-none-eabi/lib/thumb/v7-m/nofp\libg.a(lib_a-vfiprintf.o)
                0x08009980                _vfiprintf_r
 .text.__sbprintf
                0x0800a718       0x84 c:/progra~2/gnuarm~1/102021~1.10/bin/../lib/gcc/arm-none-eabi/10.3.1/../../../../arm-none-eabi/lib/thumb/v7-m/nofp\libg.a(lib_a-vfiprintf.o)
 .text.__ascii_wctomb
                0x0800a79c       0x1c c:/progra~2/gnuarm~1/102021~1.10/bin/../lib/gcc/arm-none-eabi/10.3.1/../../../../arm-none-eabi/lib/thumb/v7-m/nofp\libg.a(lib_a-wctomb_r.o)
                0x0800a79c                __ascii_wctomb
 .text.__swsetup_r
                0x0800a7b8       0xd4 c:/progra~2/gnuarm~1/102021~1.10/bin/../lib/gcc/arm-none-eabi/10.3.1/../../../../arm-none-eabi/lib/thumb/v7-m/nofp\libg.a(lib_a-wsetup.o)
                0x0800a7b8                __swsetup_r
 .text.abort    0x0800a88c       0x10 c:/progra~2/gnuarm~1/102021~1.10/bin/../lib/gcc/arm-none-eabi/10.3.1/../../../../arm-none-eabi/lib/thumb/v7-m/nofp\libg.a(lib_a-abort.o)
                0x0800a88c                abort
 .text.__sflush_r
                0x0800a89c      0x124 c:/progra~2/gnuarm~1/102021~1.10/bin/../lib/gcc/arm-none-eabi/10.3.1/../../../../arm-none-eabi/lib/thumb/v7-m/nofp\libg.a(lib_a-fflush.o)
                0x0800a89c                __sflush_r
 .text._fflush_r
                0x0800a9c0       0x5c c:/progra~2/gnuarm~1/102021~1.10/bin/../lib/gcc/arm-none-eabi/10.3.1/../../../../arm-none-eabi/lib/thumb/v7-m/nofp\libg.a(lib_a-fflush.o)
                0x0800a9c0                _fflush_r
 .text._cleanup_r
                0x0800aa1c        0xc c:/progra~2/gnuarm~1/102021~1.10/bin/../lib/gcc/arm-none-eabi/10.3.1/../../../../arm-none-eabi/lib/thumb/v7-m/nofp\libg.a(lib_a-findfp.o)
                0x0800aa1c                _cleanup_r
 .text.__sinit  0x0800aa28      0x10c c:/progra~2/gnuarm~1/102021~1.10/bin/../lib/gcc/arm-none-eabi/10.3.1/../../../../arm-none-eabi/lib/thumb/v7-m/nofp\libg.a(lib_a-findfp.o)
                0x0800aa28                __sinit
 .text.__sfp_lock_acquire
                0x0800ab34        0xc c:/progra~2/gnuarm~1/102021~1.10/bin/../lib/gcc/arm-none-eabi/10.3.1/../../../../arm-none-eabi/lib/thumb/v7-m/nofp\libg.a(lib_a-findfp.o)
                0x0800ab34                __sfp_lock_acquire
 .text.__sfp_lock_release
                0x0800ab40        0xc c:/progra~2/gnuarm~1/102021~1.10/bin/../lib/gcc/arm-none-eabi/10.3.1/../../../../arm-none-eabi/lib/thumb/v7-m/nofp\libg.a(lib_a-findfp.o)
                0x0800ab40                __sfp_lock_release
 .text.__fputwc
                0x0800ab4c       0xa0 c:/progra~2/gnuarm~1/102021~1.10/bin/../lib/gcc/arm-none-eabi/10.3.1/../../../../arm-none-eabi/lib/thumb/v7-m/nofp\libg.a(lib_a-fputwc.o)
                0x0800ab4c                __fputwc
 .text._fputwc_r
                0x0800abec       0x68 c:/progra~2/gnuarm~1/102021~1.10/bin/../lib/gcc/arm-none-eabi/10.3.1/../../../../arm-none-eabi/lib/thumb/v7-m/nofp\libg.a(lib_a-fputwc.o)
                0x0800abec                _fputwc_r
 .text.__sfvwrite_r
                0x0800ac54      0x2f0 c:/progra~2/gnuarm~1/102021~1.10/bin/../lib/gcc/arm-none-eabi/10.3.1/../../../../arm-none-eabi/lib/thumb/v7-m/nofp\libg.a(lib_a-fvwrite.o)
                0x0800ac54                __sfvwrite_r
 .text._fwalk_reent
                0x0800af44       0x48 c:/progra~2/gnuarm~1/102021~1.10/bin/../lib/gcc/arm-none-eabi/10.3.1/../../../../arm-none-eabi/lib/thumb/v7-m/nofp\libg.a(lib_a-fwalk.o)
                0x0800af44                _fwalk_reent
 .text.__smakebuf_r
                0x0800af8c       0xe0 c:/progra~2/gnuarm~1/102021~1.10/bin/../lib/gcc/arm-none-eabi/10.3.1/../../../../arm-none-eabi/lib/thumb/v7-m/nofp\libg.a(lib_a-makebuf.o)
                0x0800af8c                __smakebuf_r
 .text.raise    0x0800b06c       0x5c c:/progra~2/gnuarm~1/102021~1.10/bin/../lib/gcc/arm-none-eabi/10.3.1/../../../../arm-none-eabi/lib/thumb/v7-m/nofp\libg.a(lib_a-signal.o)
                0x0800b06c                raise
 .text._kill_r  0x0800b0c8       0x28 c:/progra~2/gnuarm~1/102021~1.10/bin/../lib/gcc/arm-none-eabi/10.3.1/../../../../arm-none-eabi/lib/thumb/v7-m/nofp\libg.a(lib_a-signalr.o)
                0x0800b0c8                _kill_r
 .text._getpid_r
                0x0800b0f0        0x4 c:/progra~2/gnuarm~1/102021~1.10/bin/../lib/gcc/arm-none-eabi/10.3.1/../../../../arm-none-eabi/lib/thumb/v7-m/nofp\libg.a(lib_a-signalr.o)
                0x0800b0f0                _getpid_r
 .text.__sread  0x0800b0f4       0x24 c:/progra~2/gnuarm~1/102021~1.10/bin/../lib/gcc/arm-none-eabi/10.3.1/../../../../arm-none-eabi/lib/thumb/v7-m/nofp\libg.a(lib_a-stdio.o)
                0x0800b0f4                __sread
 .text.__swrite
                0x0800b118       0x40 c:/progra~2/gnuarm~1/102021~1.10/bin/../lib/gcc/arm-none-eabi/10.3.1/../../../../arm-none-eabi/lib/thumb/v7-m/nofp\libg.a(lib_a-stdio.o)
                0x0800b118                __swrite
 .text.__sseek  0x0800b158       0x20 c:/progra~2/gnuarm~1/102021~1.10/bin/../lib/gcc/arm-none-eabi/10.3.1/../../../../arm-none-eabi/lib/thumb/v7-m/nofp\libg.a(lib_a-stdio.o)
                0x0800b158                __sseek
 .text.__sclose
                0x0800b178        0x8 c:/progra~2/gnuarm~1/102021~1.10/bin/../lib/gcc/arm-none-eabi/10.3.1/../../../../arm-none-eabi/lib/thumb/v7-m/nofp\libg.a(lib_a-stdio.o)
                0x0800b178                __sclose
 .text.__swbuf_r
                0x0800b180       0xb0 c:/progra~2/gnuarm~1/102021~1.10/bin/../lib/gcc/arm-none-eabi/10.3.1/../../../../arm-none-eabi/lib/thumb/v7-m/nofp\libg.a(lib_a-wbuf.o)
                0x0800b180                __swbuf_r
 .text._wcrtomb_r
                0x0800b230       0x3c c:/progra~2/gnuarm~1/102021~1.10/bin/../lib/gcc/arm-none-eabi/10.3.1/../../../../arm-none-eabi/lib/thumb/v7-m/nofp\libg.a(lib_a-wcrtomb.o)
                0x0800b230                _wcrtomb_r
 .text._write_r
                0x0800b26c       0x2c c:/progra~2/gnuarm~1/102021~1.10/bin/../lib/gcc/arm-none-eabi/10.3.1/../../../../arm-none-eabi/lib/thumb/v7-m/nofp\libg.a(lib_a-writer.o)
                0x0800b26c                _write_r
 .text._close_r
                0x0800b298       0x24 c:/progra~2/gnuarm~1/102021~1.10/bin/../lib/gcc/arm-none-eabi/10.3.1/../../../../arm-none-eabi/lib/thumb/v7-m/nofp\libg.a(lib_a-closer.o)
                0x0800b298                _close_r
 .text._fclose_r
                0x0800b2bc       0xcc c:/progra~2/gnuarm~1/102021~1.10/bin/../lib/gcc/arm-none-eabi/10.3.1/../../../../arm-none-eabi/lib/thumb/v7-m/nofp\libg.a(lib_a-fclose.o)
                0x0800b2bc                _fclose_r
 .text._fstat_r
                0x0800b388       0x28 c:/progra~2/gnuarm~1/102021~1.10/bin/../lib/gcc/arm-none-eabi/10.3.1/../../../../arm-none-eabi/lib/thumb/v7-m/nofp\libg.a(lib_a-fstatr.o)
                0x0800b388                _fstat_r
 .text._isatty_r
                0x0800b3b0       0x24 c:/progra~2/gnuarm~1/102021~1.10/bin/../lib/gcc/arm-none-eabi/10.3.1/../../../../arm-none-eabi/lib/thumb/v7-m/nofp\libg.a(lib_a-isattyr.o)
                0x0800b3b0                _isatty_r
 .text._lseek_r
                0x0800b3d4       0x2c c:/progra~2/gnuarm~1/102021~1.10/bin/../lib/gcc/arm-none-eabi/10.3.1/../../../../arm-none-eabi/lib/thumb/v7-m/nofp\libg.a(lib_a-lseekr.o)
                0x0800b3d4                _lseek_r
 .text._read_r  0x0800b400       0x2c c:/progra~2/gnuarm~1/102021~1.10/bin/../lib/gcc/arm-none-eabi/10.3.1/../../../../arm-none-eabi/lib/thumb/v7-m/nofp\libg.a(lib_a-readr.o)
                0x0800b400                _read_r
 *(.glue_7)
 .glue_7        0x0800b42c        0x0 linker stubs
 *(.glue_7t)
 .glue_7t       0x0800b42c        0x0 linker stubs
 *(.eh_frame)
 .eh_frame      0x0800b42c        0x0 c:/progra~2/gnuarm~1/102021~1.10/bin/../lib/gcc/arm-none-eabi/10.3.1/thumb/v7-m/nofp/crtbegin.o
 *(.init)
 .init          0x0800b42c        0x4 c:/progra~2/gnuarm~1/102021~1.10/bin/../lib/gcc/arm-none-eabi/10.3.1/thumb/v7-m/nofp/crti.o
                0x0800b42c                _init
 .init          0x0800b430        0x8 c:/progra~2/gnuarm~1/102021~1.10/bin/../lib/gcc/arm-none-eabi/10.3.1/thumb/v7-m/nofp/crtn.o
 *(.fini)
 .fini          0x0800b438        0x4 c:/progra~2/gnuarm~1/102021~1.10/bin/../lib/gcc/arm-none-eabi/10.3.1/thumb/v7-m/nofp/crti.o
                0x0800b438                _fini
 .fini          0x0800b43c        0x8 c:/progra~2/gnuarm~1/102021~1.10/bin/../lib/gcc/arm-none-eabi/10.3.1/thumb/v7-m/nofp/crtn.o
                0x0800b444                . = ALIGN (0x4)
                0x0800b444                _etext = .

.vfp11_veneer   0x0800b444        0x0
 .vfp11_veneer  0x0800b444        0x0 linker stubs

.v4_bx          0x0800b444        0x0
 .v4_bx         0x0800b444        0x0 linker stubs

.iplt           0x0800b444        0x0
 .iplt          0x0800b444        0x0 c:/progra~2/gnuarm~1/102021~1.10/bin/../lib/gcc/arm-none-eabi/10.3.1/thumb/v7-m/nofp/crtbegin.o

.rodata         0x0800b448      0x480
                0x0800b448                . = ALIGN (0x4)
 *(.rodata)
 *(.rodata*)
 .rodata.main.str1.4
                0x0800b448       0x14 CMakeFiles/UltrasonicWave.elf.dir/Core/Src/main.c.obj
 .rodata.AHBPrescTable
                0x0800b45c       0x10 CMakeFiles/UltrasonicWave.elf.dir/Core/Src/system_stm32f1xx.c.obj
                0x0800b45c                AHBPrescTable
 .rodata.HAL_RCC_GetSysClockFreq.str1.4
                0x0800b46c       0x11 CMakeFiles/UltrasonicWave.elf.dir/Drivers/STM32F1xx_HAL_Driver/Src/stm32f1xx_hal_rcc.c.obj
 *fill*         0x0800b47d        0x3 
 .rodata.USBD_FS_ProductStrDescriptor.str1.4
                0x0800b480       0x16 CMakeFiles/UltrasonicWave.elf.dir/USB_DEVICE/App/usbd_desc.c.obj
 *fill*         0x0800b496        0x2 
 .rodata.USBD_FS_ManufacturerStrDescriptor.str1.4
                0x0800b498       0x13 CMakeFiles/UltrasonicWave.elf.dir/USB_DEVICE/App/usbd_desc.c.obj
 *fill*         0x0800b4ab        0x1 
 .rodata.USBD_FS_ConfigStrDescriptor.str1.4
                0x0800b4ac        0xb CMakeFiles/UltrasonicWave.elf.dir/USB_DEVICE/App/usbd_desc.c.obj
 *fill*         0x0800b4b7        0x1 
 .rodata.USBD_FS_InterfaceStrDescriptor.str1.4
                0x0800b4b8        0xe CMakeFiles/UltrasonicWave.elf.dir/USB_DEVICE/App/usbd_desc.c.obj
 *fill*         0x0800b4c6        0x2 
 .rodata._global_impure_ptr
                0x0800b4c8        0x4 c:/progra~2/gnuarm~1/102021~1.10/bin/../lib/gcc/arm-none-eabi/10.3.1/../../../../arm-none-eabi/lib/thumb/v7-m/nofp\libg.a(lib_a-impure.o)
                0x0800b4c8                _global_impure_ptr
 .rodata._svfprintf_r.str1.4
                0x0800b4cc       0x42 c:/progra~2/gnuarm~1/102021~1.10/bin/../lib/gcc/arm-none-eabi/10.3.1/../../../../arm-none-eabi/lib/thumb/v7-m/nofp\libg.a(lib_a-svfprintf.o)
 *fill*         0x0800b50e        0x2 
 .rodata.blanks.1
                0x0800b510       0x10 c:/progra~2/gnuarm~1/102021~1.10/bin/../lib/gcc/arm-none-eabi/10.3.1/../../../../arm-none-eabi/lib/thumb/v7-m/nofp\libg.a(lib_a-svfprintf.o)
 .rodata.zeroes.0
                0x0800b520       0x10 c:/progra~2/gnuarm~1/102021~1.10/bin/../lib/gcc/arm-none-eabi/10.3.1/../../../../arm-none-eabi/lib/thumb/v7-m/nofp\libg.a(lib_a-svfprintf.o)
 .rodata._dtoa_r.str1.4
                0x0800b530       0xa2 c:/progra~2/gnuarm~1/102021~1.10/bin/../lib/gcc/arm-none-eabi/10.3.1/../../../../arm-none-eabi/lib/thumb/v7-m/nofp\libg.a(lib_a-dtoa.o)
                                 0xa6 (size before relaxing)
 *fill*         0x0800b5d2        0x2 
 .rodata.__multadd.str1.4
                0x0800b5d4       0x7f c:/progra~2/gnuarm~1/102021~1.10/bin/../lib/gcc/arm-none-eabi/10.3.1/../../../../arm-none-eabi/lib/thumb/v7-m/nofp\libg.a(lib_a-mprec.o)
                                 0x93 (size before relaxing)
 *fill*         0x0800b653        0x5 
 .rodata.__mprec_bigtens
                0x0800b658       0x28 c:/progra~2/gnuarm~1/102021~1.10/bin/../lib/gcc/arm-none-eabi/10.3.1/../../../../arm-none-eabi/lib/thumb/v7-m/nofp\libg.a(lib_a-mprec.o)
                0x0800b658                __mprec_bigtens
 .rodata.__mprec_tens
                0x0800b680       0xc8 c:/progra~2/gnuarm~1/102021~1.10/bin/../lib/gcc/arm-none-eabi/10.3.1/../../../../arm-none-eabi/lib/thumb/v7-m/nofp\libg.a(lib_a-mprec.o)
                0x0800b680                __mprec_tens
 .rodata.p05.0  0x0800b748        0xc c:/progra~2/gnuarm~1/102021~1.10/bin/../lib/gcc/arm-none-eabi/10.3.1/../../../../arm-none-eabi/lib/thumb/v7-m/nofp\libg.a(lib_a-mprec.o)
 .rodata.__assert_func.str1.4
                0x0800b754       0x3f c:/progra~2/gnuarm~1/102021~1.10/bin/../lib/gcc/arm-none-eabi/10.3.1/../../../../arm-none-eabi/lib/thumb/v7-m/nofp\libg.a(lib_a-assert.o)
                                 0x43 (size before relaxing)
 *fill*         0x0800b793        0x1 
 .rodata._setlocale_r.str1.4
                0x0800b794        0xa c:/progra~2/gnuarm~1/102021~1.10/bin/../lib/gcc/arm-none-eabi/10.3.1/../../../../arm-none-eabi/lib/thumb/v7-m/nofp\libg.a(lib_a-locale.o)
                                  0xd (size before relaxing)
 *fill*         0x0800b79e        0x2 
 .rodata.str1.4
                0x0800b7a0        0x2 c:/progra~2/gnuarm~1/102021~1.10/bin/../lib/gcc/arm-none-eabi/10.3.1/../../../../arm-none-eabi/lib/thumb/v7-m/nofp\libg.a(lib_a-locale.o)
 .rodata._vfiprintf_r.str1.4
                0x0800b7a2       0x2f c:/progra~2/gnuarm~1/102021~1.10/bin/../lib/gcc/arm-none-eabi/10.3.1/../../../../arm-none-eabi/lib/thumb/v7-m/nofp\libg.a(lib_a-vfiprintf.o)
 *fill*         0x0800b7a2        0x2 
 .rodata.blanks.1
                0x0800b7a4       0x10 c:/progra~2/gnuarm~1/102021~1.10/bin/../lib/gcc/arm-none-eabi/10.3.1/../../../../arm-none-eabi/lib/thumb/v7-m/nofp\libg.a(lib_a-vfiprintf.o)
 .rodata.zeroes.0
                0x0800b7b4       0x10 c:/progra~2/gnuarm~1/102021~1.10/bin/../lib/gcc/arm-none-eabi/10.3.1/../../../../arm-none-eabi/lib/thumb/v7-m/nofp\libg.a(lib_a-vfiprintf.o)
 .rodata._ctype_
                0x0800b7c4      0x101 c:/progra~2/gnuarm~1/102021~1.10/bin/../lib/gcc/arm-none-eabi/10.3.1/../../../../arm-none-eabi/lib/thumb/v7-m/nofp\libg.a(lib_a-ctype_.o)
                0x0800b7c4                _ctype_
                0x0800b8c8                . = ALIGN (0x4)
 *fill*         0x0800b8c5        0x3 

.ARM.extab      0x0800b8c8        0x0
                0x0800b8c8                . = ALIGN (0x4)
 *(.ARM.extab* .gnu.linkonce.armextab.*)
                0x0800b8c8                . = ALIGN (0x4)

.ARM            0x0800b8c8        0x8
                0x0800b8c8                . = ALIGN (0x4)
                0x0800b8c8                __exidx_start = .
 *(.ARM.exidx*)
 .ARM.exidx     0x0800b8c8        0x8 c:/progra~2/gnuarm~1/102021~1.10/bin/../lib/gcc/arm-none-eabi/10.3.1/thumb/v7-m/nofp\libgcc.a(_udivmoddi4.o)
                0x0800b8d0                __exidx_end = .
                0x0800b8d0                . = ALIGN (0x4)

.rel.dyn        0x0800b8d0        0x0
 .rel.iplt      0x0800b8d0        0x0 c:/progra~2/gnuarm~1/102021~1.10/bin/../lib/gcc/arm-none-eabi/10.3.1/thumb/v7-m/nofp/crtbegin.o

.preinit_array  0x0800b8d0        0x0
                0x0800b8d0                . = ALIGN (0x4)
                0x0800b8d0                PROVIDE (__preinit_array_start = .)
 *(.preinit_array*)
                0x0800b8d0                PROVIDE (__preinit_array_end = .)
                0x0800b8d0                . = ALIGN (0x4)

.init_array     0x0800b8d0        0x8
                0x0800b8d0                . = ALIGN (0x4)
                0x0800b8d0                PROVIDE (__init_array_start = .)
 *(SORT_BY_NAME(.init_array.*))
 .init_array.00000
                0x0800b8d0        0x4 c:/progra~2/gnuarm~1/102021~1.10/bin/../lib/gcc/arm-none-eabi/10.3.1/../../../../arm-none-eabi/lib/thumb/v7-m/nofp\libg.a(lib_a-__call_atexit.o)
 *(.init_array*)
 .init_array    0x0800b8d4        0x4 c:/progra~2/gnuarm~1/102021~1.10/bin/../lib/gcc/arm-none-eabi/10.3.1/thumb/v7-m/nofp/crtbegin.o
                0x0800b8d8                PROVIDE (__init_array_end = .)
                0x0800b8d8                . = ALIGN (0x4)

.fini_array     0x0800b8d8        0x4
                0x0800b8d8                . = ALIGN (0x4)
                0x0800b8d8                PROVIDE (__fini_array_start = .)
 *(SORT_BY_NAME(.fini_array.*))
 *(.fini_array*)
 .fini_array    0x0800b8d8        0x4 c:/progra~2/gnuarm~1/102021~1.10/bin/../lib/gcc/arm-none-eabi/10.3.1/thumb/v7-m/nofp/crtbegin.o
                0x0800b8dc                PROVIDE (__fini_array_end = .)
                0x0800b8dc                . = ALIGN (0x4)
                0x0800b8dc                _sidata = LOADADDR (.data)

.data           0x20000000      0xb28 load address 0x0800b8dc
                0x20000000                . = ALIGN (0x4)
                0x20000000                _sdata = .
 *(.data)
 *(.data*)
 .data.SystemCoreClock
                0x20000000        0x4 CMakeFiles/UltrasonicWave.elf.dir/Core/Src/system_stm32f1xx.c.obj
                0x20000000                SystemCoreClock
 .data.uwTickFreq
                0x20000004        0x1 CMakeFiles/UltrasonicWave.elf.dir/Drivers/STM32F1xx_HAL_Driver/Src/stm32f1xx_hal.c.obj
                0x20000004                uwTickFreq
 *fill*         0x20000005        0x3 
 .data.uwTickPrio
                0x20000008        0x4 CMakeFiles/UltrasonicWave.elf.dir/Drivers/STM32F1xx_HAL_Driver/Src/stm32f1xx_hal.c.obj
                0x20000008                uwTickPrio
 .data.USBD_CDC
                0x2000000c       0x38 CMakeFiles/UltrasonicWave.elf.dir/Middlewares/ST/STM32_USB_Device_Library/Class/CDC/Src/usbd_cdc.c.obj
                0x2000000c                USBD_CDC
 .data.USBD_CDC_CfgFSDesc
                0x20000044       0x43 CMakeFiles/UltrasonicWave.elf.dir/Middlewares/ST/STM32_USB_Device_Library/Class/CDC/Src/usbd_cdc.c.obj
                0x20000044                USBD_CDC_CfgFSDesc
 *fill*         0x20000087        0x1 
 .data.USBD_CDC_CfgHSDesc
                0x20000088       0x43 CMakeFiles/UltrasonicWave.elf.dir/Middlewares/ST/STM32_USB_Device_Library/Class/CDC/Src/usbd_cdc.c.obj
                0x20000088                USBD_CDC_CfgHSDesc
 *fill*         0x200000cb        0x1 
 .data.USBD_CDC_DeviceQualifierDesc
                0x200000cc        0xa CMakeFiles/UltrasonicWave.elf.dir/Middlewares/ST/STM32_USB_Device_Library/Class/CDC/Src/usbd_cdc.c.obj
 *fill*         0x200000d6        0x2 
 .data.USBD_CDC_OtherSpeedCfgDesc
                0x200000d8       0x43 CMakeFiles/UltrasonicWave.elf.dir/Middlewares/ST/STM32_USB_Device_Library/Class/CDC/Src/usbd_cdc.c.obj
                0x200000d8                USBD_CDC_OtherSpeedCfgDesc
 *fill*         0x2000011b        0x1 
 .data.USBD_Interface_fops_FS
                0x2000011c       0x10 CMakeFiles/UltrasonicWave.elf.dir/USB_DEVICE/App/usbd_cdc_if.c.obj
                0x2000011c                USBD_Interface_fops_FS
 .data.FS_Desc  0x2000012c       0x1c CMakeFiles/UltrasonicWave.elf.dir/USB_DEVICE/App/usbd_desc.c.obj
                0x2000012c                FS_Desc
 .data.USBD_FS_DeviceDesc
                0x20000148       0x12 CMakeFiles/UltrasonicWave.elf.dir/USB_DEVICE/App/usbd_desc.c.obj
                0x20000148                USBD_FS_DeviceDesc
 *fill*         0x2000015a        0x2 
 .data.USBD_LangIDDesc
                0x2000015c        0x4 CMakeFiles/UltrasonicWave.elf.dir/USB_DEVICE/App/usbd_desc.c.obj
                0x2000015c                USBD_LangIDDesc
 .data.USBD_StringSerial
                0x20000160       0x1a CMakeFiles/UltrasonicWave.elf.dir/USB_DEVICE/App/usbd_desc.c.obj
                0x20000160                USBD_StringSerial
 *fill*         0x2000017a        0x2 
 .data._impure_ptr
                0x2000017c        0x4 c:/progra~2/gnuarm~1/102021~1.10/bin/../lib/gcc/arm-none-eabi/10.3.1/../../../../arm-none-eabi/lib/thumb/v7-m/nofp\libg.a(lib_a-impure.o)
                0x2000017c                _impure_ptr
 .data.impure_data
                0x20000180      0x428 c:/progra~2/gnuarm~1/102021~1.10/bin/../lib/gcc/arm-none-eabi/10.3.1/../../../../arm-none-eabi/lib/thumb/v7-m/nofp\libg.a(lib_a-impure.o)
 .data.__atexit_recursive_mutex
                0x200005a8        0x4 c:/progra~2/gnuarm~1/102021~1.10/bin/../lib/gcc/arm-none-eabi/10.3.1/../../../../arm-none-eabi/lib/thumb/v7-m/nofp\libg.a(lib_a-__call_atexit.o)
                0x200005a8                __atexit_recursive_mutex
 .data.__malloc_av_
                0x200005ac      0x408 c:/progra~2/gnuarm~1/102021~1.10/bin/../lib/gcc/arm-none-eabi/10.3.1/../../../../arm-none-eabi/lib/thumb/v7-m/nofp\libg.a(lib_a-mallocr.o)
                0x200005ac                __malloc_av_
 .data.__malloc_sbrk_base
                0x200009b4        0x4 c:/progra~2/gnuarm~1/102021~1.10/bin/../lib/gcc/arm-none-eabi/10.3.1/../../../../arm-none-eabi/lib/thumb/v7-m/nofp\libg.a(lib_a-mallocr.o)
                0x200009b4                __malloc_sbrk_base
 .data.__malloc_trim_threshold
                0x200009b8        0x4 c:/progra~2/gnuarm~1/102021~1.10/bin/../lib/gcc/arm-none-eabi/10.3.1/../../../../arm-none-eabi/lib/thumb/v7-m/nofp\libg.a(lib_a-mallocr.o)
                0x200009b8                __malloc_trim_threshold
 .data.__global_locale
                0x200009bc      0x16c c:/progra~2/gnuarm~1/102021~1.10/bin/../lib/gcc/arm-none-eabi/10.3.1/../../../../arm-none-eabi/lib/thumb/v7-m/nofp\libg.a(lib_a-locale.o)
                0x200009bc                __global_locale
 *(.RamFunc)
 *(.RamFunc*)
                0x20000b28                . = ALIGN (0x4)
                0x20000b28                _edata = .

.igot.plt       0x20000b28        0x0 load address 0x0800c404
 .igot.plt      0x20000b28        0x0 c:/progra~2/gnuarm~1/102021~1.10/bin/../lib/gcc/arm-none-eabi/10.3.1/thumb/v7-m/nofp/crtbegin.o
                0x20000b28                . = ALIGN (0x4)

.bss            0x20000b28     0x1274 load address 0x0800c404
                0x20000b28                _sbss = .
                0x20000b28                __bss_start__ = _sbss
 *(.bss)
 .bss           0x20000b28       0x1c c:/progra~2/gnuarm~1/102021~1.10/bin/../lib/gcc/arm-none-eabi/10.3.1/thumb/v7-m/nofp/crtbegin.o
 *(.bss*)
 .bss.counter   0x20000b44        0x4 CMakeFiles/UltrasonicWave.elf.dir/Core/Src/gpio.c.obj
                0x20000b44                counter
 .bss.low_flag  0x20000b48        0x1 CMakeFiles/UltrasonicWave.elf.dir/Core/Src/gpio.c.obj
                0x20000b48                low_flag
 .bss.up_flag   0x20000b49        0x1 CMakeFiles/UltrasonicWave.elf.dir/Core/Src/gpio.c.obj
                0x20000b49                up_flag
 *fill*         0x20000b4a        0x2 
 .bss.buffer    0x20000b4c       0x14 CMakeFiles/UltrasonicWave.elf.dir/Core/Src/main.c.obj
                0x20000b4c                buffer
 .bss.__sbrk_heap_end
                0x20000b60        0x4 CMakeFiles/UltrasonicWave.elf.dir/Core/Src/sysmem.c.obj
 .bss.htim1     0x20000b64       0x48 CMakeFiles/UltrasonicWave.elf.dir/Core/Src/tim.c.obj
                0x20000b64                htim1
 .bss.uwTick    0x20000bac        0x4 CMakeFiles/UltrasonicWave.elf.dir/Drivers/STM32F1xx_HAL_Driver/Src/stm32f1xx_hal.c.obj
                0x20000bac                uwTick
 .bss.cfgidx.0  0x20000bb0        0x1 CMakeFiles/UltrasonicWave.elf.dir/Middlewares/ST/STM32_USB_Device_Library/Core/Src/usbd_ctlreq.c.obj
 *fill*         0x20000bb1        0x3 
 .bss.hUsbDeviceFS
                0x20000bb4      0x2c4 CMakeFiles/UltrasonicWave.elf.dir/USB_DEVICE/App/usb_device.c.obj
                0x20000bb4                hUsbDeviceFS
 .bss.UserRxBufferFS
                0x20000e78      0x3e8 CMakeFiles/UltrasonicWave.elf.dir/USB_DEVICE/App/usbd_cdc_if.c.obj
                0x20000e78                UserRxBufferFS
 .bss.UserTxBufferFS
                0x20001260      0x3e8 CMakeFiles/UltrasonicWave.elf.dir/USB_DEVICE/App/usbd_cdc_if.c.obj
                0x20001260                UserTxBufferFS
 .bss.USBD_StrDesc
                0x20001648      0x200 CMakeFiles/UltrasonicWave.elf.dir/USB_DEVICE/App/usbd_desc.c.obj
                0x20001648                USBD_StrDesc
 .bss.hpcd_USB_FS
                0x20001848      0x2ec CMakeFiles/UltrasonicWave.elf.dir/USB_DEVICE/Target/usbd_conf.c.obj
                0x20001848                hpcd_USB_FS
 .bss.mem.0     0x20001b34      0x220 CMakeFiles/UltrasonicWave.elf.dir/USB_DEVICE/Target/usbd_conf.c.obj
 .bss.__lock___atexit_recursive_mutex
                0x20001d54        0x1 c:/progra~2/gnuarm~1/102021~1.10/bin/../lib/gcc/arm-none-eabi/10.3.1/../../../../arm-none-eabi/lib/thumb/v7-m/nofp\libg.a(lib_a-lock.o)
                0x20001d54                __lock___atexit_recursive_mutex
 *fill*         0x20001d55        0x3 
 .bss.__lock___malloc_recursive_mutex
                0x20001d58        0x1 c:/progra~2/gnuarm~1/102021~1.10/bin/../lib/gcc/arm-none-eabi/10.3.1/../../../../arm-none-eabi/lib/thumb/v7-m/nofp\libg.a(lib_a-lock.o)
                0x20001d58                __lock___malloc_recursive_mutex
 *fill*         0x20001d59        0x3 
 .bss.__lock___sfp_recursive_mutex
                0x20001d5c        0x1 c:/progra~2/gnuarm~1/102021~1.10/bin/../lib/gcc/arm-none-eabi/10.3.1/../../../../arm-none-eabi/lib/thumb/v7-m/nofp\libg.a(lib_a-lock.o)
                0x20001d5c                __lock___sfp_recursive_mutex
 *fill*         0x20001d5d        0x3 
 .bss.__lock___sinit_recursive_mutex
                0x20001d60        0x1 c:/progra~2/gnuarm~1/102021~1.10/bin/../lib/gcc/arm-none-eabi/10.3.1/../../../../arm-none-eabi/lib/thumb/v7-m/nofp\libg.a(lib_a-lock.o)
                0x20001d60                __lock___sinit_recursive_mutex
 *fill*         0x20001d61        0x3 
 .bss.__malloc_current_mallinfo
                0x20001d64       0x28 c:/progra~2/gnuarm~1/102021~1.10/bin/../lib/gcc/arm-none-eabi/10.3.1/../../../../arm-none-eabi/lib/thumb/v7-m/nofp\libg.a(lib_a-mallocr.o)
                0x20001d64                __malloc_current_mallinfo
 .bss.__malloc_max_sbrked_mem
                0x20001d8c        0x4 c:/progra~2/gnuarm~1/102021~1.10/bin/../lib/gcc/arm-none-eabi/10.3.1/../../../../arm-none-eabi/lib/thumb/v7-m/nofp\libg.a(lib_a-mallocr.o)
                0x20001d8c                __malloc_max_sbrked_mem
 .bss.__malloc_max_total_mem
                0x20001d90        0x4 c:/progra~2/gnuarm~1/102021~1.10/bin/../lib/gcc/arm-none-eabi/10.3.1/../../../../arm-none-eabi/lib/thumb/v7-m/nofp\libg.a(lib_a-mallocr.o)
                0x20001d90                __malloc_max_total_mem
 .bss.__malloc_top_pad
                0x20001d94        0x4 c:/progra~2/gnuarm~1/102021~1.10/bin/../lib/gcc/arm-none-eabi/10.3.1/../../../../arm-none-eabi/lib/thumb/v7-m/nofp\libg.a(lib_a-mallocr.o)
                0x20001d94                __malloc_top_pad
 .bss.errno     0x20001d98        0x4 c:/progra~2/gnuarm~1/102021~1.10/bin/../lib/gcc/arm-none-eabi/10.3.1/../../../../arm-none-eabi/lib/thumb/v7-m/nofp\libg.a(lib_a-reent.o)
                0x20001d98                errno
 *(COMMON)
                0x20001d9c                . = ALIGN (0x4)
                0x20001d9c                _ebss = .
                0x20001d9c                __bss_end__ = _ebss

._user_heap_stack
                0x20001d9c      0x604 load address 0x0800c404
                0x20001da0                . = ALIGN (0x8)
 *fill*         0x20001d9c        0x4 
                [!provide]                PROVIDE (end = .)
                0x20001da0                PROVIDE (_end = .)
                0x20001fa0                . = (. + _Min_Heap_Size)
 *fill*         0x20001da0      0x200 
                0x200023a0                . = (. + _Min_Stack_Size)
 *fill*         0x20001fa0      0x400 
                0x200023a0                . = ALIGN (0x8)

/DISCARD/
 libc.a(*)
 libm.a(*)
 libgcc.a(*)

.ARM.attributes
                0x00000000       0x29
 *(.ARM.attributes)
 .ARM.attributes
                0x00000000       0x1d c:/progra~2/gnuarm~1/102021~1.10/bin/../lib/gcc/arm-none-eabi/10.3.1/thumb/v7-m/nofp/crti.o
 .ARM.attributes
                0x0000001d       0x2d c:/progra~2/gnuarm~1/102021~1.10/bin/../lib/gcc/arm-none-eabi/10.3.1/thumb/v7-m/nofp/crtbegin.o
 .ARM.attributes
                0x0000004a       0x2d CMakeFiles/UltrasonicWave.elf.dir/Core/Src/gpio.c.obj
 .ARM.attributes
                0x00000077       0x2d CMakeFiles/UltrasonicWave.elf.dir/Core/Src/main.c.obj
 .ARM.attributes
                0x000000a4       0x2d CMakeFiles/UltrasonicWave.elf.dir/Core/Src/stm32f1xx_hal_msp.c.obj
 .ARM.attributes
                0x000000d1       0x2d CMakeFiles/UltrasonicWave.elf.dir/Core/Src/stm32f1xx_it.c.obj
 .ARM.attributes
                0x000000fe       0x2d CMakeFiles/UltrasonicWave.elf.dir/Core/Src/syscalls.c.obj
 .ARM.attributes
                0x0000012b       0x2d CMakeFiles/UltrasonicWave.elf.dir/Core/Src/sysmem.c.obj
 .ARM.attributes
                0x00000158       0x2d CMakeFiles/UltrasonicWave.elf.dir/Core/Src/system_stm32f1xx.c.obj
 .ARM.attributes
                0x00000185       0x2d CMakeFiles/UltrasonicWave.elf.dir/Core/Src/tim.c.obj
 .ARM.attributes
                0x000001b2       0x21 CMakeFiles/UltrasonicWave.elf.dir/Core/Startup/startup_stm32f103c8tx.s.obj
 .ARM.attributes
                0x000001d3       0x2d CMakeFiles/UltrasonicWave.elf.dir/Drivers/STM32F1xx_HAL_Driver/Src/stm32f1xx_hal.c.obj
 .ARM.attributes
                0x00000200       0x2d CMakeFiles/UltrasonicWave.elf.dir/Drivers/STM32F1xx_HAL_Driver/Src/stm32f1xx_hal_cortex.c.obj
 .ARM.attributes
                0x0000022d       0x2d CMakeFiles/UltrasonicWave.elf.dir/Drivers/STM32F1xx_HAL_Driver/Src/stm32f1xx_hal_gpio.c.obj
 .ARM.attributes
                0x0000025a       0x2d CMakeFiles/UltrasonicWave.elf.dir/Drivers/STM32F1xx_HAL_Driver/Src/stm32f1xx_hal_pcd.c.obj
 .ARM.attributes
                0x00000287       0x2d CMakeFiles/UltrasonicWave.elf.dir/Drivers/STM32F1xx_HAL_Driver/Src/stm32f1xx_hal_pcd_ex.c.obj
 .ARM.attributes
                0x000002b4       0x2d CMakeFiles/UltrasonicWave.elf.dir/Drivers/STM32F1xx_HAL_Driver/Src/stm32f1xx_hal_rcc.c.obj
 .ARM.attributes
                0x000002e1       0x2d CMakeFiles/UltrasonicWave.elf.dir/Drivers/STM32F1xx_HAL_Driver/Src/stm32f1xx_hal_rcc_ex.c.obj
 .ARM.attributes
                0x0000030e       0x2d CMakeFiles/UltrasonicWave.elf.dir/Drivers/STM32F1xx_HAL_Driver/Src/stm32f1xx_hal_tim.c.obj
 .ARM.attributes
                0x0000033b       0x2d CMakeFiles/UltrasonicWave.elf.dir/Drivers/STM32F1xx_HAL_Driver/Src/stm32f1xx_hal_tim_ex.c.obj
 .ARM.attributes
                0x00000368       0x2d CMakeFiles/UltrasonicWave.elf.dir/Drivers/STM32F1xx_HAL_Driver/Src/stm32f1xx_ll_usb.c.obj
 .ARM.attributes
                0x00000395       0x2d CMakeFiles/UltrasonicWave.elf.dir/Middlewares/ST/STM32_USB_Device_Library/Class/CDC/Src/usbd_cdc.c.obj
 .ARM.attributes
                0x000003c2       0x2d CMakeFiles/UltrasonicWave.elf.dir/Middlewares/ST/STM32_USB_Device_Library/Core/Src/usbd_core.c.obj
 .ARM.attributes
                0x000003ef       0x2d CMakeFiles/UltrasonicWave.elf.dir/Middlewares/ST/STM32_USB_Device_Library/Core/Src/usbd_ctlreq.c.obj
 .ARM.attributes
                0x0000041c       0x2d CMakeFiles/UltrasonicWave.elf.dir/Middlewares/ST/STM32_USB_Device_Library/Core/Src/usbd_ioreq.c.obj
 .ARM.attributes
                0x00000449       0x2d CMakeFiles/UltrasonicWave.elf.dir/USB_DEVICE/App/usb_device.c.obj
 .ARM.attributes
                0x00000476       0x2d CMakeFiles/UltrasonicWave.elf.dir/USB_DEVICE/App/usbd_cdc_if.c.obj
 .ARM.attributes
                0x000004a3       0x2d CMakeFiles/UltrasonicWave.elf.dir/USB_DEVICE/App/usbd_desc.c.obj
 .ARM.attributes
                0x000004d0       0x2d CMakeFiles/UltrasonicWave.elf.dir/USB_DEVICE/Target/usbd_conf.c.obj
 .ARM.attributes
                0x000004fd       0x1d c:/progra~2/gnuarm~1/102021~1.10/bin/../lib/gcc/arm-none-eabi/10.3.1/thumb/v7-m/nofp\libgcc.a(_arm_addsubdf3.o)
 .ARM.attributes
                0x0000051a       0x1d c:/progra~2/gnuarm~1/102021~1.10/bin/../lib/gcc/arm-none-eabi/10.3.1/thumb/v7-m/nofp\libgcc.a(_arm_muldivdf3.o)
 .ARM.attributes
                0x00000537       0x1d c:/progra~2/gnuarm~1/102021~1.10/bin/../lib/gcc/arm-none-eabi/10.3.1/thumb/v7-m/nofp\libgcc.a(_arm_addsubsf3.o)
 .ARM.attributes
                0x00000554       0x2d c:/progra~2/gnuarm~1/102021~1.10/bin/../lib/gcc/arm-none-eabi/10.3.1/../../../../arm-none-eabi/lib/thumb/v7-m/nofp\libg.a(lib_a-errno.o)
 .ARM.attributes
                0x00000581       0x2d c:/progra~2/gnuarm~1/102021~1.10/bin/../lib/gcc/arm-none-eabi/10.3.1/../../../../arm-none-eabi/lib/thumb/v7-m/nofp\libg.a(lib_a-impure.o)
 .ARM.attributes
                0x000005ae       0x2d c:/progra~2/gnuarm~1/102021~1.10/bin/../lib/gcc/arm-none-eabi/10.3.1/../../../../arm-none-eabi/lib/thumb/v7-m/nofp\libg.a(lib_a-init.o)
 .ARM.attributes
                0x000005db       0x2d c:/progra~2/gnuarm~1/102021~1.10/bin/../lib/gcc/arm-none-eabi/10.3.1/../../../../arm-none-eabi/lib/thumb/v7-m/nofp\libg.a(lib_a-memset.o)
 .ARM.attributes
                0x00000608       0x2d c:/progra~2/gnuarm~1/102021~1.10/bin/../lib/gcc/arm-none-eabi/10.3.1/../../../../arm-none-eabi/lib/thumb/v7-m/nofp\libg.a(lib_a-sprintf.o)
 .ARM.attributes
                0x00000635       0x2d c:/progra~2/gnuarm~1/102021~1.10/bin/../lib/gcc/arm-none-eabi/10.3.1/../../../../arm-none-eabi/lib/thumb/v7-m/nofp\libg.a(lib_a-strlen-stub.o)
 .ARM.attributes
                0x00000662       0x2d c:/progra~2/gnuarm~1/102021~1.10/bin/../lib/gcc/arm-none-eabi/10.3.1/../../../../arm-none-eabi/lib/thumb/v7-m/nofp\libg.a(lib_a-svfprintf.o)
 .ARM.attributes
                0x0000068f       0x2d c:/progra~2/gnuarm~1/102021~1.10/bin/../lib/gcc/arm-none-eabi/10.3.1/../../../../arm-none-eabi/lib/thumb/v7-m/nofp\libg.a(lib_a-__call_atexit.o)
 .ARM.attributes
                0x000006bc       0x2d c:/progra~2/gnuarm~1/102021~1.10/bin/../lib/gcc/arm-none-eabi/10.3.1/../../../../arm-none-eabi/lib/thumb/v7-m/nofp\libg.a(lib_a-atexit.o)
 .ARM.attributes
                0x000006e9       0x2d c:/progra~2/gnuarm~1/102021~1.10/bin/../lib/gcc/arm-none-eabi/10.3.1/../../../../arm-none-eabi/lib/thumb/v7-m/nofp\libg.a(lib_a-dtoa.o)
 .ARM.attributes
                0x00000716       0x2d c:/progra~2/gnuarm~1/102021~1.10/bin/../lib/gcc/arm-none-eabi/10.3.1/../../../../arm-none-eabi/lib/thumb/v7-m/nofp\libg.a(lib_a-fini.o)
 .ARM.attributes
                0x00000743       0x2d c:/progra~2/gnuarm~1/102021~1.10/bin/../lib/gcc/arm-none-eabi/10.3.1/../../../../arm-none-eabi/lib/thumb/v7-m/nofp\libg.a(lib_a-freer.o)
 .ARM.attributes
                0x00000770       0x2d c:/progra~2/gnuarm~1/102021~1.10/bin/../lib/gcc/arm-none-eabi/10.3.1/../../../../arm-none-eabi/lib/thumb/v7-m/nofp\libg.a(lib_a-localeconv.o)
 .ARM.attributes
                0x0000079d       0x2d c:/progra~2/gnuarm~1/102021~1.10/bin/../lib/gcc/arm-none-eabi/10.3.1/../../../../arm-none-eabi/lib/thumb/v7-m/nofp\libg.a(lib_a-lock.o)
 .ARM.attributes
                0x000007ca       0x2d c:/progra~2/gnuarm~1/102021~1.10/bin/../lib/gcc/arm-none-eabi/10.3.1/../../../../arm-none-eabi/lib/thumb/v7-m/nofp\libg.a(lib_a-mallocr.o)
 .ARM.attributes
                0x000007f7       0x2d c:/progra~2/gnuarm~1/102021~1.10/bin/../lib/gcc/arm-none-eabi/10.3.1/../../../../arm-none-eabi/lib/thumb/v7-m/nofp\libg.a(lib_a-memchr-stub.o)
 .ARM.attributes
                0x00000824       0x1b c:/progra~2/gnuarm~1/102021~1.10/bin/../lib/gcc/arm-none-eabi/10.3.1/../../../../arm-none-eabi/lib/thumb/v7-m/nofp\libg.a(lib_a-memcpy.o)
 .ARM.attributes