Archive member included to satisfy reference by file (symbol)

c:/progra~2/armgnu~1/12dbab~1.2re/bin/../lib/gcc/arm-none-eabi/12.2.1/thumb/v7-m/nofp\libgcc.a(_arm_muldf3.o)
                              CMakeFiles/UltrasonicWave.elf.dir/Core/Src/main.c.obj (__aeabi_dmul)
c:/progra~2/armgnu~1/12dbab~1.2re/bin/../lib/gcc/arm-none-eabi/12.2.1/thumb/v7-m/nofp\libgcc.a(_arm_addsubdf3.o)
                              CMakeFiles/UltrasonicWave.elf.dir/Core/Src/main.c.obj (__aeabi_f2d)
c:/progra~2/armgnu~1/12dbab~1.2re/bin/../lib/gcc/arm-none-eabi/12.2.1/thumb/v7-m/nofp\libgcc.a(_arm_muldivdf3.o)
                              CMakeFiles/UltrasonicWave.elf.dir/Core/Src/main.c.obj (__aeabi_ddiv)
c:/progra~2/armgnu~1/12dbab~1.2re/bin/../lib/gcc/arm-none-eabi/12.2.1/thumb/v7-m/nofp\libgcc.a(_arm_addsubsf3.o)
                              CMakeFiles/UltrasonicWave.elf.dir/Core/Src/main.c.obj (__aeabi_ui2f)
c:/progra~2/armgnu~1/12dbab~1.2re/bin/../lib/gcc/arm-none-eabi/12.2.1/thumb/v7-m/nofp\libg.a(libc_a-exit.o)
                              c:/progra~2/armgnu~1/12dbab~1.2re/bin/../lib/gcc/arm-none-eabi/12.2.1/thumb/v7-m/nofp/crt0.o (exit)
c:/progra~2/armgnu~1/12dbab~1.2re/bin/../lib/gcc/arm-none-eabi/12.2.1/thumb/v7-m/nofp\libg.a(libc_a-findfp.o)
                              c:/progra~2/armgnu~1/12dbab~1.2re/bin/../lib/gcc/arm-none-eabi/12.2.1/thumb/v7-m/nofp\libg.a(libc_a-exit.o) (__stdio_exit_handler)
c:/progra~2/armgnu~1/12dbab~1.2re/bin/../lib/gcc/arm-none-eabi/12.2.1/thumb/v7-m/nofp\libg.a(libc_a-fwalk.o)
                              c:/progra~2/armgnu~1/12dbab~1.2re/bin/../lib/gcc/arm-none-eabi/12.2.1/thumb/v7-m/nofp\libg.a(libc_a-findfp.o) (_fwalk_sglue)
c:/progra~2/armgnu~1/12dbab~1.2re/bin/../lib/gcc/arm-none-eabi/12.2.1/thumb/v7-m/nofp\libg.a(libc_a-sprintf.o)
                              CMakeFiles/UltrasonicWave.elf.dir/Core/Src/main.c.obj (sprintf)
c:/progra~2/armgnu~1/12dbab~1.2re/bin/../lib/gcc/arm-none-eabi/12.2.1/thumb/v7-m/nofp\libg.a(libc_a-stdio.o)
                              c:/progra~2/armgnu~1/12dbab~1.2re/bin/../lib/gcc/arm-none-eabi/12.2.1/thumb/v7-m/nofp\libg.a(libc_a-findfp.o) (__sread)
c:/progra~2/armgnu~1/12dbab~1.2re/bin/../lib/gcc/arm-none-eabi/12.2.1/thumb/v7-m/nofp\libg.a(libc_a-memset.o)
                              c:/progra~2/armgnu~1/12dbab~1.2re/bin/../lib/gcc/arm-none-eabi/12.2.1/thumb/v7-m/nofp/crt0.o (memset)
c:/progra~2/armgnu~1/12dbab~1.2re/bin/../lib/gcc/arm-none-eabi/12.2.1/thumb/v7-m/nofp\libg.a(libc_a-closer.o)
                              c:/progra~2/armgnu~1/12dbab~1.2re/bin/../lib/gcc/arm-none-eabi/12.2.1/thumb/v7-m/nofp\libg.a(libc_a-stdio.o) (_close_r)
c:/progra~2/armgnu~1/12dbab~1.2re/bin/../lib/gcc/arm-none-eabi/12.2.1/thumb/v7-m/nofp\libg.a(libc_a-reent.o)
                              c:/progra~2/armgnu~1/12dbab~1.2re/bin/../lib/gcc/arm-none-eabi/12.2.1/thumb/v7-m/nofp\libg.a(libc_a-closer.o) (errno)
c:/progra~2/armgnu~1/12dbab~1.2re/bin/../lib/gcc/arm-none-eabi/12.2.1/thumb/v7-m/nofp\libg.a(libc_a-impure.o)
                              c:/progra~2/armgnu~1/12dbab~1.2re/bin/../lib/gcc/arm-none-eabi/12.2.1/thumb/v7-m/nofp\libg.a(libc_a-sprintf.o) (_impure_ptr)
c:/progra~2/armgnu~1/12dbab~1.2re/bin/../lib/gcc/arm-none-eabi/12.2.1/thumb/v7-m/nofp\libg.a(libc_a-lseekr.o)
                              c:/progra~2/armgnu~1/12dbab~1.2re/bin/../lib/gcc/arm-none-eabi/12.2.1/thumb/v7-m/nofp\libg.a(libc_a-stdio.o) (_lseek_r)
c:/progra~2/armgnu~1/12dbab~1.2re/bin/../lib/gcc/arm-none-eabi/12.2.1/thumb/v7-m/nofp\libg.a(libc_a-readr.o)
                              c:/progra~2/armgnu~1/12dbab~1.2re/bin/../lib/gcc/arm-none-eabi/12.2.1/thumb/v7-m/nofp\libg.a(libc_a-stdio.o) (_read_r)
c:/progra~2/armgnu~1/12dbab~1.2re/bin/../lib/gcc/arm-none-eabi/12.2.1/thumb/v7-m/nofp\libg.a(libc_a-writer.o)
                              c:/progra~2/armgnu~1/12dbab~1.2re/bin/../lib/gcc/arm-none-eabi/12.2.1/thumb/v7-m/nofp\libg.a(libc_a-stdio.o) (_write_r)
c:/progra~2/armgnu~1/12dbab~1.2re/bin/../lib/gcc/arm-none-eabi/12.2.1/thumb/v7-m/nofp\libg.a(libc_a-errno.o)
                              CMakeFiles/UltrasonicWave.elf.dir/Core/Src/syscalls.c.obj (__errno)
c:/progra~2/armgnu~1/12dbab~1.2re/bin/../lib/gcc/arm-none-eabi/12.2.1/thumb/v7-m/nofp\libg.a(libc_a-init.o)
                              c:/progra~2/armgnu~1/12dbab~1.2re/bin/../lib/gcc/arm-none-eabi/12.2.1/thumb/v7-m/nofp/crt0.o (__libc_init_array)
c:/progra~2/armgnu~1/12dbab~1.2re/bin/../lib/gcc/arm-none-eabi/12.2.1/thumb/v7-m/nofp\libg.a(libc_a-lock.o)
                              c:/progra~2/armgnu~1/12dbab~1.2re/bin/../lib/gcc/arm-none-eabi/12.2.1/thumb/v7-m/nofp\libg.a(libc_a-findfp.o) (__retarget_lock_init_recursive)
c:/progra~2/armgnu~1/12dbab~1.2re/bin/../lib/gcc/arm-none-eabi/12.2.1/thumb/v7-m/nofp\libg.a(libc_a-strlen-stub.o)
                              CMakeFiles/UltrasonicWave.elf.dir/Core/Src/main.c.obj (strlen)
[...]
Memory Configuration

Name             Origin             Length             Attributes
RAM              0x20000000         0x00005000         xrw
FLASH            0x08000000         0x00010000         xr
*default*        0x00000000         0xffffffff

Linker script and memory map

LOAD c:/progra~2/armgnu~1/12dbab~1.2re/bin/../lib/gcc/arm-none-eabi/12.2.1/thumb/v7-m/nofp/crti.o
LOAD c:/progra~2/armgnu~1/12dbab~1.2re/bin/../lib/gcc/arm-none-eabi/12.2.1/thumb/v7-m/nofp/crtbegin.o
LOAD c:/progra~2/armgnu~1/12dbab~1.2re/bin/../lib/gcc/arm-none-eabi/12.2.1/thumb/v7-m/nofp/crt0.o
LOAD CMakeFiles/UltrasonicWave.elf.dir/Core/Src/gpio.c.obj
LOAD CMakeFiles/UltrasonicWave.elf.dir/Core/Src/main.c.obj
LOAD CMakeFiles/UltrasonicWave.elf.dir/Core/Src/stm32f1xx_hal_msp.c.obj
LOAD CMakeFiles/UltrasonicWave.elf.dir/Core/Src/stm32f1xx_it.c.obj
LOAD CMakeFiles/UltrasonicWave.elf.dir/Core/Src/syscalls.c.obj
LOAD CMakeFiles/UltrasonicWave.elf.dir/Core/Src/sysmem.c.obj
LOAD CMakeFiles/UltrasonicWave.elf.dir/Core/Src/system_stm32f1xx.c.obj
LOAD CMakeFiles/UltrasonicWave.elf.dir/Core/Src/tim.c.obj
LOAD CMakeFiles/UltrasonicWave.elf.dir/Core/Startup/startup_stm32f103c8tx.s.obj
LOAD CMakeFiles/UltrasonicWave.elf.dir/Drivers/STM32F1xx_HAL_Driver/Src/stm32f1xx_hal.c.obj
LOAD CMakeFiles/UltrasonicWave.elf.dir/Drivers/STM32F1xx_HAL_Driver/Src/stm32f1xx_hal_cortex.c.obj
LOAD CMakeFiles/UltrasonicWave.elf.dir/Drivers/STM32F1xx_HAL_Driver/Src/stm32f1xx_hal_dma.c.obj
LOAD CMakeFiles/UltrasonicWave.elf.dir/Drivers/STM32F1xx_HAL_Driver/Src/stm32f1xx_hal_exti.c.obj
LOAD CMakeFiles/UltrasonicWave.elf.dir/Drivers/STM32F1xx_HAL_Driver/Src/stm32f1xx_hal_flash.c.obj
LOAD CMakeFiles/UltrasonicWave.elf.dir/Drivers/STM32F1xx_HAL_Driver/Src/stm32f1xx_hal_flash_ex.c.obj
LOAD CMakeFiles/UltrasonicWave.elf.dir/Drivers/STM32F1xx_HAL_Driver/Src/stm32f1xx_hal_gpio.c.obj
LOAD CMakeFiles/UltrasonicWave.elf.dir/Drivers/STM32F1xx_HAL_Driver/Src/stm32f1xx_hal_gpio_ex.c.obj
LOAD CMakeFiles/UltrasonicWave.elf.dir/Drivers/STM32F1xx_HAL_Driver/Src/stm32f1xx_hal_pcd.c.obj
LOAD CMakeFiles/UltrasonicWave.elf.dir/Drivers/STM32F1xx_HAL_Driver/Src/stm32f1xx_hal_pcd_ex.c.obj
LOAD CMakeFiles/UltrasonicWave.elf.dir/Drivers/STM32F1xx_HAL_Driver/Src/stm32f1xx_hal_pwr.c.obj
LOAD CMakeFiles/UltrasonicWave.elf.dir/Drivers/STM32F1xx_HAL_Driver/Src/stm32f1xx_hal_rcc.c.obj
LOAD CMakeFiles/UltrasonicWave.elf.dir/Drivers/STM32F1xx_HAL_Driver/Src/stm32f1xx_hal_rcc_ex.c.obj
LOAD CMakeFiles/UltrasonicWave.elf.dir/Drivers/STM32F1xx_HAL_Driver/Src/stm32f1xx_hal_tim.c.obj
LOAD CMakeFiles/UltrasonicWave.elf.dir/Drivers/STM32F1xx_HAL_Driver/Src/stm32f1xx_hal_tim_ex.c.obj
LOAD CMakeFiles/UltrasonicWave.elf.dir/Drivers/STM32F1xx_HAL_Driver/Src/stm32f1xx_ll_usb.c.obj
LOAD CMakeFiles/UltrasonicWave.elf.dir/Middlewares/ST/STM32_USB_Device_Library/Class/CDC/Src/usbd_cdc.c.obj
LOAD CMakeFiles/UltrasonicWave.elf.dir/Middlewares/ST/STM32_USB_Device_Library/Core/Src/usbd_core.c.obj
LOAD CMakeFiles/UltrasonicWave.elf.dir/Middlewares/ST/STM32_USB_Device_Library/Core/Src/usbd_ctlreq.c.obj
LOAD CMakeFiles/UltrasonicWave.elf.dir/Middlewares/ST/STM32_USB_Device_Library/Core/Src/usbd_ioreq.c.obj
LOAD CMakeFiles/UltrasonicWave.elf.dir/USB_DEVICE/App/usb_device.c.obj
LOAD CMakeFiles/UltrasonicWave.elf.dir/USB_DEVICE/App/usbd_cdc_if.c.obj
LOAD CMakeFiles/UltrasonicWave.elf.dir/USB_DEVICE/App/usbd_desc.c.obj
LOAD CMakeFiles/UltrasonicWave.elf.dir/USB_DEVICE/Target/usbd_conf.c.obj
START GROUP
LOAD c:/progra~2/armgnu~1/12dbab~1.2re/bin/../lib/gcc/arm-none-eabi/12.2.1/thumb/v7-m/nofp\libgcc.a
LOAD c:/progra~2/armgnu~1/12dbab~1.2re/bin/../lib/gcc/arm-none-eabi/12.2.1/thumb/v7-m/nofp\libg.a
LOAD c:/progra~2/armgnu~1/12dbab~1.2re/bin/../lib/gcc/arm-none-eabi/12.2.1/thumb/v7-m/nofp\libc.a
END GROUP
LOAD c:/progra~2/armgnu~1/12dbab~1.2re/bin/../lib/gcc/arm-none-eabi/12.2.1/thumb/v7-m/nofp/crtend.o
LOAD c:/progra~2/armgnu~1/12dbab~1.2re/bin/../lib/gcc/arm-none-eabi/12.2.1/thumb/v7-m/nofp/crtn.o
                0x20005000                _estack = (ORIGIN (RAM) + LENGTH (RAM))
                0x00000200                _Min_Heap_Size = 0x200
                0x00000400                _Min_Stack_Size = 0x400

.isr_vector     0x08000000      0x10c
                0x08000000                . = ALIGN (0x4)
 *(.isr_vector)
 .isr_vector    0x08000000      0x10c CMakeFiles/UltrasonicWave.elf.dir/Core/Startup/startup_stm32f103c8tx.s.obj
                0x08000000                g_pfnVectors
                0x0800010c                . = ALIGN (0x4)

.text           0x08000110     0xb544
                0x08000110                . = ALIGN (0x4)
 *(.text)
 .text          0x08000110      0x378 c:/progra~2/armgnu~1/12dbab~1.2re/bin/../lib/gcc/arm-none-eabi/12.2.1/thumb/v7-m/nofp\libgcc.a(_arm_addsubdf3.o)
                0x08000110                __aeabi_drsub
                0x08000118                __aeabi_dsub
                0x08000118                __subdf3
                0x0800011c                __aeabi_dadd
                0x0800011c                __adddf3
                0x08000394                __floatunsidf
                0x08000394                __aeabi_ui2d
                0x080003b4                __floatsidf
                0x080003b4                __aeabi_i2d
                0x080003d8                __aeabi_f2d
                0x080003d8                __extendsfdf2
                0x0800041c                __floatundidf
                0x0800041c                __aeabi_ul2d
                0x0800042c                __floatdidf
                0x0800042c                __aeabi_l2d
 .text          0x08000488      0x424 c:/progra~2/armgnu~1/12dbab~1.2re/bin/../lib/gcc/arm-none-eabi/12.2.1/thumb/v7-m/nofp\libgcc.a(_arm_muldivdf3.o)
                0x08000488                __aeabi_dmul
                0x08000488                __muldf3
                0x080006dc                __divdf3
                0x080006dc                __aeabi_ddiv
 .text          0x080008ac      0x21c c:/progra~2/armgnu~1/12dbab~1.2re/bin/../lib/gcc/arm-none-eabi/12.2.1/thumb/v7-m/nofp\libgcc.a(_arm_addsubsf3.o)
                0x080008ac                __aeabi_frsub
                0x080008b4                __subsf3
                0x080008b4                __aeabi_fsub
                0x080008b8                __aeabi_fadd
                0x080008b8                __addsf3
                0x08000a18                __aeabi_ui2f
                0x08000a18                __floatunsisf
                0x08000a20                __aeabi_i2f
                0x08000a20                __floatsisf
                0x08000a3c                __aeabi_ul2f
                0x08000a3c                __floatundisf
                0x08000a4c                __aeabi_l2f
                0x08000a4c                __floatdisf
 .text          0x08000ac8       0xec c:/progra~2/armgnu~1/12dbab~1.2re/bin/../lib/gcc/arm-none-eabi/12.2.1/thumb/v7-m/nofp\libg.a(libc_a-memcpy.o)
                0x08000ac8                memcpy
 .text          0x08000bb4      0x110 c:/progra~2/armgnu~1/12dbab~1.2re/bin/../lib/gcc/arm-none-eabi/12.2.1/thumb/v7-m/nofp\libgcc.a(_arm_cmpdf2.o)
                0x08000bb4                __gtdf2
                0x08000bb4                __gedf2
                0x08000bbc                __ltdf2
                0x08000bbc                __ledf2
                0x08000bc4                __nedf2
                0x08000bc4                __eqdf2
                0x08000bc4                __cmpdf2
                0x08000c40                __aeabi_cdrcmple
                0x08000c50                __aeabi_cdcmpeq
                0x08000c50                __aeabi_cdcmple
                0x08000c60                __aeabi_dcmpeq
                0x08000c74                __aeabi_dcmplt
                0x08000c88                __aeabi_dcmple
                0x08000c9c                __aeabi_dcmpge
                0x08000cb0                __aeabi_dcmpgt
 .text          0x08000cc4       0x2c c:/progra~2/armgnu~1/12dbab~1.2re/bin/../lib/gcc/arm-none-eabi/12.2.1/thumb/v7-m/nofp\libgcc.a(_arm_unorddf2.o)
                0x08000cc4                __unorddf2
                0x08000cc4                __aeabi_dcmpun
 .text          0x08000cf0       0x50 c:/progra~2/armgnu~1/12dbab~1.2re/bin/../lib/gcc/arm-none-eabi/12.2.1/thumb/v7-m/nofp\libgcc.a(_arm_fixdfsi.o)
                0x08000cf0                __aeabi_d2iz
                0x08000cf0                __fixdfsi
 *(.text*)
 .text.deregister_tm_clones
                0x08000d40       0x1c c:/progra~2/armgnu~1/12dbab~1.2re/bin/../lib/gcc/arm-none-eabi/12.2.1/thumb/v7-m/nofp/crtbegin.o
 .text.register_tm_clones
                0x08000d5c       0x24 c:/progra~2/armgnu~1/12dbab~1.2re/bin/../lib/gcc/arm-none-eabi/12.2.1/thumb/v7-m/nofp/crtbegin.o
 .text.__do_global_dtors_aux
                0x08000d80       0x28 c:/progra~2/armgnu~1/12dbab~1.2re/bin/../lib/gcc/arm-none-eabi/12.2.1/thumb/v7-m/nofp/crtbegin.o
 .text.frame_dummy
                0x08000da8       0x24 c:/progra~2/armgnu~1/12dbab~1.2re/bin/../lib/gcc/arm-none-eabi/12.2.1/thumb/v7-m/nofp/crtbegin.o
 .text.MX_GPIO_Init
                0x08000dcc       0x98 CMakeFiles/UltrasonicWave.elf.dir/Core/Src/gpio.c.obj
                0x08000dcc                MX_GPIO_Init
 .text.HAL_GPIO_EXTI_Callback
                0x08000e64       0x48 CMakeFiles/UltrasonicWave.elf.dir/Core/Src/gpio.c.obj
                0x08000e64                HAL_GPIO_EXTI_Callback
 .text.delay_us
                0x08000eac       0x40 CMakeFiles/UltrasonicWave.elf.dir/Core/Src/main.c.obj
                0x08000eac                delay_us
 .text.Error_Handler
                0x08000eec        0x4 CMakeFiles/UltrasonicWave.elf.dir/Core/Src/main.c.obj
                0x08000eec                Error_Handler
 .text.SystemClock_Config
                0x08000ef0       0x82 CMakeFiles/UltrasonicWave.elf.dir/Core/Src/main.c.obj
                0x08000ef0                SystemClock_Config
 *fill*         0x08000f72        0x6 
 .text.main     0x08000f78       0xb8 CMakeFiles/UltrasonicWave.elf.dir/Core/Src/main.c.obj
                0x08000f78                main
 .text.HAL_MspInit
                0x08001030       0x44 CMakeFiles/UltrasonicWave.elf.dir/Core/Src/stm32f1xx_hal_msp.c.obj
                0x08001030                HAL_MspInit
 .text.NMI_Handler
                0x08001074        0x2 CMakeFiles/UltrasonicWave.elf.dir/Core/Src/stm32f1xx_it.c.obj
                0x08001074                NMI_Handler
 .text.HardFault_Handler
                0x08001076        0x2 CMakeFiles/UltrasonicWave.elf.dir/Core/Src/stm32f1xx_it.c.obj
                0x08001076                HardFault_Handler
 .text.MemManage_Handler
                0x08001078        0x2 CMakeFiles/UltrasonicWave.elf.dir/Core/Src/stm32f1xx_it.c.obj
                0x08001078                MemManage_Handler
 .text.BusFault_Handler
                0x0800107a        0x2 CMakeFiles/UltrasonicWave.elf.dir/Core/Src/stm32f1xx_it.c.obj
                0x0800107a                BusFault_Handler
 .text.UsageFault_Handler
                0x0800107c        0x2 CMakeFiles/UltrasonicWave.elf.dir/Core/Src/stm32f1xx_it.c.obj
                0x0800107c                UsageFault_Handler
 .text.SVC_Handler
                0x0800107e        0x2 CMakeFiles/UltrasonicWave.elf.dir/Core/Src/stm32f1xx_it.c.obj
                0x0800107e                SVC_Handler
 .text.DebugMon_Handler
                0x08001080        0x2 CMakeFiles/UltrasonicWave.elf.dir/Core/Src/stm32f1xx_it.c.obj
                0x08001080                DebugMon_Handler
 .text.PendSV_Handler
                0x08001082        0x2 CMakeFiles/UltrasonicWave.elf.dir/Core/Src/stm32f1xx_it.c.obj
                0x08001082                PendSV_Handler
 .text.SysTick_Handler
                0x08001084        0x8 CMakeFiles/UltrasonicWave.elf.dir/Core/Src/stm32f1xx_it.c.obj
                0x08001084                SysTick_Handler
 .text.EXTI1_IRQHandler
                0x0800108c        0xa CMakeFiles/UltrasonicWave.elf.dir/Core/Src/stm32f1xx_it.c.obj
                0x0800108c                EXTI1_IRQHandler
 *fill*         0x08001096        0x2 
 .text.USB_LP_CAN1_RX0_IRQHandler
                0x08001098       0x10 CMakeFiles/UltrasonicWave.elf.dir/Core/Src/stm32f1xx_it.c.obj
                0x08001098                USB_LP_CAN1_RX0_IRQHandler
 .text._getpid  0x080010a8        0x4 CMakeFiles/UltrasonicWave.elf.dir/Core/Src/syscalls.c.obj
                0x080010a8                _getpid
 .text._kill    0x080010ac       0x10 CMakeFiles/UltrasonicWave.elf.dir/Core/Src/syscalls.c.obj
                0x080010ac                _kill
 .text._exit    0x080010bc        0xc CMakeFiles/UltrasonicWave.elf.dir/Core/Src/syscalls.c.obj
                0x080010bc                _exit
 .text._read    0x080010c8       0x20 CMakeFiles/UltrasonicWave.elf.dir/Core/Src/syscalls.c.obj
                0x080010c8                _read
 .text._write   0x080010e8       0x1c CMakeFiles/UltrasonicWave.elf.dir/Core/Src/syscalls.c.obj
                0x080010e8                _write
 .text._close   0x08001104        0x6 CMakeFiles/UltrasonicWave.elf.dir/Core/Src/syscalls.c.obj
                0x08001104                _close
 .text._fstat   0x0800110a        0xa CMakeFiles/UltrasonicWave.elf.dir/Core/Src/syscalls.c.obj
                0x0800110a                _fstat
 .text._isatty  0x08001114        0x4 CMakeFiles/UltrasonicWave.elf.dir/Core/Src/syscalls.c.obj
                0x08001114                _isatty
 .text._lseek   0x08001118        0x4 CMakeFiles/UltrasonicWave.elf.dir/Core/Src/syscalls.c.obj
                0x08001118                _lseek
 .text._sbrk    0x0800111c       0x48 CMakeFiles/UltrasonicWave.elf.dir/Core/Src/sysmem.c.obj
                0x0800111c                _sbrk
 .text.SystemInit
                0x08001164        0x2 CMakeFiles/UltrasonicWave.elf.dir/Core/Src/system_stm32f1xx.c.obj
                0x08001164                SystemInit
 *fill*         0x08001166        0x2 
 .text.MX_TIM1_Init
                0x08001168       0x70 CMakeFiles/UltrasonicWave.elf.dir/Core/Src/tim.c.obj
                0x08001168                MX_TIM1_Init
 .text.HAL_TIM_Base_MspInit
                0x080011d8       0x2c CMakeFiles/UltrasonicWave.elf.dir/Core/Src/tim.c.obj
                0x080011d8                HAL_TIM_Base_MspInit
 .text.Reset_Handler
                0x08001204       0x48 CMakeFiles/UltrasonicWave.elf.dir/Core/Startup/startup_stm32f103c8tx.s.obj
                0x08001204                Reset_Handler
 .text.Default_Handler
                0x0800124c        0x2 CMakeFiles/UltrasonicWave.elf.dir/Core/Startup/startup_stm32f103c8tx.s.obj
                0x0800124c                RTC_Alarm_IRQHandler
                0x0800124c                EXTI2_IRQHandler
                0x0800124c                TIM1_CC_IRQHandler
                0x0800124c                PVD_IRQHandler
                0x0800124c                EXTI3_IRQHandler
                0x0800124c                EXTI0_IRQHandler
                0x0800124c                I2C2_EV_IRQHandler
                0x0800124c                ADC1_2_IRQHandler
                0x0800124c                SPI1_IRQHandler
                0x0800124c                TAMPER_IRQHandler
                0x0800124c                DMA1_Channel4_IRQHandler
                0x0800124c                USART3_IRQHandler
                0x0800124c                RTC_IRQHandler
                0x0800124c                DMA1_Channel7_IRQHandler
                0x0800124c                CAN1_RX1_IRQHandler
                0x0800124c                TIM4_IRQHandler
                0x0800124c                I2C1_EV_IRQHandler
                0x0800124c                DMA1_Channel6_IRQHandler
                0x0800124c                TIM3_IRQHandler
                0x0800124c                RCC_IRQHandler
                0x0800124c                TIM1_TRG_COM_IRQHandler
                0x0800124c                DMA1_Channel1_IRQHandler
                0x0800124c                Default_Handler
                0x0800124c                EXTI15_10_IRQHandler
                0x0800124c                EXTI9_5_IRQHandler
                0x0800124c                SPI2_IRQHandler
                0x0800124c                DMA1_Channel5_IRQHandler
                0x0800124c                EXTI4_IRQHandler
                0x0800124c                USB_HP_CAN1_TX_IRQHandler
                0x0800124c                DMA1_Channel3_IRQHandler
                0x0800124c                TIM1_UP_IRQHandler
                0x0800124c                WWDG_IRQHandler
                0x0800124c                TIM2_IRQHandler
                0x0800124c                TIM1_BRK_IRQHandler
                0x0800124c                USART2_IRQHandler
                0x0800124c                I2C2_ER_IRQHandler
                0x0800124c                DMA1_Channel2_IRQHandler
                0x0800124c                CAN1_SCE_IRQHandler
                0x0800124c                FLASH_IRQHandler
                0x0800124c                USART1_IRQHandler
                0x0800124c                I2C1_ER_IRQHandler
                0x0800124c                USBWakeUp_IRQHandler
 *fill*         0x0800124e        0x2 
 .text.HAL_InitTick
                0x08001250       0x4c CMakeFiles/UltrasonicWave.elf.dir/Drivers/STM32F1xx_HAL_Driver/Src/stm32f1xx_hal.c.obj
                0x08001250                HAL_InitTick
 .text.HAL_Init
                0x0800129c       0x24 CMakeFiles/UltrasonicWave.elf.dir/Drivers/STM32F1xx_HAL_Driver/Src/stm32f1xx_hal.c.obj
                0x0800129c                HAL_Init
 .text.HAL_IncTick
                0x080012c0       0x18 CMakeFiles/UltrasonicWave.elf.dir/Drivers/STM32F1xx_HAL_Driver/Src/stm32f1xx_hal.c.obj
                0x080012c0                HAL_IncTick
 .text.HAL_GetTick
                0x080012d8        0xc CMakeFiles/UltrasonicWave.elf.dir/Drivers/STM32F1xx_HAL_Driver/Src/stm32f1xx_hal.c.obj
                0x080012d8                HAL_GetTick
 .text.HAL_Delay
                0x080012e4       0x28 CMakeFiles/UltrasonicWave.elf.dir/Drivers/STM32F1xx_HAL_Driver/Src/stm32f1xx_hal.c.obj
                0x080012e4                HAL_Delay
 .text.__NVIC_SetPriority
                0x0800130c       0x28 CMakeFiles/UltrasonicWave.elf.dir/Drivers/STM32F1xx_HAL_Driver/Src/stm32f1xx_hal_cortex.c.obj
 .text.NVIC_EncodePriority
                0x08001334       0x3e CMakeFiles/UltrasonicWave.elf.dir/Drivers/STM32F1xx_HAL_Driver/Src/stm32f1xx_hal_cortex.c.obj
 *fill*         0x08001372        0x2 
 .text.HAL_NVIC_SetPriorityGrouping
                0x08001374       0x24 CMakeFiles/UltrasonicWave.elf.dir/Drivers/STM32F1xx_HAL_Driver/Src/stm32f1xx_hal_cortex.c.obj
                0x08001374                HAL_NVIC_SetPriorityGrouping
 .text.HAL_NVIC_SetPriority
                0x08001398       0x20 CMakeFiles/UltrasonicWave.elf.dir/Drivers/STM32F1xx_HAL_Driver/Src/stm32f1xx_hal_cortex.c.obj
                0x08001398                HAL_NVIC_SetPriority
 .text.HAL_NVIC_EnableIRQ
                0x080013b8       0x1c CMakeFiles/UltrasonicWave.elf.dir/Drivers/STM32F1xx_HAL_Driver/Src/stm32f1xx_hal_cortex.c.obj
                0x080013b8                HAL_NVIC_EnableIRQ
 .text.HAL_SYSTICK_Config
                0x080013d4       0x28 CMakeFiles/UltrasonicWave.elf.dir/Drivers/STM32F1xx_HAL_Driver/Src/stm32f1xx_hal_cortex.c.obj
                0x080013d4                HAL_SYSTICK_Config
 .text.HAL_GPIO_Init
                0x080013fc      0x21c CMakeFiles/UltrasonicWave.elf.dir/Drivers/STM32F1xx_HAL_Driver/Src/stm32f1xx_hal_gpio.c.obj
                0x080013fc                HAL_GPIO_Init
 .text.HAL_GPIO_ReadPin
                0x08001618        0xe CMakeFiles/UltrasonicWave.elf.dir/Drivers/STM32F1xx_HAL_Driver/Src/stm32f1xx_hal_gpio.c.obj
                0x08001618                HAL_GPIO_ReadPin
 .text.HAL_GPIO_WritePin
                0x08001626        0xc CMakeFiles/UltrasonicWave.elf.dir/Drivers/STM32F1xx_HAL_Driver/Src/stm32f1xx_hal_gpio.c.obj
                0x08001626                HAL_GPIO_WritePin
 *fill*         0x08001632        0x2 
 .text.HAL_GPIO_EXTI_IRQHandler
                0x08001634       0x1c CMakeFiles/UltrasonicWave.elf.dir/Drivers/STM32F1xx_HAL_Driver/Src/stm32f1xx_hal_gpio.c.obj
                0x08001634                HAL_GPIO_EXTI_IRQHandler
 .text.HAL_PCD_EP_DB_Receive
                0x08001650      0x11c CMakeFiles/UltrasonicWave.elf.dir/Drivers/STM32F1xx_HAL_Driver/Src/stm32f1xx_hal_pcd.c.obj
 .text.HAL_PCD_Init
                0x0800176c      0x118 CMakeFiles/UltrasonicWave.elf.dir/Drivers/STM32F1xx_HAL_Driver/Src/stm32f1xx_hal_pcd.c.obj
                0x0800176c                HAL_PCD_Init
 .text.HAL_PCD_Start
                0x08001884       0x32 CMakeFiles/UltrasonicWave.elf.dir/Drivers/STM32F1xx_HAL_Driver/Src/stm32f1xx_hal_pcd.c.obj
                0x08001884                HAL_PCD_Start
 .text.HAL_PCD_EP_DB_Transmit
                0x080018b6      0x420 CMakeFiles/UltrasonicWave.elf.dir/Drivers/STM32F1xx_HAL_Driver/Src/stm32f1xx_hal_pcd.c.obj
 .text.PCD_EP_ISR_Handler
                0x08001cd6      0x440 CMakeFiles/UltrasonicWave.elf.dir/Drivers/STM32F1xx_HAL_Driver/Src/stm32f1xx_hal_pcd.c.obj
 .text.HAL_PCD_SetAddress
                0x08002116       0x28 CMakeFiles/UltrasonicWave.elf.dir/Drivers/STM32F1xx_HAL_Driver/Src/stm32f1xx_hal_pcd.c.obj
                0x08002116                HAL_PCD_SetAddress
 .text.HAL_PCD_IRQHandler
                0x0800213e      0x1d4 CMakeFiles/UltrasonicWave.elf.dir/Drivers/STM32F1xx_HAL_Driver/Src/stm32f1xx_hal_pcd.c.obj
                0x0800213e                HAL_PCD_IRQHandler
 .text.HAL_PCD_EP_Open
                0x08002312       0x84 CMakeFiles/UltrasonicWave.elf.dir/Drivers/STM32F1xx_HAL_Driver/Src/stm32f1xx_hal_pcd.c.obj
                0x08002312                HAL_PCD_EP_Open
 .text.HAL_PCD_EP_Close
                0x08002396       0x64 CMakeFiles/UltrasonicWave.elf.dir/Drivers/STM32F1xx_HAL_Driver/Src/stm32f1xx_hal_pcd.c.obj
                0x08002396                HAL_PCD_EP_Close
 .text.HAL_PCD_EP_Receive
                0x080023fa       0x44 CMakeFiles/UltrasonicWave.elf.dir/Drivers/STM32F1xx_HAL_Driver/Src/stm32f1xx_hal_pcd.c.obj
                0x080023fa                HAL_PCD_EP_Receive
 .text.HAL_PCD_EP_GetRxCount
                0x0800243e       0x12 CMakeFiles/UltrasonicWave.elf.dir/Drivers/STM32F1xx_HAL_Driver/Src/stm32f1xx_hal_pcd.c.obj
                0x0800243e                HAL_PCD_EP_GetRxCount
 .text.HAL_PCD_EP_Transmit
                0x08002450       0x50 CMakeFiles/UltrasonicWave.elf.dir/Drivers/STM32F1xx_HAL_Driver/Src/stm32f1xx_hal_pcd.c.obj
                0x08002450                HAL_PCD_EP_Transmit
 .text.HAL_PCD_EP_SetStall
                0x080024a0       0x78 CMakeFiles/UltrasonicWave.elf.dir/Drivers/STM32F1xx_HAL_Driver/Src/stm32f1xx_hal_pcd.c.obj
                0x080024a0                HAL_PCD_EP_SetStall
 .text.HAL_PCD_EP_ClrStall
                0x08002518       0x76 CMakeFiles/UltrasonicWave.elf.dir/Drivers/STM32F1xx_HAL_Driver/Src/stm32f1xx_hal_pcd.c.obj
                0x08002518                HAL_PCD_EP_ClrStall
 .text.HAL_PCDEx_PMAConfig
                0x0800258e       0x38 CMakeFiles/UltrasonicWave.elf.dir/Drivers/STM32F1xx_HAL_Driver/Src/stm32f1xx_hal_pcd_ex.c.obj
                0x0800258e                HAL_PCDEx_PMAConfig
 *fill*         0x080025c6        0x2 
 .text.RCC_Delay
                0x080025c8       0x2c CMakeFiles/UltrasonicWave.elf.dir/Drivers/STM32F1xx_HAL_Driver/Src/stm32f1xx_hal_rcc.c.obj
 .text.HAL_RCC_OscConfig
                0x080025f4      0x410 CMakeFiles/UltrasonicWave.elf.dir/Drivers/STM32F1xx_HAL_Driver/Src/stm32f1xx_hal_rcc.c.obj
                0x080025f4                HAL_RCC_OscConfig
 .text.HAL_RCC_GetSysClockFreq
                0x08002a04       0x70 CMakeFiles/UltrasonicWave.elf.dir/Drivers/STM32F1xx_HAL_Driver/Src/stm32f1xx_hal_rcc.c.obj
                0x08002a04                HAL_RCC_GetSysClockFreq
 .text.HAL_RCC_ClockConfig
                0x08002a74      0x16c CMakeFiles/UltrasonicWave.elf.dir/Drivers/STM32F1xx_HAL_Driver/Src/stm32f1xx_hal_rcc.c.obj
                0x08002a74                HAL_RCC_ClockConfig
 .text.HAL_RCC_GetHCLKFreq
                0x08002be0        0xc CMakeFiles/UltrasonicWave.elf.dir/Drivers/STM32F1xx_HAL_Driver/Src/stm32f1xx_hal_rcc.c.obj
                0x08002be0                HAL_RCC_GetHCLKFreq
 .text.HAL_RCCEx_PeriphCLKConfig
                0x08002bec      0x118 CMakeFiles/UltrasonicWave.elf.dir/Drivers/STM32F1xx_HAL_Driver/Src/stm32f1xx_hal_rcc_ex.c.obj
                0x08002bec                HAL_RCCEx_PeriphCLKConfig
 .text.TIM_TI1_ConfigInputStage
                0x08002d04       0x24 CMakeFiles/UltrasonicWave.elf.dir/Drivers/STM32F1xx_HAL_Driver/Src/stm32f1xx_hal_tim.c.obj
 .text.TIM_TI2_ConfigInputStage
                0x08002d28       0x26 CMakeFiles/UltrasonicWave.elf.dir/Drivers/STM32F1xx_HAL_Driver/Src/stm32f1xx_hal_tim.c.obj
 .text.TIM_ITRx_SetConfig
                0x08002d4e       0x10 CMakeFiles/UltrasonicWave.elf.dir/Drivers/STM32F1xx_HAL_Driver/Src/stm32f1xx_hal_tim.c.obj
 *fill*         0x08002d5e        0x2 
 .text.HAL_TIM_Base_Start
                0x08002d60       0x5c CMakeFiles/UltrasonicWave.elf.dir/Drivers/STM32F1xx_HAL_Driver/Src/stm32f1xx_hal_tim.c.obj
                0x08002d60                HAL_TIM_Base_Start
 .text.TIM_Base_SetConfig
                0x08002dbc       0x74 CMakeFiles/UltrasonicWave.elf.dir/Drivers/STM32F1xx_HAL_Driver/Src/stm32f1xx_hal_tim.c.obj
                0x08002dbc                TIM_Base_SetConfig
 .text.HAL_TIM_Base_Init
                0x08002e30       0x58 CMakeFiles/UltrasonicWave.elf.dir/Drivers/STM32F1xx_HAL_Driver/Src/stm32f1xx_hal_tim.c.obj
                0x08002e30                HAL_TIM_Base_Init
 .text.TIM_ETR_SetConfig
                0x08002e88       0x18 CMakeFiles/UltrasonicWave.elf.dir/Drivers/STM32F1xx_HAL_Driver/Src/stm32f1xx_hal_tim.c.obj
                0x08002e88                TIM_ETR_SetConfig
 .text.HAL_TIM_ConfigClockSource
                0x08002ea0       0xda CMakeFiles/UltrasonicWave.elf.dir/Drivers/STM32F1xx_HAL_Driver/Src/stm32f1xx_hal_tim.c.obj
                0x08002ea0                HAL_TIM_ConfigClockSource
 *fill*         0x08002f7a        0x2 
 .text.HAL_TIMEx_MasterConfigSynchronization
                0x08002f7c       0x6c CMakeFiles/UltrasonicWave.elf.dir/Drivers/STM32F1xx_HAL_Driver/Src/stm32f1xx_hal_tim_ex.c.obj
                0x08002f7c                HAL_TIMEx_MasterConfigSynchronization
 .text.USB_CoreInit
                0x08002fe8        0xe CMakeFiles/UltrasonicWave.elf.dir/Drivers/STM32F1xx_HAL_Driver/Src/stm32f1xx_ll_usb.c.obj
                0x08002fe8                USB_CoreInit
 .text.USB_EnableGlobalInt
                0x08002ff6       0x12 CMakeFiles/UltrasonicWave.elf.dir/Drivers/STM32F1xx_HAL_Driver/Src/stm32f1xx_ll_usb.c.obj
                0x08002ff6                USB_EnableGlobalInt
 .text.USB_DisableGlobalInt
                0x08003008       0x14 CMakeFiles/UltrasonicWave.elf.dir/Drivers/STM32F1xx_HAL_Driver/Src/stm32f1xx_ll_usb.c.obj
                0x08003008                USB_DisableGlobalInt
 .text.USB_SetCurrentMode
                0x0800301c        0x4 CMakeFiles/UltrasonicWave.elf.dir/Drivers/STM32F1xx_HAL_Driver/Src/stm32f1xx_ll_usb.c.obj
                0x0800301c                USB_SetCurrentMode
 .text.USB_DevInit
                0x08003020       0x22 CMakeFiles/UltrasonicWave.elf.dir/Drivers/STM32F1xx_HAL_Driver/Src/stm32f1xx_ll_usb.c.obj
                0x08003020                USB_DevInit
 .text.USB_ActivateEndpoint
                0x08003042      0x378 CMakeFiles/UltrasonicWave.elf.dir/Drivers/STM32F1xx_HAL_Driver/Src/stm32f1xx_ll_usb.c.obj
                0x08003042                USB_ActivateEndpoint
 .text.USB_DeactivateEndpoint
                0x080033ba      0x1d6 CMakeFiles/UltrasonicWave.elf.dir/Drivers/STM32F1xx_HAL_Driver/Src/stm32f1xx_ll_usb.c.obj
                0x080033ba                USB_DeactivateEndpoint
 .text.USB_EPSetStall
                0x08003590       0x4a CMakeFiles/UltrasonicWave.elf.dir/Drivers/STM32F1xx_HAL_Driver/Src/stm32f1xx_ll_usb.c.obj
                0x08003590                USB_EPSetStall
 .text.USB_EPClearStall
                0x080035da       0xa2 CMakeFiles/UltrasonicWave.elf.dir/Drivers/STM32F1xx_HAL_Driver/Src/stm32f1xx_ll_usb.c.obj
                0x080035da                USB_EPClearStall
 .text.USB_SetDevAddress
                0x0800367c        0xc CMakeFiles/UltrasonicWave.elf.dir/Drivers/STM32F1xx_HAL_Driver/Src/stm32f1xx_ll_usb.c.obj
                0x0800367c                USB_SetDevAddress
 .text.USB_DevConnect
                0x08003688        0x4 CMakeFiles/UltrasonicWave.elf.dir/Drivers/STM32F1xx_HAL_Driver/Src/stm32f1xx_ll_usb.c.obj
                0x08003688                USB_DevConnect
 .text.USB_DevDisconnect
                0x0800368c        0x4 CMakeFiles/UltrasonicWave.elf.dir/Drivers/STM32F1xx_HAL_Driver/Src/stm32f1xx_ll_usb.c.obj
                0x0800368c                USB_DevDisconnect
 .text.USB_ReadInterrupts
                0x08003690        0x8 CMakeFiles/UltrasonicWave.elf.dir/Drivers/STM32F1xx_HAL_Driver/Src/stm32f1xx_ll_usb.c.obj
                0x08003690                USB_ReadInterrupts
 .text.USB_EP0_OutStart
                0x08003698        0x4 CMakeFiles/UltrasonicWave.elf.dir/Drivers/STM32F1xx_HAL_Driver/Src/stm32f1xx_ll_usb.c.obj
                0x08003698                USB_EP0_OutStart
 .text.USB_WritePMA
                0x0800369c       0x26 CMakeFiles/UltrasonicWave.elf.dir/Drivers/STM32F1xx_HAL_Driver/Src/stm32f1xx_ll_usb.c.obj
                0x0800369c                USB_WritePMA
 .text.USB_EPStartXfer
                0x080036c2      0x8b2 CMakeFiles/UltrasonicWave.elf.dir/Drivers/STM32F1xx_HAL_Driver/Src/stm32f1xx_ll_usb.c.obj
                0x080036c2                USB_EPStartXfer
 .text.USB_ReadPMA
                0x08003f74       0x30 CMakeFiles/UltrasonicWave.elf.dir/Drivers/STM32F1xx_HAL_Driver/Src/stm32f1xx_ll_usb.c.obj
                0x08003f74                USB_ReadPMA
 .text.USBD_CDC_EP0_RxReady
                0x08003fa4       0x28 CMakeFiles/UltrasonicWave.elf.dir/Middlewares/ST/STM32_USB_Device_Library/Class/CDC/Src/usbd_cdc.c.obj
 .text.USBD_CDC_GetFSCfgDesc
                0x08003fcc        0xc CMakeFiles/UltrasonicWave.elf.dir/Middlewares/ST/STM32_USB_Device_Library/Class/CDC/Src/usbd_cdc.c.obj
 .text.USBD_CDC_GetHSCfgDesc
                0x08003fd8        0xc CMakeFiles/UltrasonicWave.elf.dir/Middlewares/ST/STM32_USB_Device_Library/Class/CDC/Src/usbd_cdc.c.obj
 .text.USBD_CDC_GetOtherSpeedCfgDesc
                0x08003fe4        0xc CMakeFiles/UltrasonicWave.elf.dir/Middlewares/ST/STM32_USB_Device_Library/Class/CDC/Src/usbd_cdc.c.obj
 .text.USBD_CDC_GetDeviceQualifierDescriptor
                0x08003ff0        0xc CMakeFiles/UltrasonicWave.elf.dir/Middlewares/ST/STM32_USB_Device_Library/Class/CDC/Src/usbd_cdc.c.obj
                0x08003ff0                USBD_CDC_GetDeviceQualifierDescriptor
 .text.USBD_CDC_DataOut
                0x08003ffc       0x2e CMakeFiles/UltrasonicWave.elf.dir/Middlewares/ST/STM32_USB_Device_Library/Class/CDC/Src/usbd_cdc.c.obj
 .text.USBD_CDC_DataIn
                0x0800402a       0x4e CMakeFiles/UltrasonicWave.elf.dir/Middlewares/ST/STM32_USB_Device_Library/Class/CDC/Src/usbd_cdc.c.obj
 .text.USBD_CDC_Setup
                0x08004078       0xd6 CMakeFiles/UltrasonicWave.elf.dir/Middlewares/ST/STM32_USB_Device_Library/Class/CDC/Src/usbd_cdc.c.obj
 .text.USBD_CDC_DeInit
                0x0800414e       0x42 CMakeFiles/UltrasonicWave.elf.dir/Middlewares/ST/STM32_USB_Device_Library/Class/CDC/Src/usbd_cdc.c.obj
 .text.USBD_CDC_Init
                0x08004190       0xaa CMakeFiles/UltrasonicWave.elf.dir/Middlewares/ST/STM32_USB_Device_Library/Class/CDC/Src/usbd_cdc.c.obj
 .text.USBD_CDC_RegisterInterface
                0x0800423a        0xe CMakeFiles/UltrasonicWave.elf.dir/Middlewares/ST/STM32_USB_Device_Library/Class/CDC/Src/usbd_cdc.c.obj
                0x0800423a                USBD_CDC_RegisterInterface
 .text.USBD_CDC_SetTxBuffer
                0x08004248       0x10 CMakeFiles/UltrasonicWave.elf.dir/Middlewares/ST/STM32_USB_Device_Library/Class/CDC/Src/usbd_cdc.c.obj
                0x08004248                USBD_CDC_SetTxBuffer
 .text.USBD_CDC_SetRxBuffer
                0x08004258        0xc CMakeFiles/UltrasonicWave.elf.dir/Middlewares/ST/STM32_USB_Device_Library/Class/CDC/Src/usbd_cdc.c.obj
                0x08004258                USBD_CDC_SetRxBuffer
 .text.USBD_CDC_TransmitPacket
                0x08004264       0x32 CMakeFiles/UltrasonicWave.elf.dir/Middlewares/ST/STM32_USB_Device_Library/Class/CDC/Src/usbd_cdc.c.obj
                0x08004264                USBD_CDC_TransmitPacket
 .text.USBD_CDC_ReceivePacket
                0x08004296       0x30 CMakeFiles/UltrasonicWave.elf.dir/Middlewares/ST/STM32_USB_Device_Library/Class/CDC/Src/usbd_cdc.c.obj
                0x08004296                USBD_CDC_ReceivePacket
 .text.USBD_Init
                0x080042c6       0x2e CMakeFiles/UltrasonicWave.elf.dir/Middlewares/ST/STM32_USB_Device_Library/Core/Src/usbd_core.c.obj
                0x080042c6                USBD_Init
 .text.USBD_RegisterClass
                0x080042f4        0xe CMakeFiles/UltrasonicWave.elf.dir/Middlewares/ST/STM32_USB_Device_Library/Core/Src/usbd_core.c.obj
                0x080042f4                USBD_RegisterClass
 .text.USBD_Start
                0x08004302        0xa CMakeFiles/UltrasonicWave.elf.dir/Middlewares/ST/STM32_USB_Device_Library/Core/Src/usbd_core.c.obj
                0x08004302                USBD_Start
 .text.USBD_SetClassConfig
                0x0800430c       0x18 CMakeFiles/UltrasonicWave.elf.dir/Middlewares/ST/STM32_USB_Device_Library/Core/Src/usbd_core.c.obj
                0x0800430c                USBD_SetClassConfig
 .text.USBD_ClrClassConfig
                0x08004324        0xe CMakeFiles/UltrasonicWave.elf.dir/Middlewares/ST/STM32_USB_Device_Library/Core/Src/usbd_core.c.obj
                0x08004324                USBD_ClrClassConfig
 .text.USBD_LL_SetupStage
                0x08004332       0x5a CMakeFiles/UltrasonicWave.elf.dir/Middlewares/ST/STM32_USB_Device_Library/Core/Src/usbd_core.c.obj
                0x08004332                USBD_LL_SetupStage
 .text.USBD_LL_DataOutStage
                0x0800438c       0x8c CMakeFiles/UltrasonicWave.elf.dir/Middlewares/ST/STM32_USB_Device_Library/Core/Src/usbd_core.c.obj
                0x0800438c                USBD_LL_DataOutStage
 .text.USBD_LL_DataInStage
                0x08004418       0xd0 CMakeFiles/UltrasonicWave.elf.dir/Middlewares/ST/STM32_USB_Device_Library/Core/Src/usbd_core.c.obj
                0x08004418                USBD_LL_DataInStage
 .text.USBD_LL_Reset
                0x080044e8       0x50 CMakeFiles/UltrasonicWave.elf.dir/Middlewares/ST/STM32_USB_Device_Library/Core/Src/usbd_core.c.obj
                0x080044e8                USBD_LL_Reset
 .text.USBD_LL_SetSpeed
                0x08004538        0x6 CMakeFiles/UltrasonicWave.elf.dir/Middlewares/ST/STM32_USB_Device_Library/Core/Src/usbd_core.c.obj
                0x08004538                USBD_LL_SetSpeed
 .text.USBD_LL_Suspend
                0x0800453e       0x12 CMakeFiles/UltrasonicWave.elf.dir/Middlewares/ST/STM32_USB_Device_Library/Core/Src/usbd_core.c.obj
                0x0800453e                USBD_LL_Suspend
 .text.USBD_LL_Resume
                0x08004550       0x16 CMakeFiles/UltrasonicWave.elf.dir/Middlewares/ST/STM32_USB_Device_Library/Core/Src/usbd_core.c.obj
                0x08004550                USBD_LL_Resume
 .text.USBD_LL_SOF
                0x08004566       0x1c CMakeFiles/UltrasonicWave.elf.dir/Middlewares/ST/STM32_USB_Device_Library/Core/Src/usbd_core.c.obj
                0x08004566                USBD_LL_SOF
 .text.USBD_GetLen
                0x08004582       0x14 CMakeFiles/UltrasonicWave.elf.dir/Middlewares/ST/STM32_USB_Device_Library/Core/Src/usbd_ctlreq.c.obj
 .text.USBD_SetFeature
                0x08004596       0x14 CMakeFiles/UltrasonicWave.elf.dir/Middlewares/ST/STM32_USB_Device_Library/Core/Src/usbd_ctlreq.c.obj
 .text.USBD_ParseSetupRequest
                0x080045aa       0x28 CMakeFiles/UltrasonicWave.elf.dir/Middlewares/ST/STM32_USB_Device_Library/Core/Src/usbd_ctlreq.c.obj
                0x080045aa                USBD_ParseSetupRequest
 .text.USBD_CtlError
                0x080045d2       0x14 CMakeFiles/UltrasonicWave.elf.dir/Middlewares/ST/STM32_USB_Device_Library/Core/Src/usbd_ctlreq.c.obj
                0x080045d2                USBD_CtlError
 .text.USBD_GetDescriptor
                0x080045e6      0x186 CMakeFiles/UltrasonicWave.elf.dir/Middlewares/ST/STM32_USB_Device_Library/Core/Src/usbd_ctlreq.c.obj
 .text.USBD_SetAddress
                0x0800476c       0x4e CMakeFiles/UltrasonicWave.elf.dir/Middlewares/ST/STM32_USB_Device_Library/Core/Src/usbd_ctlreq.c.obj
 *fill*         0x080047ba        0x2 
 .text.USBD_SetConfig
                0x080047bc       0xb0 CMakeFiles/UltrasonicWave.elf.dir/Middlewares/ST/STM32_USB_Device_Library/Core/Src/usbd_ctlreq.c.obj
 .text.USBD_GetConfig
                0x0800486c       0x3e CMakeFiles/UltrasonicWave.elf.dir/Middlewares/ST/STM32_USB_Device_Library/Core/Src/usbd_ctlreq.c.obj
 .text.USBD_GetStatus
                0x080048aa       0x38 CMakeFiles/UltrasonicWave.elf.dir/Middlewares/ST/STM32_USB_Device_Library/Core/Src/usbd_ctlreq.c.obj
 .text.USBD_ClrFeature
                0x080048e2       0x26 CMakeFiles/UltrasonicWave.elf.dir/Middlewares/ST/STM32_USB_Device_Library/Core/Src/usbd_ctlreq.c.obj
 .text.USBD_StdDevReq
                0x08004908       0x68 CMakeFiles/UltrasonicWave.elf.dir/Middlewares/ST/STM32_USB_Device_Library/Core/Src/usbd_ctlreq.c.obj
                0x08004908                USBD_StdDevReq
 .text.USBD_StdItfReq
                0x08004970       0x60 CMakeFiles/UltrasonicWave.elf.dir/Middlewares/ST/STM32_USB_Device_Library/Core/Src/usbd_ctlreq.c.obj
                0x08004970                USBD_StdItfReq
 .text.USBD_StdEPReq
                0x080049d0      0x1e2 CMakeFiles/UltrasonicWave.elf.dir/Middlewares/ST/STM32_USB_Device_Library/Core/Src/usbd_ctlreq.c.obj
                0x080049d0                USBD_StdEPReq
 .text.USBD_GetString
                0x08004bb2       0x3a CMakeFiles/UltrasonicWave.elf.dir/Middlewares/ST/STM32_USB_Device_Library/Core/Src/usbd_ctlreq.c.obj
                0x08004bb2                USBD_GetString
 .text.USBD_CtlSendData
                0x08004bec       0x1a CMakeFiles/UltrasonicWave.elf.dir/Middlewares/ST/STM32_USB_Device_Library/Core/Src/usbd_ioreq.c.obj
                0x08004bec                USBD_CtlSendData
 .text.USBD_CtlContinueSendData
                0x08004c06       0x10 CMakeFiles/UltrasonicWave.elf.dir/Middlewares/ST/STM32_USB_Device_Library/Core/Src/usbd_ioreq.c.obj
                0x08004c06                USBD_CtlContinueSendData
 .text.USBD_CtlPrepareRx
                0x08004c16       0x1e CMakeFiles/UltrasonicWave.elf.dir/Middlewares/ST/STM32_USB_Device_Library/Core/Src/usbd_ioreq.c.obj
                0x08004c16                USBD_CtlPrepareRx
 .text.USBD_CtlContinueRx
                0x08004c34       0x10 CMakeFiles/UltrasonicWave.elf.dir/Middlewares/ST/STM32_USB_Device_Library/Core/Src/usbd_ioreq.c.obj
                0x08004c34                USBD_CtlContinueRx
 .text.USBD_CtlSendStatus
                0x08004c44       0x16 CMakeFiles/UltrasonicWave.elf.dir/Middlewares/ST/STM32_USB_Device_Library/Core/Src/usbd_ioreq.c.obj
                0x08004c44                USBD_CtlSendStatus
 .text.USBD_CtlReceiveStatus
                0x08004c5a       0x16 CMakeFiles/UltrasonicWave.elf.dir/Middlewares/ST/STM32_USB_Device_Library/Core/Src/usbd_ioreq.c.obj
                0x08004c5a                USBD_CtlReceiveStatus
 .text.MX_USB_DEVICE_Init
                0x08004c70       0x54 CMakeFiles/UltrasonicWave.elf.dir/USB_DEVICE/App/usb_device.c.obj
                0x08004c70                MX_USB_DEVICE_Init
 .text.CDC_DeInit_FS
                0x08004cc4        0x4 CMakeFiles/UltrasonicWave.elf.dir/USB_DEVICE/App/usbd_cdc_if.c.obj
 .text.CDC_Control_FS
                0x08004cc8        0x4 CMakeFiles/UltrasonicWave.elf.dir/USB_DEVICE/App/usbd_cdc_if.c.obj
 .text.CDC_Receive_FS
                0x08004ccc       0x1c CMakeFiles/UltrasonicWave.elf.dir/USB_DEVICE/App/usbd_cdc_if.c.obj
 .text.CDC_Init_FS
                0x08004ce8       0x28 CMakeFiles/UltrasonicWave.elf.dir/USB_DEVICE/App/usbd_cdc_if.c.obj
 .text.CDC_Transmit_FS
                0x08004d10       0x2c CMakeFiles/UltrasonicWave.elf.dir/USB_DEVICE/App/usbd_cdc_if.c.obj
                0x08004d10                CDC_Transmit_FS
 .text.USBD_FS_DeviceDescriptor
                0x08004d3c        0xc CMakeFiles/UltrasonicWave.elf.dir/USB_DEVICE/App/usbd_desc.c.obj
                0x08004d3c                USBD_FS_DeviceDescriptor
 .text.USBD_FS_LangIDStrDescriptor
                0x08004d48        0xc CMakeFiles/UltrasonicWave.elf.dir/USB_DEVICE/App/usbd_desc.c.obj
                0x08004d48                USBD_FS_LangIDStrDescriptor
 .text.IntToUnicode
                0x08004d54       0x46 CMakeFiles/UltrasonicWave.elf.dir/USB_DEVICE/App/usbd_desc.c.obj
 *fill*         0x08004d9a        0x2 
 .text.Get_SerialNum
                0x08004d9c       0x38 CMakeFiles/UltrasonicWave.elf.dir/USB_DEVICE/App/usbd_desc.c.obj
 .text.USBD_FS_SerialStrDescriptor
                0x08004dd4       0x14 CMakeFiles/UltrasonicWave.elf.dir/USB_DEVICE/App/usbd_desc.c.obj
                0x08004dd4                USBD_FS_SerialStrDescriptor
 .text.USBD_FS_ProductStrDescriptor
                0x08004de8       0x24 CMakeFiles/UltrasonicWave.elf.dir/USB_DEVICE/App/usbd_desc.c.obj
                0x08004de8                USBD_FS_ProductStrDescriptor
 .text.USBD_FS_ManufacturerStrDescriptor
                0x08004e0c       0x1c CMakeFiles/UltrasonicWave.elf.dir/USB_DEVICE/App/usbd_desc.c.obj
                0x08004e0c                USBD_FS_ManufacturerStrDescriptor
 .text.USBD_FS_ConfigStrDescriptor
                0x08004e28       0x24 CMakeFiles/UltrasonicWave.elf.dir/USB_DEVICE/App/usbd_desc.c.obj
                0x08004e28                USBD_FS_ConfigStrDescriptor
 .text.USBD_FS_InterfaceStrDescriptor
                0x08004e4c       0x24 CMakeFiles/UltrasonicWave.elf.dir/USB_DEVICE/App/usbd_desc.c.obj
                0x08004e4c                USBD_FS_InterfaceStrDescriptor
 .text.USBD_Get_USB_Status
                0x08004e70       0x14 CMakeFiles/UltrasonicWave.elf.dir/USB_DEVICE/Target/usbd_conf.c.obj
 .text.HAL_PCD_MspInit
                0x08004e84       0x40 CMakeFiles/UltrasonicWave.elf.dir/USB_DEVICE/Target/usbd_conf.c.obj
                0x08004e84                HAL_PCD_MspInit
 .text.HAL_PCD_SetupStageCallback
                0x08004ec4       0x10 CMakeFiles/UltrasonicWave.elf.dir/USB_DEVICE/Target/usbd_conf.c.obj
                0x08004ec4                HAL_PCD_SetupStageCallback
 .text.HAL_PCD_DataOutStageCallback
                0x08004ed4       0x18 CMakeFiles/UltrasonicWave.elf.dir/USB_DEVICE/Target/usbd_conf.c.obj
                0x08004ed4                HAL_PCD_DataOutStageCallback
 .text.HAL_PCD_DataInStageCallback
                0x08004eec       0x16 CMakeFiles/UltrasonicWave.elf.dir/USB_DEVICE/Target/usbd_conf.c.obj
                0x08004eec                HAL_PCD_DataInStageCallback
 .text.HAL_PCD_SOFCallback
                0x08004f02        0xc CMakeFiles/UltrasonicWave.elf.dir/USB_DEVICE/Target/usbd_conf.c.obj
                0x08004f02                HAL_PCD_SOFCallback
 .text.HAL_PCD_ResetCallback
                0x08004f0e       0x24 CMakeFiles/UltrasonicWave.elf.dir/USB_DEVICE/Target/usbd_conf.c.obj
                0x08004f0e                HAL_PCD_ResetCallback
 *fill*         0x08004f32        0x2 
 .text.HAL_PCD_SuspendCallback
                0x08004f34       0x20 CMakeFiles/UltrasonicWave.elf.dir/USB_DEVICE/Target/usbd_conf.c.obj
                0x08004f34                HAL_PCD_SuspendCallback
 .text.HAL_PCD_ResumeCallback
                0x08004f54        0xc CMakeFiles/UltrasonicWave.elf.dir/USB_DEVICE/Target/usbd_conf.c.obj
                0x08004f54                HAL_PCD_ResumeCallback
 .text.USBD_LL_Init
                0x08004f60       0x84 CMakeFiles/UltrasonicWave.elf.dir/USB_DEVICE/Target/usbd_conf.c.obj
                0x08004f60                USBD_LL_Init
 .text.USBD_LL_Start
                0x08004fe4       0x10 CMakeFiles/UltrasonicWave.elf.dir/USB_DEVICE/Target/usbd_conf.c.obj
                0x08004fe4                USBD_LL_Start
 .text.USBD_LL_OpenEP
                0x08004ff4       0x16 CMakeFiles/UltrasonicWave.elf.dir/USB_DEVICE/Target/usbd_conf.c.obj
                0x08004ff4                USBD_LL_OpenEP
 .text.USBD_LL_CloseEP
                0x0800500a       0x10 CMakeFiles/UltrasonicWave.elf.dir/USB_DEVICE/Target/usbd_conf.c.obj
                0x0800500a                USBD_LL_CloseEP
 .text.USBD_LL_StallEP
                0x0800501a       0x10 CMakeFiles/UltrasonicWave.elf.dir/USB_DEVICE/Target/usbd_conf.c.obj
                0x0800501a                USBD_LL_StallEP
 .text.USBD_LL_ClearStallEP
                0x0800502a       0x10 CMakeFiles/UltrasonicWave.elf.dir/USB_DEVICE/Target/usbd_conf.c.obj
                0x0800502a                USBD_LL_ClearStallEP
 .text.USBD_LL_IsStallEP
                0x0800503a       0x2e CMakeFiles/UltrasonicWave.elf.dir/USB_DEVICE/Target/usbd_conf.c.obj
                0x0800503a                USBD_LL_IsStallEP
 .text.USBD_LL_SetUSBAddress
                0x08005068       0x10 CMakeFiles/UltrasonicWave.elf.dir/USB_DEVICE/Target/usbd_conf.c.obj
                0x08005068                USBD_LL_SetUSBAddress
 .text.USBD_LL_Transmit
                0x08005078       0x10 CMakeFiles/UltrasonicWave.elf.dir/USB_DEVICE/Target/usbd_conf.c.obj
                0x08005078                USBD_LL_Transmit
 .text.USBD_LL_PrepareReceive
                0x08005088       0x10 CMakeFiles/UltrasonicWave.elf.dir/USB_DEVICE/Target/usbd_conf.c.obj
                0x08005088                USBD_LL_PrepareReceive
 .text.USBD_LL_GetRxDataSize
                0x08005098        0xc CMakeFiles/UltrasonicWave.elf.dir/USB_DEVICE/Target/usbd_conf.c.obj
                0x08005098                USBD_LL_GetRxDataSize
 .text.USBD_static_malloc
                0x080050a4        0x8 CMakeFiles/UltrasonicWave.elf.dir/USB_DEVICE/Target/usbd_conf.c.obj
                0x080050a4                USBD_static_malloc
 .text.USBD_static_free
                0x080050ac        0x2 CMakeFiles/UltrasonicWave.elf.dir/USB_DEVICE/Target/usbd_conf.c.obj
                0x080050ac                USBD_static_free
 .text.HAL_PCDEx_SetConnectionState
                0x080050ae        0x2 CMakeFiles/UltrasonicWave.elf.dir/USB_DEVICE/Target/usbd_conf.c.obj
                0x080050ae                HAL_PCDEx_SetConnectionState
 .text.stdio_exit_handler
                0x080050b0       0x18 c:/progra~2/armgnu~1/12dbab~1.2re/bin/../lib/gcc/arm-none-eabi/12.2.1/thumb/v7-m/nofp\libg.a(libc_a-findfp.o)
 .text.cleanup_stdio
                0x080050c8       0x40 c:/progra~2/armgnu~1/12dbab~1.2re/bin/../lib/gcc/arm-none-eabi/12.2.1/thumb/v7-m/nofp\libg.a(libc_a-findfp.o)
 .text.global_stdio_init.part.0
                0x08005108       0xf0 c:/progra~2/armgnu~1/12dbab~1.2re/bin/../lib/gcc/arm-none-eabi/12.2.1/thumb/v7-m/nofp\libg.a(libc_a-findfp.o)
 .text.__sinit  0x080051f8       0x3c c:/progra~2/armgnu~1/12dbab~1.2re/bin/../lib/gcc/arm-none-eabi/12.2.1/thumb/v7-m/nofp\libg.a(libc_a-findfp.o)
                0x080051f8                __sinit
 .text.__sfp_lock_acquire
                0x08005234        0xc c:/progra~2/armgnu~1/12dbab~1.2re/bin/../lib/gcc/arm-none-eabi/12.2.1/thumb/v7-m/nofp\libg.a(libc_a-findfp.o)
                0x08005234                __sfp_lock_acquire
 .text.__sfp_lock_release
                0x08005240        0xc c:/progra~2/armgnu~1/12dbab~1.2re/bin/../lib/gcc/arm-none-eabi/12.2.1/thumb/v7-m/nofp\libg.a(libc_a-findfp.o)
                0x08005240                __sfp_lock_release
 .text._fwalk_sglue
                0x0800524c       0x44 c:/progra~2/armgnu~1/12dbab~1.2re/bin/../lib/gcc/arm-none-eabi/12.2.1/thumb/v7-m/nofp\libg.a(libc_a-fwalk.o)
                0x0800524c                _fwalk_sglue
 .text.sprintf  0x08005290       0x44 c:/progra~2/armgnu~1/12dbab~1.2re/bin/../lib/gcc/arm-none-eabi/12.2.1/thumb/v7-m/nofp\libg.a(libc_a-sprintf.o)
                0x08005290                sprintf
 .text.__sread  0x080052d4       0x24 c:/progra~2/armgnu~1/12dbab~1.2re/bin/../lib/gcc/arm-none-eabi/12.2.1/thumb/v7-m/nofp\libg.a(libc_a-stdio.o)
                0x080052d4                __sread
 .text.__swrite
                0x080052f8       0x40 c:/progra~2/armgnu~1/12dbab~1.2re/bin/../lib/gcc/arm-none-eabi/12.2.1/thumb/v7-m/nofp\libg.a(libc_a-stdio.o)
                0x080052f8                __swrite
 .text.__sseek  0x08005338       0x24 c:/progra~2/armgnu~1/12dbab~1.2re/bin/../lib/gcc/arm-none-eabi/12.2.1/thumb/v7-m/nofp\libg.a(libc_a-stdio.o)
                0x08005338                __sseek
 .text.__sclose
                0x0800535c        0x8 c:/progra~2/armgnu~1/12dbab~1.2re/bin/../lib/gcc/arm-none-eabi/12.2.1/thumb/v7-m/nofp\libg.a(libc_a-stdio.o)
                0x0800535c                __sclose
 .text.memset   0x08005364       0xa0 c:/progra~2/armgnu~1/12dbab~1.2re/bin/../lib/gcc/arm-none-eabi/12.2.1/thumb/v7-m/nofp\libg.a(libc_a-memset.o)
                0x08005364                memset
 .text._close_r
                0x08005404       0x24 c:/progra~2/armgnu~1/12dbab~1.2re/bin/../lib/gcc/arm-none-eabi/12.2.1/thumb/v7-m/nofp\libg.a(libc_a-closer.o)
                0x08005404                _close_r
 .text._lseek_r
                0x08005428       0x2c c:/progra~2/armgnu~1/12dbab~1.2re/bin/../lib/gcc/arm-none-eabi/12.2.1/thumb/v7-m/nofp\libg.a(libc_a-lseekr.o)
                0x08005428                _lseek_r
 .text._read_r  0x08005454       0x2c c:/progra~2/armgnu~1/12dbab~1.2re/bin/../lib/gcc/arm-none-eabi/12.2.1/thumb/v7-m/nofp\libg.a(libc_a-readr.o)
                0x08005454                _read_r
 .text._write_r
                0x08005480       0x2c c:/progra~2/armgnu~1/12dbab~1.2re/bin/../lib/gcc/arm-none-eabi/12.2.1/thumb/v7-m/nofp\libg.a(libc_a-writer.o)
                0x08005480                _write_r
 .text.__errno  0x080054ac        0xc c:/progra~2/armgnu~1/12dbab~1.2re/bin/../lib/gcc/arm-none-eabi/12.2.1/thumb/v7-m/nofp\libg.a(libc_a-errno.o)
                0x080054ac                __errno
 .text.__libc_init_array
                0x080054b8       0x50 c:/progra~2/armgnu~1/12dbab~1.2re/bin/../lib/gcc/arm-none-eabi/12.2.1/thumb/v7-m/nofp\libg.a(libc_a-init.o)
                0x080054b8                __libc_init_array
 .text.__retarget_lock_init_recursive
                0x08005508        0x4 c:/progra~2/armgnu~1/12dbab~1.2re/bin/../lib/gcc/arm-none-eabi/12.2.1/thumb/v7-m/nofp\libg.a(libc_a-lock.o)
                0x08005508                __retarget_lock_init_recursive
 .text.__retarget_lock_close_recursive
                0x0800550c        0x4 c:/progra~2/armgnu~1/12dbab~1.2re/bin/../lib/gcc/arm-none-eabi/12.2.1/thumb/v7-m/nofp\libg.a(libc_a-lock.o)
                0x0800550c                __retarget_lock_close_recursive
 .text.__retarget_lock_acquire_recursive
                0x08005510        0x4 c:/progra~2/armgnu~1/12dbab~1.2re/bin/../lib/gcc/arm-none-eabi/12.2.1/thumb/v7-m/nofp\libg.a(libc_a-lock.o)
                0x08005510                __retarget_lock_acquire_recursive
 .text.__retarget_lock_release_recursive
                0x08005514        0x4 c:/progra~2/armgnu~1/12dbab~1.2re/bin/../lib/gcc/arm-none-eabi/12.2.1/thumb/v7-m/nofp\libg.a(libc_a-lock.o)
                0x08005514                __retarget_lock_release_recursive
 .text.strlen   0x08005518       0x5c c:/progra~2/armgnu~1/12dbab~1.2re/bin/../lib/gcc/arm-none-eabi/12.2.1/thumb/v7-m/nofp\libg.a(libc_a-strlen-stub.o)
                0x08005518                strlen
 .text.startup.register_fini
                0x08005574       0x14 c:/progra~2/armgnu~1/12dbab~1.2re/bin/../lib/gcc/arm-none-eabi/12.2.1/thumb/v7-m/nofp\libg.a(libc_a-__call_atexit.o)
 .text.atexit   0x08005588        0xc c:/progra~2/armgnu~1/12dbab~1.2re/bin/../lib/gcc/arm-none-eabi/12.2.1/thumb/v7-m/nofp\libg.a(libc_a-atexit.o)
                0x08005588                atexit
 .text._malloc_trim_r
                0x08005594       0xb8 c:/progra~2/armgnu~1/12dbab~1.2re/bin/../lib/gcc/arm-none-eabi/12.2.1/thumb/v7-m/nofp\libg.a(libc_a-freer.o)
                0x08005594                _malloc_trim_r
 .text._free_r  0x0800564c      0x1f8 c:/progra~2/armgnu~1/12dbab~1.2re/bin/../lib/gcc/arm-none-eabi/12.2.1/thumb/v7-m/nofp\libg.a(libc_a-freer.o)
                0x0800564c                _free_r
 .text._malloc_r
                0x08005844      0x568 c:/progra~2/armgnu~1/12dbab~1.2re/bin/../lib/gcc/arm-none-eabi/12.2.1/thumb/v7-m/nofp\libg.a(libc_a-mallocr.o)
                0x08005844                _malloc_r
 .text.__malloc_lock
                0x08005dac        0xc c:/progra~2/armgnu~1/12dbab~1.2re/bin/../lib/gcc/arm-none-eabi/12.2.1/thumb/v7-m/nofp\libg.a(libc_a-mlock.o)
                0x08005dac                __malloc_lock
 .text.__malloc_unlock
                0x08005db8        0xc c:/progra~2/armgnu~1/12dbab~1.2re/bin/../lib/gcc/arm-none-eabi/12.2.1/thumb/v7-m/nofp\libg.a(libc_a-mlock.o)
                0x08005db8                __malloc_unlock
 .text._svfprintf_r
                0x08005dc4     0x1c94 c:/progra~2/armgnu~1/12dbab~1.2re/bin/../lib/gcc/arm-none-eabi/12.2.1/thumb/v7-m/nofp\libg.a(libc_a-svfprintf.o)
                0x08005dc4                _svfprintf_r
 .text._fclose_r
                0x08007a58       0xc4 c:/progra~2/armgnu~1/12dbab~1.2re/bin/../lib/gcc/arm-none-eabi/12.2.1/thumb/v7-m/nofp\libg.a(libc_a-fclose.o)
                0x08007a58                _fclose_r
 .text.__sflush_r
                0x08007b1c      0x128 c:/progra~2/armgnu~1/12dbab~1.2re/bin/../lib/gcc/arm-none-eabi/12.2.1/thumb/v7-m/nofp\libg.a(libc_a-fflush.o)
                0x08007b1c                __sflush_r
 .text._fflush_r
                0x08007c44       0x54 c:/progra~2/armgnu~1/12dbab~1.2re/bin/../lib/gcc/arm-none-eabi/12.2.1/thumb/v7-m/nofp\libg.a(libc_a-fflush.o)
                0x08007c44                _fflush_r
 .text.strncpy  0x08007c98       0x6c c:/progra~2/armgnu~1/12dbab~1.2re/bin/../lib/gcc/arm-none-eabi/12.2.1/thumb/v7-m/nofp\libg.a(libc_a-strncpy.o)
                0x08007c98                strncpy
 .text.__locale_mb_cur_max
                0x08007d04        0xc c:/progra~2/armgnu~1/12dbab~1.2re/bin/../lib/gcc/arm-none-eabi/12.2.1/thumb/v7-m/nofp\libg.a(libc_a-locale.o)
                0x08007d04                __locale_mb_cur_max
 .text._localeconv_r
                0x08007d10        0x8 c:/progra~2/armgnu~1/12dbab~1.2re/bin/../lib/gcc/arm-none-eabi/12.2.1/thumb/v7-m/nofp\libg.a(libc_a-localeconv.o)
                0x08007d10                _localeconv_r
 .text._sbrk_r  0x08007d18       0x24 c:/progra~2/armgnu~1/12dbab~1.2re/bin/../lib/gcc/arm-none-eabi/12.2.1/thumb/v7-m/nofp\libg.a(libc_a-sbrkr.o)
                0x08007d18                _sbrk_r
 .text.__libc_fini_array
                0x08007d3c       0x28 c:/progra~2/armgnu~1/12dbab~1.2re/bin/../lib/gcc/arm-none-eabi/12.2.1/thumb/v7-m/nofp\libg.a(libc_a-fini.o)
                0x08007d3c                __libc_fini_array
 .text.sysconf  0x08007d64       0x1c c:/progra~2/armgnu~1/12dbab~1.2re/bin/../lib/gcc/arm-none-eabi/12.2.1/thumb/v7-m/nofp\libg.a(libc_a-sysconf.o)
                0x08007d64                sysconf
 .text.memchr   0x08007d80       0x98 c:/progra~2/armgnu~1/12dbab~1.2re/bin/../lib/gcc/arm-none-eabi/12.2.1/thumb/v7-m/nofp\libg.a(libc_a-memchr-stub.o)
                0x08007d80                memchr
 .text.frexp    0x08007e18       0x70 c:/progra~2/armgnu~1/12dbab~1.2re/bin/../lib/gcc/arm-none-eabi/12.2.1/thumb/v7-m/nofp\libg.a(libm_a-s_frexp.o)
                0x08007e18                frexp
 .text.__register_exitproc
                0x08007e88       0x88 c:/progra~2/armgnu~1/12dbab~1.2re/bin/../lib/gcc/arm-none-eabi/12.2.1/thumb/v7-m/nofp\libg.a(libc_a-__atexit.o)
                0x08007e88                __register_exitproc
 .text.quorem   0x08007f10      0x13c c:/progra~2/armgnu~1/12dbab~1.2re/bin/../lib/gcc/arm-none-eabi/12.2.1/thumb/v7-m/nofp\libg.a(libc_a-dtoa.o)
 *fill*         0x0800804c        0x4 
 .text._dtoa_r  0x08008050      0xed0 c:/progra~2/armgnu~1/12dbab~1.2re/bin/../lib/gcc/arm-none-eabi/12.2.1/thumb/v7-m/nofp\libg.a(libc_a-dtoa.o)
                0x08008050                _dtoa_r
 .text.__ascii_mbtowc
                0x08008f20       0x2c c:/progra~2/armgnu~1/12dbab~1.2re/bin/../lib/gcc/arm-none-eabi/12.2.1/thumb/v7-m/nofp\libg.a(libc_a-mbtowc_r.o)
                0x08008f20                __ascii_mbtowc
 .text._Balloc  0x08008f4c       0x4c c:/progra~2/armgnu~1/12dbab~1.2re/bin/../lib/gcc/arm-none-eabi/12.2.1/thumb/v7-m/nofp\libg.a(libc_a-mprec.o)
                0x08008f4c                _Balloc
 .text._Bfree   0x08008f98       0x14 c:/progra~2/armgnu~1/12dbab~1.2re/bin/../lib/gcc/arm-none-eabi/12.2.1/thumb/v7-m/nofp\libg.a(libc_a-mprec.o)
                0x08008f98                _Bfree
 .text.__multadd
                0x08008fac       0xa4 c:/progra~2/armgnu~1/12dbab~1.2re/bin/../lib/gcc/arm-none-eabi/12.2.1/thumb/v7-m/nofp\libg.a(libc_a-mprec.o)
                0x08008fac                __multadd
 .text.__hi0bits
                0x08009050       0x44 c:/progra~2/armgnu~1/12dbab~1.2re/bin/../lib/gcc/arm-none-eabi/12.2.1/thumb/v7-m/nofp\libg.a(libc_a-mprec.o)
                0x08009050                __hi0bits
 .text.__lo0bits
                0x08009094       0x5c c:/progra~2/armgnu~1/12dbab~1.2re/bin/../lib/gcc/arm-none-eabi/12.2.1/thumb/v7-m/nofp\libg.a(libc_a-mprec.o)
                0x08009094                __lo0bits
 .text.__i2b    0x080090f0       0x5c c:/progra~2/armgnu~1/12dbab~1.2re/bin/../lib/gcc/arm-none-eabi/12.2.1/thumb/v7-m/nofp\libg.a(libc_a-mprec.o)
                0x080090f0                __i2b
 .text.__multiply
                0x0800914c      0x164 c:/progra~2/armgnu~1/12dbab~1.2re/bin/../lib/gcc/arm-none-eabi/12.2.1/thumb/v7-m/nofp\libg.a(libc_a-mprec.o)
                0x0800914c                __multiply
 .text.__pow5mult
                0x080092b0       0xb4 c:/progra~2/armgnu~1/12dbab~1.2re/bin/../lib/gcc/arm-none-eabi/12.2.1/thumb/v7-m/nofp\libg.a(libc_a-mprec.o)
                0x080092b0                __pow5mult
 .text.__lshift
                0x08009364       0xec c:/progra~2/armgnu~1/12dbab~1.2re/bin/../lib/gcc/arm-none-eabi/12.2.1/thumb/v7-m/nofp\libg.a(libc_a-mprec.o)
                0x08009364                __lshift
 .text.__mcmp   0x08009450       0x40 c:/progra~2/armgnu~1/12dbab~1.2re/bin/../lib/gcc/arm-none-eabi/12.2.1/thumb/v7-m/nofp\libg.a(libc_a-mprec.o)
                0x08009450                __mcmp
 .text.__mdiff  0x08009490      0x160 c:/progra~2/armgnu~1/12dbab~1.2re/bin/../lib/gcc/arm-none-eabi/12.2.1/thumb/v7-m/nofp\libg.a(libc_a-mprec.o)
                0x08009490                __mdiff
 .text.__d2b    0x080095f0       0xbc c:/progra~2/armgnu~1/12dbab~1.2re/bin/../lib/gcc/arm-none-eabi/12.2.1/thumb/v7-m/nofp\libg.a(libc_a-mprec.o)
                0x080095f0                __d2b
 .text.__ascii_wctomb
                0x080096ac       0x1c c:/progra~2/armgnu~1/12dbab~1.2re/bin/../lib/gcc/arm-none-eabi/12.2.1/thumb/v7-m/nofp\libg.a(libc_a-wctomb_r.o)
                0x080096ac                __ascii_wctomb
 .text._wcrtomb_r
                0x080096c8       0x4c c:/progra~2/armgnu~1/12dbab~1.2re/bin/../lib/gcc/arm-none-eabi/12.2.1/thumb/v7-m/nofp\libg.a(libc_a-wcrtomb.o)
                0x080096c8                _wcrtomb_r
 .text._wcsrtombs_r
                0x08009714       0x18 c:/progra~2/armgnu~1/12dbab~1.2re/bin/../lib/gcc/arm-none-eabi/12.2.1/thumb/v7-m/nofp\libg.a(libc_a-wcsrtombs.o)
                0x08009714                _wcsrtombs_r
 .text.__ssprint_r
                0x0800972c      0x100 c:/progra~2/armgnu~1/12dbab~1.2re/bin/../lib/gcc/arm-none-eabi/12.2.1/thumb/v7-m/nofp\libg.a(libc_a-svfiprintf.o)
                0x0800972c                __ssprint_r
 .text.memmove  0x0800982c       0xfc c:/progra~2/armgnu~1/12dbab~1.2re/bin/../lib/gcc/arm-none-eabi/12.2.1/thumb/v7-m/nofp\libg.a(libc_a-memmove.o)
                0x0800982c                memmove
 .text.__assert_func
                0x08009928       0x40 c:/progra~2/armgnu~1/12dbab~1.2re/bin/../lib/gcc/arm-none-eabi/12.2.1/thumb/v7-m/nofp\libg.a(libc_a-assert.o)
                0x08009928                __assert_func
 .text._calloc_r
                0x08009968       0x6c c:/progra~2/armgnu~1/12dbab~1.2re/bin/../lib/gcc/arm-none-eabi/12.2.1/thumb/v7-m/nofp\libg.a(libc_a-callocr.o)
                0x08009968                _calloc_r
 .text._realloc_r
                0x080099d4      0x358 c:/progra~2/armgnu~1/12dbab~1.2re/bin/../lib/gcc/arm-none-eabi/12.2.1/thumb/v7-m/nofp\libg.a(libc_a-reallocr.o)
                0x080099d4                _realloc_r
 .text._wcsnrtombs_l
                0x08009d2c       0xec c:/progra~2/armgnu~1/12dbab~1.2re/bin/../lib/gcc/arm-none-eabi/12.2.1/thumb/v7-m/nofp\libg.a(libc_a-wcsnrtombs.o)
                0x08009d2c                _wcsnrtombs_l
 .text._wcsnrtombs_r
                0x08009e18       0x24 c:/progra~2/armgnu~1/12dbab~1.2re/bin/../lib/gcc/arm-none-eabi/12.2.1/thumb/v7-m/nofp\libg.a(libc_a-wcsnrtombs.o)
                0x08009e18                _wcsnrtombs_r
 .text.fiprintf
                0x08009e3c       0x28 c:/progra~2/armgnu~1/12dbab~1.2re/bin/../lib/gcc/arm-none-eabi/12.2.1/thumb/v7-m/nofp\libg.a(libc_a-fiprintf.o)
                0x08009e3c                fiprintf
 .text.__sprint_r.part.0
                0x08009e64       0x78 c:/progra~2/armgnu~1/12dbab~1.2re/bin/../lib/gcc/arm-none-eabi/12.2.1/thumb/v7-m/nofp\libg.a(libc_a-vfiprintf.o)
 .text._vfiprintf_r
                0x08009edc      0xffc c:/progra~2/armgnu~1/12dbab~1.2re/bin/../lib/gcc/arm-none-eabi/12.2.1/thumb/v7-m/nofp\libg.a(libc_a-vfiprintf.o)
                0x08009edc                _vfiprintf_r
 .text.__sbprintf
                0x0800aed8       0x80 c:/progra~2/armgnu~1/12dbab~1.2re/bin/../lib/gcc/arm-none-eabi/12.2.1/thumb/v7-m/nofp\libg.a(libc_a-vfiprintf.o)
 .text.__sfvwrite_r
                0x0800af58      0x2dc c:/progra~2/armgnu~1/12dbab~1.2re/bin/../lib/gcc/arm-none-eabi/12.2.1/thumb/v7-m/nofp\libg.a(libc_a-fvwrite.o)
                0x0800af58                __sfvwrite_r
 .text.__swsetup_r
                0x0800b234       0xc0 c:/progra~2/armgnu~1/12dbab~1.2re/bin/../lib/gcc/arm-none-eabi/12.2.1/thumb/v7-m/nofp\libg.a(libc_a-wsetup.o)
                0x0800b234                __swsetup_r
 .text.__fputwc
                0x0800b2f4       0x7c c:/progra~2/armgnu~1/12dbab~1.2re/bin/../lib/gcc/arm-none-eabi/12.2.1/thumb/v7-m/nofp\libg.a(libc_a-fputwc.o)
                0x0800b2f4                __fputwc
 .text._fputwc_r
                0x0800b370       0x64 c:/progra~2/armgnu~1/12dbab~1.2re/bin/../lib/gcc/arm-none-eabi/12.2.1/thumb/v7-m/nofp\libg.a(libc_a-fputwc.o)
                0x0800b370                _fputwc_r
 .text.abort    0x0800b3d4       0x10 c:/progra~2/armgnu~1/12dbab~1.2re/bin/../lib/gcc/arm-none-eabi/12.2.1/thumb/v7-m/nofp\libg.a(libc_a-abort.o)
                0x0800b3d4                abort
 .text.__smakebuf_r
                0x0800b3e4       0xdc c:/progra~2/armgnu~1/12dbab~1.2re/bin/../lib/gcc/arm-none-eabi/12.2.1/thumb/v7-m/nofp\libg.a(libc_a-makebuf.o)
                0x0800b3e4                __smakebuf_r
 .text.__swbuf_r
                0x0800b4c0       0xac c:/progra~2/armgnu~1/12dbab~1.2re/bin/../lib/gcc/arm-none-eabi/12.2.1/thumb/v7-m/nofp\libg.a(libc_a-wbuf.o)
                0x0800b4c0                __swbuf_r
 .text.raise    0x0800b56c       0x58 c:/progra~2/armgnu~1/12dbab~1.2re/bin/../lib/gcc/arm-none-eabi/12.2.1/thumb/v7-m/nofp\libg.a(libc_a-signal.o)
                0x0800b56c                raise
 .text._fstat_r
                0x0800b5c4       0x28 c:/progra~2/armgnu~1/12dbab~1.2re/bin/../lib/gcc/arm-none-eabi/12.2.1/thumb/v7-m/nofp\libg.a(libc_a-fstatr.o)
                0x0800b5c4                _fstat_r
 .text._isatty_r
                0x0800b5ec       0x24 c:/progra~2/armgnu~1/12dbab~1.2re/bin/../lib/gcc/arm-none-eabi/12.2.1/thumb/v7-m/nofp\libg.a(libc_a-isattyr.o)
                0x0800b5ec                _isatty_r
 .text._kill_r  0x0800b610       0x28 c:/progra~2/armgnu~1/12dbab~1.2re/bin/../lib/gcc/arm-none-eabi/12.2.1/thumb/v7-m/nofp\libg.a(libc_a-signalr.o)
                0x0800b610                _kill_r
 .text._getpid_r
                0x0800b638        0x4 c:/progra~2/armgnu~1/12dbab~1.2re/bin/../lib/gcc/arm-none-eabi/12.2.1/thumb/v7-m/nofp\libg.a(libc_a-signalr.o)
                0x0800b638                _getpid_r
 *(.glue_7)
 .glue_7        0x0800b63c        0x0 linker stubs
 *(.glue_7t)
 .glue_7t       0x0800b63c        0x0 linker stubs
 *(.eh_frame)
 .eh_frame      0x0800b63c        0x0 c:/progra~2/armgnu~1/12dbab~1.2re/bin/../lib/gcc/arm-none-eabi/12.2.1/thumb/v7-m/nofp/crtbegin.o
 *(.init)
 .init          0x0800b63c        0x4 c:/progra~2/armgnu~1/12dbab~1.2re/bin/../lib/gcc/arm-none-eabi/12.2.1/thumb/v7-m/nofp/crti.o
                0x0800b63c                _init
 .init          0x0800b640        0x8 c:/progra~2/armgnu~1/12dbab~1.2re/bin/../lib/gcc/arm-none-eabi/12.2.1/thumb/v7-m/nofp/crtn.o
 *(.fini)
 .fini          0x0800b648        0x4 c:/progra~2/armgnu~1/12dbab~1.2re/bin/../lib/gcc/arm-none-eabi/12.2.1/thumb/v7-m/nofp/crti.o
                0x0800b648                _fini
 .fini          0x0800b64c        0x8 c:/progra~2/armgnu~1/12dbab~1.2re/bin/../lib/gcc/arm-none-eabi/12.2.1/thumb/v7-m/nofp/crtn.o
                0x0800b654                . = ALIGN (0x4)
                0x0800b654                _etext = .

.vfp11_veneer   0x0800b654        0x0
 .vfp11_veneer  0x0800b654        0x0 linker stubs

.v4_bx          0x0800b654        0x0
 .v4_bx         0x0800b654        0x0 linker stubs

.iplt           0x0800b654        0x0
 .iplt          0x0800b654        0x0 c:/progra~2/armgnu~1/12dbab~1.2re/bin/../lib/gcc/arm-none-eabi/12.2.1/thumb/v7-m/nofp/crtbegin.o

.rodata         0x0800b658      0x46c
                0x0800b658                . = ALIGN (0x4)
 *(.rodata)
 *(.rodata*)
 .rodata.main.str1.4
                0x0800b658       0x14 CMakeFiles/UltrasonicWave.elf.dir/Core/Src/main.c.obj
 .rodata.AHBPrescTable
                0x0800b66c       0x10 CMakeFiles/UltrasonicWave.elf.dir/Core/Src/system_stm32f1xx.c.obj
                0x0800b66c                AHBPrescTable
 .rodata.HAL_RCC_GetSysClockFreq.str1.4
                0x0800b67c       0x11 CMakeFiles/UltrasonicWave.elf.dir/Drivers/STM32F1xx_HAL_Driver/Src/stm32f1xx_hal_rcc.c.obj
 *fill*         0x0800b68d        0x3 
 .rodata.USBD_FS_ProductStrDescriptor.str1.4
                0x0800b690       0x16 CMakeFiles/UltrasonicWave.elf.dir/USB_DEVICE/App/usbd_desc.c.obj
 *fill*         0x0800b6a6        0x2 
 .rodata.USBD_FS_ManufacturerStrDescriptor.str1.4
                0x0800b6a8       0x13 CMakeFiles/UltrasonicWave.elf.dir/USB_DEVICE/App/usbd_desc.c.obj
 *fill*         0x0800b6bb        0x1 
 .rodata.USBD_FS_ConfigStrDescriptor.str1.4
                0x0800b6bc        0xb CMakeFiles/UltrasonicWave.elf.dir/USB_DEVICE/App/usbd_desc.c.obj
 *fill*         0x0800b6c7        0x1 
 .rodata.USBD_FS_InterfaceStrDescriptor.str1.4
                0x0800b6c8        0xe CMakeFiles/UltrasonicWave.elf.dir/USB_DEVICE/App/usbd_desc.c.obj
 *fill*         0x0800b6d6        0x2 
 .rodata._svfprintf_r.str1.4
                0x0800b6d8       0x42 c:/progra~2/armgnu~1/12dbab~1.2re/bin/../lib/gcc/arm-none-eabi/12.2.1/thumb/v7-m/nofp\libg.a(libc_a-svfprintf.o)
 *fill*         0x0800b71a        0x2 
 .rodata.zeroes.0
                0x0800b71c       0x10 c:/progra~2/armgnu~1/12dbab~1.2re/bin/../lib/gcc/arm-none-eabi/12.2.1/thumb/v7-m/nofp\libg.a(libc_a-svfprintf.o)
 .rodata.blanks.1
                0x0800b72c       0x10 c:/progra~2/armgnu~1/12dbab~1.2re/bin/../lib/gcc/arm-none-eabi/12.2.1/thumb/v7-m/nofp\libg.a(libc_a-svfprintf.o)
 .rodata.str1.4
                0x0800b73c       0x48 c:/progra~2/armgnu~1/12dbab~1.2re/bin/../lib/gcc/arm-none-eabi/12.2.1/thumb/v7-m/nofp\libg.a(libc_a-locale.o)
                                 0x4c (size before relaxing)
 .rodata._dtoa_r.str1.4
                0x0800b784       0x7d c:/progra~2/armgnu~1/12dbab~1.2re/bin/../lib/gcc/arm-none-eabi/12.2.1/thumb/v7-m/nofp\libg.a(libc_a-dtoa.o)
                                 0x81 (size before relaxing)
 *fill*         0x0800b801        0x3 
 .rodata.__multadd.str1.4
                0x0800b804       0x5a c:/progra~2/armgnu~1/12dbab~1.2re/bin/../lib/gcc/arm-none-eabi/12.2.1/thumb/v7-m/nofp\libg.a(libc_a-mprec.o)
                                 0x6e (size before relaxing)
 *fill*         0x0800b85e        0x2 
 .rodata.p05.0  0x0800b860        0xc c:/progra~2/armgnu~1/12dbab~1.2re/bin/../lib/gcc/arm-none-eabi/12.2.1/thumb/v7-m/nofp\libg.a(libc_a-mprec.o)
 *fill*         0x0800b86c        0x4 
 .rodata.__mprec_bigtens
                0x0800b870       0x28 c:/progra~2/armgnu~1/12dbab~1.2re/bin/../lib/gcc/arm-none-eabi/12.2.1/thumb/v7-m/nofp\libg.a(libc_a-mprec.o)
                0x0800b870                __mprec_bigtens
 .rodata.__mprec_tens
                0x0800b898       0xc8 c:/progra~2/armgnu~1/12dbab~1.2re/bin/../lib/gcc/arm-none-eabi/12.2.1/thumb/v7-m/nofp\libg.a(libc_a-mprec.o)
                0x0800b898                __mprec_tens
 .rodata._ctype_
                0x0800b960      0x101 c:/progra~2/armgnu~1/12dbab~1.2re/bin/../lib/gcc/arm-none-eabi/12.2.1/thumb/v7-m/nofp\libg.a(libc_a-ctype_.o)
                0x0800b960                _ctype_
 *fill*         0x0800ba61        0x3 
 .rodata.__assert_func.str1.4
                0x0800ba64       0x3f c:/progra~2/armgnu~1/12dbab~1.2re/bin/../lib/gcc/arm-none-eabi/12.2.1/thumb/v7-m/nofp\libg.a(libc_a-assert.o)
                                 0x43 (size before relaxing)
 .rodata._vfiprintf_r.str1.4
                0x0800baa3       0x2f c:/progra~2/armgnu~1/12dbab~1.2re/bin/../lib/gcc/arm-none-eabi/12.2.1/thumb/v7-m/nofp\libg.a(libc_a-vfiprintf.o)
 *fill*         0x0800baa3        0x1 
 .rodata.zeroes.0
                0x0800baa4       0x10 c:/progra~2/armgnu~1/12dbab~1.2re/bin/../lib/gcc/arm-none-eabi/12.2.1/thumb/v7-m/nofp\libg.a(libc_a-vfiprintf.o)
 .rodata.blanks.1
                0x0800bab4       0x10 c:/progra~2/armgnu~1/12dbab~1.2re/bin/../lib/gcc/arm-none-eabi/12.2.1/thumb/v7-m/nofp\libg.a(libc_a-vfiprintf.o)
                0x0800bac4                . = ALIGN (0x4)

.rel.dyn        0x0800bac4        0x0
 .rel.iplt      0x0800bac4        0x0 c:/progra~2/armgnu~1/12dbab~1.2re/bin/../lib/gcc/arm-none-eabi/12.2.1/thumb/v7-m/nofp/crtbegin.o

.ARM.extab      0x0800bac4        0x0
                0x0800bac4                . = ALIGN (0x4)
 *(.ARM.extab* .gnu.linkonce.armextab.*)
                0x0800bac4                . = ALIGN (0x4)

.ARM            0x0800bac4        0x0
                0x0800bac4                . = ALIGN (0x4)
                0x0800bac4                __exidx_start = .
 *(.ARM.exidx*)
                0x0800bac4                __exidx_end = .
                0x0800bac4                . = ALIGN (0x4)

.preinit_array  0x0800bac4        0x0
                0x0800bac4                . = ALIGN (0x4)
                0x0800bac4                PROVIDE (__preinit_array_start = .)
 *(.preinit_array*)
                0x0800bac4                PROVIDE (__preinit_array_end = .)
                0x0800bac4                . = ALIGN (0x4)

.init_array     0x0800bac4        0x8
                0x0800bac4                . = ALIGN (0x4)
                0x0800bac4                PROVIDE (__init_array_start = .)
 *(SORT_BY_NAME(.init_array.*))
 .init_array.00000
                0x0800bac4        0x4 c:/progra~2/armgnu~1/12dbab~1.2re/bin/../lib/gcc/arm-none-eabi/12.2.1/thumb/v7-m/nofp\libg.a(libc_a-__call_atexit.o)
 *(.init_array*)
 .init_array    0x0800bac8        0x4 c:/progra~2/armgnu~1/12dbab~1.2re/bin/../lib/gcc/arm-none-eabi/12.2.1/thumb/v7-m/nofp/crtbegin.o
                0x0800bacc                PROVIDE (__init_array_end = .)
                0x0800bacc                . = ALIGN (0x4)

.fini_array     0x0800bacc        0x4
                0x0800bacc                . = ALIGN (0x4)
                0x0800bacc                PROVIDE (__fini_array_start = .)
 *(SORT_BY_NAME(.fini_array.*))
 *(.fini_array*)
 .fini_array    0x0800bacc        0x4 c:/progra~2/armgnu~1/12dbab~1.2re/bin/../lib/gcc/arm-none-eabi/12.2.1/thumb/v7-m/nofp/crtbegin.o
                0x0800bad0                PROVIDE (__fini_array_end = .)
                0x0800bad0                . = ALIGN (0x4)
                0x0800bad0                _sidata = LOADADDR (.data)

.data           0x20000000      0x834 load address 0x0800bad0
                0x20000000                . = ALIGN (0x4)
                0x20000000                _sdata = .
 *(.data)
 *(.data*)
 .data.SystemCoreClock
                0x20000000        0x4 CMakeFiles/UltrasonicWave.elf.dir/Core/Src/system_stm32f1xx.c.obj
                0x20000000                SystemCoreClock
 .data.uwTickFreq
                0x20000004        0x1 CMakeFiles/UltrasonicWave.elf.dir/Drivers/STM32F1xx_HAL_Driver/Src/stm32f1xx_hal.c.obj
                0x20000004                uwTickFreq
 *fill*         0x20000005        0x3 
 .data.uwTickPrio
                0x20000008        0x4 CMakeFiles/UltrasonicWave.elf.dir/Drivers/STM32F1xx_HAL_Driver/Src/stm32f1xx_hal.c.obj
                0x20000008                uwTickPrio
 .data.USBD_CDC_OtherSpeedCfgDesc
                0x2000000c       0x43 CMakeFiles/UltrasonicWave.elf.dir/Middlewares/ST/STM32_USB_Device_Library/Class/CDC/Src/usbd_cdc.c.obj
                0x2000000c                USBD_CDC_OtherSpeedCfgDesc
 *fill*         0x2000004f        0x1 
 .data.USBD_CDC_CfgFSDesc
                0x20000050       0x43 CMakeFiles/UltrasonicWave.elf.dir/Middlewares/ST/STM32_USB_Device_Library/Class/CDC/Src/usbd_cdc.c.obj
                0x20000050                USBD_CDC_CfgFSDesc
 *fill*         0x20000093        0x1 
 .data.USBD_CDC_CfgHSDesc
                0x20000094       0x43 CMakeFiles/UltrasonicWave.elf.dir/Middlewares/ST/STM32_USB_Device_Library/Class/CDC/Src/usbd_cdc.c.obj
                0x20000094                USBD_CDC_CfgHSDesc
 *fill*         0x200000d7        0x1 
 .data.USBD_CDC
                0x200000d8       0x38 CMakeFiles/UltrasonicWave.elf.dir/Middlewares/ST/STM32_USB_Device_Library/Class/CDC/Src/usbd_cdc.c.obj
                0x200000d8                USBD_CDC
 .data.USBD_CDC_DeviceQualifierDesc
                0x20000110        0xa CMakeFiles/UltrasonicWave.elf.dir/Middlewares/ST/STM32_USB_Device_Library/Class/CDC/Src/usbd_cdc.c.obj
 *fill*         0x2000011a        0x2 
 .data.USBD_Interface_fops_FS
                0x2000011c       0x10 CMakeFiles/UltrasonicWave.elf.dir/USB_DEVICE/App/usbd_cdc_if.c.obj
                0x2000011c                USBD_Interface_fops_FS
 .data.USBD_StringSerial
                0x2000012c       0x1a CMakeFiles/UltrasonicWave.elf.dir/USB_DEVICE/App/usbd_desc.c.obj
                0x2000012c                USBD_StringSerial
 *fill*         0x20000146        0x2 
 .data.USBD_LangIDDesc
                0x20000148        0x4 CMakeFiles/UltrasonicWave.elf.dir/USB_DEVICE/App/usbd_desc.c.obj
                0x20000148                USBD_LangIDDesc
 .data.USBD_FS_DeviceDesc
                0x2000014c       0x12 CMakeFiles/UltrasonicWave.elf.dir/USB_DEVICE/App/usbd_desc.c.obj
                0x2000014c                USBD_FS_DeviceDesc
 *fill*         0x2000015e        0x2 
 .data.FS_Desc  0x20000160       0x1c CMakeFiles/UltrasonicWave.elf.dir/USB_DEVICE/App/usbd_desc.c.obj
                0x20000160                FS_Desc
 .data.__sglue  0x2000017c        0xc c:/progra~2/armgnu~1/12dbab~1.2re/bin/../lib/gcc/arm-none-eabi/12.2.1/thumb/v7-m/nofp\libg.a(libc_a-findfp.o)
                0x2000017c                __sglue
 .data._impure_ptr
                0x20000188        0x4 c:/progra~2/armgnu~1/12dbab~1.2re/bin/../lib/gcc/arm-none-eabi/12.2.1/thumb/v7-m/nofp\libg.a(libc_a-impure.o)
                0x20000188                _impure_ptr
 *fill*         0x2000018c        0x4 
 .data._impure_data
                0x20000190      0x120 c:/progra~2/armgnu~1/12dbab~1.2re/bin/../lib/gcc/arm-none-eabi/12.2.1/thumb/v7-m/nofp\libg.a(libc_a-impure.o)
                0x20000190                _impure_data
 .data.__atexit_recursive_mutex
                0x200002b0        0x4 c:/progra~2/armgnu~1/12dbab~1.2re/bin/../lib/gcc/arm-none-eabi/12.2.1/thumb/v7-m/nofp\libg.a(libc_a-__call_atexit.o)
                0x200002b0                __atexit_recursive_mutex
 .data.__malloc_sbrk_base
                0x200002b4        0x4 c:/progra~2/armgnu~1/12dbab~1.2re/bin/../lib/gcc/arm-none-eabi/12.2.1/thumb/v7-m/nofp\libg.a(libc_a-mallocr.o)
                0x200002b4                __malloc_sbrk_base
 .data.__malloc_trim_threshold
                0x200002b8        0x4 c:/progra~2/armgnu~1/12dbab~1.2re/bin/../lib/gcc/arm-none-eabi/12.2.1/thumb/v7-m/nofp\libg.a(libc_a-mallocr.o)
                0x200002b8                __malloc_trim_threshold
 *fill*         0x200002bc        0x4 
 .data.__malloc_av_
                0x200002c0      0x408 c:/progra~2/armgnu~1/12dbab~1.2re/bin/../lib/gcc/arm-none-eabi/12.2.1/thumb/v7-m/nofp\libg.a(libc_a-mallocr.o)
                0x200002c0                __malloc_av_
 .data.__global_locale
                0x200006c8      0x16c c:/progra~2/armgnu~1/12dbab~1.2re/bin/../lib/gcc/arm-none-eabi/12.2.1/thumb/v7-m/nofp\libg.a(libc_a-locale.o)
                0x200006c8                __global_locale
 *(.RamFunc)
 *(.RamFunc*)
                0x20000834                . = ALIGN (0x4)
                0x20000834                _edata = .

.tm_clone_table
                0x20000834        0x0 load address 0x0800c304
 .tm_clone_table
                0x20000834        0x0 c:/progra~2/armgnu~1/12dbab~1.2re/bin/../lib/gcc/arm-none-eabi/12.2.1/thumb/v7-m/nofp/crtbegin.o
 .tm_clone_table
                0x20000834        0x0 c:/progra~2/armgnu~1/12dbab~1.2re/bin/../lib/gcc/arm-none-eabi/12.2.1/thumb/v7-m/nofp/crtend.o

.igot.plt       0x20000834        0x0 load address 0x0800c304
 .igot.plt      0x20000834        0x0 c:/progra~2/armgnu~1/12dbab~1.2re/bin/../lib/gcc/arm-none-eabi/12.2.1/thumb/v7-m/nofp/crtbegin.o
                0x20000834                . = ALIGN (0x4)

.bss            0x20000834     0x1540 load address 0x0800c304
                0x20000834                _sbss = .
                0x20000834                __bss_start__ = _sbss
 *(.bss)
 *(.bss*)
 .bss.completed.1
                0x20000834        0x1 c:/progra~2/armgnu~1/12dbab~1.2re/bin/../lib/gcc/arm-none-eabi/12.2.1/thumb/v7-m/nofp/crtbegin.o
 *fill*         0x20000835        0x3 
 .bss.object.0  0x20000838       0x18 c:/progra~2/armgnu~1/12dbab~1.2re/bin/../lib/gcc/arm-none-eabi/12.2.1/thumb/v7-m/nofp/crtbegin.o
 .bss.low_flag  0x20000850        0x1 CMakeFiles/UltrasonicWave.elf.dir/Core/Src/gpio.c.obj
                0x20000850                low_flag
 *fill*         0x20000851        0x3 
 .bss.counter   0x20000854        0x4 CMakeFiles/UltrasonicWave.elf.dir/Core/Src/gpio.c.obj
                0x20000854                counter
 .bss.buffer    0x20000858       0x14 CMakeFiles/UltrasonicWave.elf.dir/Core/Src/main.c.obj
                0x20000858                buffer
 .bss.__sbrk_heap_end
                0x2000086c        0x4 CMakeFiles/UltrasonicWave.elf.dir/Core/Src/sysmem.c.obj
 .bss.htim1     0x20000870       0x48 CMakeFiles/UltrasonicWave.elf.dir/Core/Src/tim.c.obj
                0x20000870                htim1
 .bss.uwTick    0x200008b8        0x4 CMakeFiles/UltrasonicWave.elf.dir/Drivers/STM32F1xx_HAL_Driver/Src/stm32f1xx_hal.c.obj
                0x200008b8                uwTick
 .bss.cfgidx.0  0x200008bc        0x1 CMakeFiles/UltrasonicWave.elf.dir/Middlewares/ST/STM32_USB_Device_Library/Core/Src/usbd_ctlreq.c.obj
 *fill*         0x200008bd        0x3 
 .bss.hUsbDeviceFS
                0x200008c0      0x2c4 CMakeFiles/UltrasonicWave.elf.dir/USB_DEVICE/App/usb_device.c.obj
                0x200008c0                hUsbDeviceFS
 .bss.UserTxBufferFS
                0x20000b84      0x3e8 CMakeFiles/UltrasonicWave.elf.dir/USB_DEVICE/App/usbd_cdc_if.c.obj
                0x20000b84                UserTxBufferFS
 .bss.UserRxBufferFS
                0x20000f6c      0x3e8 CMakeFiles/UltrasonicWave.elf.dir/USB_DEVICE/App/usbd_cdc_if.c.obj
                0x20000f6c                UserRxBufferFS
 .bss.USBD_StrDesc
                0x20001354      0x200 CMakeFiles/UltrasonicWave.elf.dir/USB_DEVICE/App/usbd_desc.c.obj
                0x20001354                USBD_StrDesc
 .bss.mem.0     0x20001554      0x220 CMakeFiles/UltrasonicWave.elf.dir/USB_DEVICE/Target/usbd_conf.c.obj
 .bss.hpcd_USB_FS
                0x20001774      0x2ec CMakeFiles/UltrasonicWave.elf.dir/USB_DEVICE/Target/usbd_conf.c.obj
                0x20001774                hpcd_USB_FS
 .bss.__sf      0x20001a60      0x138 c:/progra~2/armgnu~1/12dbab~1.2re/bin/../lib/gcc/arm-none-eabi/12.2.1/thumb/v7-m/nofp\libg.a(libc_a-findfp.o)
                0x20001a60                __sf
 .bss.__stdio_exit_handler
                0x20001b98        0x4 c:/progra~2/armgnu~1/12dbab~1.2re/bin/../lib/gcc/arm-none-eabi/12.2.1/thumb/v7-m/nofp\libg.a(libc_a-findfp.o)
                0x20001b98                __stdio_exit_handler
 .bss.errno     0x20001b9c        0x4 c:/progra~2/armgnu~1/12dbab~1.2re/bin/../lib/gcc/arm-none-eabi/12.2.1/thumb/v7-m/nofp\libg.a(libc_a-reent.o)
                0x20001b9c                errno
 .bss.__lock___malloc_recursive_mutex
                0x20001ba0        0x1 c:/progra~2/armgnu~1/12dbab~1.2re/bin/../lib/gcc/arm-none-eabi/12.2.1/thumb/v7-m/nofp\libg.a(libc_a-lock.o)
                0x20001ba0                __lock___malloc_recursive_mutex
 *fill*         0x20001ba1        0x3 
 .bss.__lock___atexit_recursive_mutex
                0x20001ba4        0x1 c:/progra~2/armgnu~1/12dbab~1.2re/bin/../lib/gcc/arm-none-eabi/12.2.1/thumb/v7-m/nofp\libg.a(libc_a-lock.o)
                0x20001ba4                __lock___atexit_recursive_mutex
 *fill*         0x20001ba5        0x3 
 .bss.__lock___sfp_recursive_mutex
                0x20001ba8        0x1 c:/progra~2/armgnu~1/12dbab~1.2re/bin/../lib/gcc/arm-none-eabi/12.2.1/thumb/v7-m/nofp\libg.a(libc_a-lock.o)
                0x20001ba8                __lock___sfp_recursive_mutex
 *fill*         0x20001ba9        0x3 
 .bss.__atexit  0x20001bac        0x4 c:/progra~2/armgnu~1/12dbab~1.2re/bin/../lib/gcc/arm-none-eabi/12.2.1/thumb/v7-m/nofp\libg.a(libc_a-__call_atexit.o)
                0x20001bac                __atexit
 .bss.__malloc_current_mallinfo
                0x20001bb0       0x28 c:/progra~2/armgnu~1/12dbab~1.2re/bin/../lib/gcc/arm-none-eabi/12.2.1/thumb/v7-m/nofp\libg.a(libc_a-mallocr.o)
                0x20001bb0                __malloc_current_mallinfo
 .bss.__malloc_max_total_mem
                0x20001bd8        0x4 c:/progra~2/armgnu~1/12dbab~1.2re/bin/../lib/gcc/arm-none-eabi/12.2.1/thumb/v7-m/nofp\libg.a(libc_a-mallocr.o)
                0x20001bd8                __malloc_max_total_mem
 .bss.__malloc_max_sbrked_mem
                0x20001bdc        0x4 c:/progra~2/armgnu~1/12dbab~1.2re/bin/../lib/gcc/arm-none-eabi/12.2.1/thumb/v7-m/nofp\libg.a(libc_a-mallocr.o)
                0x20001bdc                __malloc_max_sbrked_mem
 .bss.__malloc_top_pad
                0x20001be0        0x4 c:/progra~2/armgnu~1/12dbab~1.2re/bin/../lib/gcc/arm-none-eabi/12.2.1/thumb/v7-m/nofp\libg.a(libc_a-mallocr.o)
                0x20001be0                __malloc_top_pad
 .bss.__atexit0
                0x20001be4      0x190 c:/progra~2/armgnu~1/12dbab~1.2re/bin/../lib/gcc/arm-none-eabi/12.2.1/thumb/v7-m/nofp\libg.a(libc_a-__atexit.o)
                0x20001be4                __atexit0
 *(COMMON)
                0x20001d74                . = ALIGN (0x4)
                0x20001d74                _ebss = .
                0x20001d74                __bss_end__ = _ebss

._user_heap_stack
                0x20001d74      0x604 load address 0x0800c304
                0x20001d78                . = ALIGN (0x8)
 *fill*         0x20001d74        0x4 
                [!provide]                PROVIDE (end = .)
                0x20001d78                PROVIDE (_end = .)
                0x20001f78                . = (. + _Min_Heap_Size)
 *fill*         0x20001d78      0x200 
                0x20002378                . = (. + _Min_Stack_Size)
 *fill*         0x20001f78      0x400 
                0x20002378                . = ALIGN (0x8)

/DISCARD/
 libc.a(*)
 libm.a(*)
 libgcc.a(*)

.ARM.attributes
                0x00000000       0x29
 *(.ARM.attributes)
 .ARM.attributes
                0x00000000       0x1d c:/progra~2/armgnu~1/12dbab~1.2re/bin/../lib/gcc/arm-none-eabi/12.2.1/thumb/v7-m/nofp/crti.o
 .ARM.attributes
                0x0000001d       0x2d c:/progra~2/armgnu~1/12dbab~1.2re/bin/../lib/gcc/arm-none-eabi/12.2.1/thumb/v7-m/nofp/crtbegin.o
 .ARM.attributes
                0x0000004a       0x2d CMakeFiles/UltrasonicWave.elf.dir/Core/Src/gpio.c.obj
 .ARM.attributes
                0x00000077       0x2d CMakeFiles/UltrasonicWave.elf.dir/Core/Src/main.c.obj
 .ARM.attributes
                0x000000a4       0x2d CMakeFiles/UltrasonicWave.elf.dir/Core/Src/stm32f1xx_hal_msp.c.obj
 .ARM.attributes
                0x000000d1       0x2d CMakeFiles/UltrasonicWave.elf.dir/Core/Src/stm32f1xx_it.c.obj
 .ARM.attributes
                0x000000fe       0x2d CMakeFiles/UltrasonicWave.elf.dir/Core/Src/syscalls.c.obj
 .ARM.attributes
                0x0000012b       0x2d CMakeFiles/UltrasonicWave.elf.dir/Core/Src/sysmem.c.obj
 .ARM.attributes
                0x00000158       0x2d CMakeFiles/UltrasonicWave.elf.dir/Core/Src/system_stm32f1xx.c.obj
 .ARM.attributes
                0x00000185       0x2d CMakeFiles/UltrasonicWave.elf.dir/Core/Src/tim.c.obj
 .ARM.attributes
                0x000001b2       0x21 CMakeFiles/UltrasonicWave.elf.dir/Core/Startup/startup_stm32f103c8tx.s.obj
 .ARM.attributes
                0x000001d3       0x2d CMakeFiles/UltrasonicWave.elf.dir/Drivers/STM32F1xx_HAL_Driver/Src/stm32f1xx_hal.c.obj
 .ARM.attributes
                0x00000200       0x2d CMakeFiles/UltrasonicWave.elf.dir/Drivers/STM32F1xx_HAL_Driver/Src/stm32f1xx_hal_cortex.c.obj
 .ARM.attributes
                0x0000022d       0x2d CMakeFiles/UltrasonicWave.elf.dir/Drivers/STM32F1xx_HAL_Driver/Src/stm32f1xx_hal_gpio.c.obj
 .ARM.attributes
                0x0000025a       0x2d CMakeFiles/UltrasonicWave.elf.dir/Drivers/STM32F1xx_HAL_Driver/Src/stm32f1xx_hal_pcd.c.obj
 .ARM.attributes
                0x00000287       0x2d CMakeFiles/UltrasonicWave.elf.dir/Drivers/STM32F1xx_HAL_Driver/Src/stm32f1xx_hal_pcd_ex.c.obj
 .ARM.attributes
                0x000002b4       0x2d CMakeFiles/UltrasonicWave.elf.dir/Drivers/STM32F1xx_HAL_Driver/Src/stm32f1xx_hal_rcc.c.obj
 .ARM.attributes
                0x000002e1       0x2d CMakeFiles/UltrasonicWave.elf.dir/Drivers/STM32F1xx_HAL_Driver/Src/stm32f1xx_hal_rcc_ex.c.obj
 .ARM.attributes
                0x0000030e       0x2d CMakeFiles/UltrasonicWave.elf.dir/Drivers/STM32F1xx_HAL_Driver/Src/stm32f1xx_hal_tim.c.obj
 .ARM.attributes
                0x0000033b       0x2d CMakeFiles/UltrasonicWave.elf.dir/Drivers/STM32F1xx_HAL_Driver/Src/stm32f1xx_hal_tim_ex.c.obj
 .ARM.attributes
                0x00000368       0x2d CMakeFiles/UltrasonicWave.elf.dir/Drivers/STM32F1xx_HAL_Driver/Src/stm32f1xx_ll_usb.c.obj
 .ARM.attributes
                0x00000395       0x2d CMakeFiles/UltrasonicWave.elf.dir/Middlewares/ST/STM32_USB_Device_Library/Class/CDC/Src/usbd_cdc.c.obj
 .ARM.attributes
                0x000003c2       0x2d CMakeFiles/UltrasonicWave.elf.dir/Middlewares/ST/STM32_USB_Device_Library/Core/Src/usbd_core.c.obj
 .ARM.attributes
                0x000003ef       0x2d CMakeFiles/UltrasonicWave.elf.dir/Middlewares/ST/STM32_USB_Device_Library/Core/Src/usbd_ctlreq.c.obj
 .ARM.attributes
                0x0000041c       0x2d CMakeFiles/UltrasonicWave.elf.dir/Middlewares/ST/STM32_USB_Device_Library/Core/Src/usbd_ioreq.c.obj
 .ARM.attributes
                0x00000449       0x2d CMakeFiles/UltrasonicWave.elf.dir/USB_DEVICE/App/usb_device.c.obj
 .ARM.attributes
                0x00000476       0x2d CMakeFiles/UltrasonicWave.elf.dir/USB_DEVICE/App/usbd_cdc_if.c.obj
 .ARM.attributes
                0x000004a3       0x2d CMakeFiles/UltrasonicWave.elf.dir/USB_DEVICE/App/usbd_desc.c.obj
 .ARM.attributes
                0x000004d0       0x2d CMakeFiles/UltrasonicWave.elf.dir/USB_DEVICE/Target/usbd_conf.c.obj
 .ARM.attributes
                0x000004fd       0x1d c:/progra~2/armgnu~1/12dbab~1.2re/bin/../lib/gcc/arm-none-eabi/12.2.1/thumb/v7-m/nofp\libgcc.a(_arm_addsubdf3.o)
 .ARM.attributes
                0x0000051a       0x1d c:/progra~2/armgnu~1/12dbab~1.2re/bin/../lib/gcc/arm-none-eabi/12.2.1/thumb/v7-m/nofp\libgcc.a(_arm_muldivdf3.o)
 .ARM.attributes
                0x00000537       0x1d c:/progra~2/armgnu~1/12dbab~1.2re/bin/../lib/gcc/arm-none-eabi/12.2.1/thumb/v7-m/nofp\libgcc.a(_arm_addsubsf3.o)
 .ARM.attributes
                0x00000554       0x2d c:/progra~2/armgnu~1/12dbab~1.2re/bin/../lib/gcc/arm-none-eabi/12.2.1/thumb/v7-m/nofp\libg.a(libc_a-findfp.o)
 .ARM.attributes
                0x00000581       0x2d c:/progra~2/armgnu~1/12dbab~1.2re/bin/../lib/gcc/arm-none-eabi/12.2.1/thumb/v7-m/nofp\libg.a(libc_a-fwalk.o)
 .ARM.attributes
                0x000005ae       0x2d c:/progra~2/armgnu~1/12dbab~1.2re/bin/../lib/gcc/arm-none-eabi/12.2.1/thumb/v7-m/nofp\libg.a(libc_a-sprintf.o)
 .ARM.attributes
                0x000005db       0x2d c:/progra~2/armgnu~1/12dbab~1.2re/bin/../lib/gcc/arm-none-eabi/12.2.1/thumb/v7-m/nofp\libg.a(libc_a-stdio.o)
 .ARM.attributes
                0x00000608       0x2d c:/progra~2/armgnu~1/12dbab~1.2re/bin/../lib/gcc/arm-none-eabi/12.2.1/thumb/v7-m/nofp\libg.a(libc_a-memset.o)
 .ARM.attributes
                0x00000635       0x2d c:/progra~2/armgnu~1/12dbab~1.2re/bin/../lib/gcc/arm-none-eabi/12.2.1/thumb/v7-m/nofp\libg.a(libc_a-closer.o)
 .ARM.attributes
                0x00000662       0x2d c:/progra~2/armgnu~1/12dbab~1.2re/bin/../lib/gcc/arm-none-eabi/12.2.1/thumb/v7-m/nofp\libg.a(libc_a-reent.o)
 .ARM.attributes
                0x0000068f       0x2d c:/progra~2/armgnu~1/12dbab~1.2re/bin/../lib/gcc/arm-none-eabi/12.2.1/thumb/v7-m/nofp\libg.a(libc_a-impure.o)
 .ARM.attributes
                0x000006bc       0x2d c:/progra~2/armgnu~1/12dbab~1.2re/bin/../lib/gcc/arm-none-eabi/12.2.1/thumb/v7-m/nofp\libg.a(libc_a-lseekr.o)
 .ARM.attributes
                0x000006e9       0x2d c:/progra~2/armgnu~1/12dbab~1.2re/bin/../lib/gcc/arm-none-eabi/12.2.1/thumb/v7-m/nofp\libg.a(libc_a-readr.o)
 .ARM.attributes
                0x00000716       0x2d c:/progra~2/armgnu~1/12dbab~1.2re/bin/../lib/gcc/arm-none-eabi/12.2.1/thumb/v7-m/nofp\libg.a(libc_a-writer.o)
 .ARM.attributes
                0x00000743       0x2d c:/progra~2/armgnu~1/12dbab~1.2re/bin/../lib/gcc/arm-none-eabi/12.2.1/thumb/v7-m/nofp\libg.a(libc_a-errno.o)
 .ARM.attributes
                0x00000770       0x2d c:/progra~2/armgnu~1/12dbab~1.2re/bin/../lib/gcc/arm-none-eabi/12.2.1/thumb/v7-m/nofp\libg.a(libc_a-init.o)
 .ARM.attributes
                0x0000079d       0x2d c:/progra~2/armgnu~1/12dbab~1.2re/bin/../lib/gcc/arm-none-eabi/12.2.1/thumb/v7-m/nofp\libg.a(libc_a-lock.o)
 .ARM.attributes
                0x000007ca       0x2d c:/progra~2/armgnu~1/12dbab~1.2re/bin/../lib/gcc/arm-none-eabi/12.2.1/thumb/v7-m/nofp\libg.a(libc_a-strlen-stub.o)
 .ARM.attributes
                0x000007f7       0x2d c:/progra~2/armgnu~1/12dbab~1.2re/bin/../lib/gcc/arm-none-eabi/12.2.1/thumb/v7-m/nofp\libg.a(libc_a-__call_atexit.o)
 .ARM.attributes
                0x00000824       0x2d c:/progra~2/armgnu~1/12dbab~1.2re/bin/../lib/gcc/arm-none-eabi/12.2.1/thumb/v7-m/nofp\libg.a(libc_a-atexit.o)
 .ARM.attributes
                0x00000851       0x2d c:/progra~2/armgnu~1/12dbab~1.2re/bin/../lib/gcc/arm-none-eabi/12.2.1/thumb/v7-m/nofp\libg.a(libc_a-freer.o)
 .ARM.attributes
                0x0000087e       0x2d c:/progra~2/armgnu~1/12dbab~1.2re/bin/../lib/gcc/arm-none-eabi/12.2.1/thumb/v7-m/nofp\libg.a(libc_a-mallocr.o)
 .ARM.attributes
                0x000008ab       0x2d c:/progra~2/armgnu~1/12dbab~1.2re/bin/../lib/gcc/arm-none-eabi/12.2.1/thumb/v7-m/nofp\libg.a(libc_a-mlock.o)
 .ARM.attributes
                0x000008d8       0x2d c:/progra~2/armgnu~1/12dbab~1.2re/bin/../lib/gcc/arm-none-eabi/12.2.1/thumb/v7-m/nofp\libg.a(libc_a-svfprintf.o)
 .ARM.attributes
                0x00000905       0x2d c:/progra~2/armgnu~1/12dbab~1.2re/bin/../lib/gcc/arm-none-eabi/12.2.1/thumb/v7-m/nofp\libg.a(libc_a-fclose.o)
 .ARM.attributes
                0x00000932       0x2d c:/progra~2/armgnu~1/12dbab~1.2re/bin/../lib/gcc/arm-none-eabi/12.2.1/thumb/v7-m/nofp\libg.a(libc_a-fflush.o)
 .ARM.attributes
                0x0000095f       0x2d c:/progra~2/armgnu~1/12dbab~1.2re/bin/../lib/gcc/arm-none-eabi/12.2.1/thumb/v7-m/nofp\libg.a(libc_a-strncpy.o)
 .ARM.attributes
                0x0000098c       0x2d c:/progra~2/armgnu~1/12dbab~1.2re/bin/../lib/gcc/arm-none-eabi/12.2.1/thumb/v7-m/nofp\libg.a(libc_a-locale.o)
 .ARM.attributes
                0x000009b9       0x2d c:/progra~2/armgnu~1/12dbab~1.2re/bin/../lib/gcc/arm-none-eabi/12.2.1/thumb/v7-m/nofp\libg.a(libc_a-localeconv.o)
 .ARM.attributes
                0x000009e6       0x2d c:/progra~2/armgnu~1/12dbab~1.2re/bin/../lib/gcc/arm-none-eabi/12.2.1/thumb/v7-m/nofp\libg.a(libc_a-sbrkr.o)
 .ARM.attributes
                0x00000a13       0x2d c:/progra~2/armgnu~1/12dbab~1.2re/bin/../lib/gcc/arm-none-eabi/12.2.1/thumb/v7-m/nofp\libg.a(libc_a-fini.o)
 .ARM.attributes
                0x00000a40       0x2d c:/progra~2/armgnu~1/12dbab~1.2re/bin/../lib/gcc/arm-none-eabi/12.2.1/thumb/v7-m/nofp\libg.a(libc_a-sysconf.o)
 .ARM.attributes
                0x00000a6d       0x2d c:/progra~2/armgnu~1/12dbab~1.2re/bin/../lib/gcc/arm-none-eabi/12.2.1/thumb/v7-m/nofp\libg.a(libc_a-memchr-stub.o)
 .ARM.attributes